0 fffffed1 trap_CG_RegisterSharedMemory
0 fffffed2 trap_G2API_SetNewOrigin
0 fffffed3 trap_G2API_SetSurfaceOnOff
0 fffffed4 trap_G2API_SetRootSurface
0 fffffed5 trap_G2API_SetBoltInfo
0 fffffed6 trap_G2API_AddBolt
0 fffffed7 trap_G2API_RemoveGhoul2Model
0 fffffed8 trap_G2API_HasGhoul2ModelOnIndex
0 fffffed9 trap_G2API_DuplicateGhoul2Instance
0 fffffeda trap_G2API_CopySpecificGhoul2Model
0 fffffedb trap_G2API_CopyGhoul2Instance
0 fffffedc trap_G2API_GetGLAName
0 fffffedd trap_G2API_SetBoneAnim
0 fffffede trap_G2API_SetBoneAngles
0 fffffedf trap_G2API_CleanGhoul2Models
0 fffffee0 trap_G2API_CollisionDetect
0 fffffee1 trap_G2API_InitGhoul2Model
0 fffffee2 trap_G2API_GetBoltMatrix_NoRecNoRot
0 fffffee3 trap_G2API_GetBoltMatrix_NoReconstruct
0 fffffee4 trap_G2API_GetBoltMatrix
0 fffffee5 trap_G2API_GiveMeVectorFromMatrix
0 fffffee6 trap_G2_HaveWeGhoul2Models
0 fffffee7 trap_G2_SetGhoul2ModelIndexes
0 fffffee8 trap_G2_ListModelBones
0 fffffee9 trap_G2_ListModelSurfaces
0 fffffeea trap_ROFF_Purge_Ent
0 fffffeeb trap_ROFF_Play
0 fffffeec trap_ROFF_Cache
0 fffffeed trap_ROFF_UpdateEntities
0 fffffeee trap_ROFF_Clean
0 fffffeef trap_SP_Register
0 fffffef0 trap_SP_GetStringTextString
0 fffffef1 trap_SP_Print
0 fffffef2 trap_FX_AddSprite
0 fffffef3 trap_FX_AddPrimitive
0 fffffef4 trap_FX_AddBezier
0 fffffef5 trap_FX_AddPoly
0 fffffef6 trap_FX_AdjustTime
0 fffffef7 trap_FX_FreeSystem
0 fffffef8 trap_FX_InitSystem
0 fffffef9 trap_FX_AddScheduledEffects
0 fffffefa trap_FX_PlayBoltedEffectID
0 fffffefb trap_FX_PlayEntityEffectID
0 fffffefc trap_FX_PlayEffectID
0 fffffefd trap_FX_PlaySimpleEffectID
0 fffffefe trap_FX_PlayEntityEffect
0 fffffeff trap_FX_PlayEffect
0 ffffff00 trap_FX_PlaySimpleEffect
0 ffffff01 trap_FX_RegisterEffect
0 ffffff02 trap_R_inPVS
0 ffffff03 trap_GetEntityToken
0 ffffff04 trap_CIN_SetExtents
0 ffffff05 trap_CIN_DrawCinematic
0 ffffff06 trap_CIN_RunCinematic
0 ffffff07 trap_CIN_StopCinematic
0 ffffff08 trap_CIN_PlayCinematic
0 ffffff09 trap_SnapVector
0 ffffff0a trap_RealTime
0 ffffff0b trap_S_StopBackgroundTrack
0 ffffff0c trap_PC_RemoveAllGlobalDefines
0 ffffff0d trap_PC_LoadGlobalDefines
0 ffffff0e trap_PC_SourceFileAndLine
0 ffffff0f trap_PC_ReadToken
0 ffffff10 trap_PC_FreeSource
0 ffffff11 trap_PC_LoadSource
0 ffffff12 trap_PC_AddGlobalDefine
0 ffffff13 trap_Key_GetKey
0 ffffff14 trap_Key_SetCatcher
0 ffffff15 trap_Key_GetCatcher
0 ffffff16 trap_Key_IsDown
0 ffffff17 trap_MemoryRemaining
0 ffffff1a trap_OpenUIMenu
0 ffffff1b trap_SetClientTurnExtent
0 ffffff1c trap_SetClientForceAngle
0 ffffff1d trap_SetUserCmdValue
0 ffffff1e trap_GetUserCmd
0 ffffff1f trap_GetCurrentCmdNumber
0 ffffff20 trap_GetServerCommand
0 ffffff21 trap_GetSnapshot
0 ffffff22 trap_GetCurrentSnapshotNumber
0 ffffff23 trap_GetGameState
0 ffffff24 trap_GetGlconfig
0 ffffff25 trap_FX_AddLine
0 ffffff26 trap_R_GetBModelVerts
0 ffffff27 trap_R_SetLightStyle
0 ffffff28 trap_R_GetLightStyle
0 ffffff29 trap_R_RemapShader
0 ffffff2a trap_R_DrawRotatePic2
0 ffffff2b trap_R_DrawRotatePic
0 ffffff2c trap_R_LerpTag
0 ffffff2d trap_R_ModelBounds
0 ffffff2e trap_R_DrawStretchPic
0 ffffff2f trap_R_SetColor
0 ffffff30 trap_R_RenderScene
0 ffffff31 trap_R_AddAdditiveLightToScene
0 ffffff32 trap_R_AddLightToScene
0 ffffff33 trap_R_LightForPoint
0 ffffff34 trap_R_AddPolysToScene
0 ffffff35 trap_R_AddPolyToScene
0 ffffff36 trap_R_AddRefEntityToScene
0 ffffff37 trap_R_ClearScene
0 ffffff8e asin
0 ffffff8f acos
0 ffffff90 ceil
0 ffffff91 floor
0 ffffff92 perpendicularvector
0 ffffff93 anglevectors
0 ffffff94 matrixmultiply
0 ffffff95 sqrt
0 ffffff96 atan2
0 ffffff97 cos
0 ffffff98 sin
0 ffffff99 strncpy
0 ffffff9a memcpy
0 ffffff9b memset
0 ffffffc9 trap_AnyLanguage_ReadCharFromString
0 ffffffca trap_Language_UsesSpaces
0 ffffffcb trap_Language_IsAsian
0 ffffffcc trap_R_Font_DrawString
0 ffffffcd trap_R_Font_HeightPixels
0 ffffffce trap_R_Font_StrLenChars
0 ffffffcf trap_R_Font_StrLenPixels
0 ffffffd0 trap_R_RegisterFont
0 ffffffd1 trap_R_RegisterShaderNoMip
0 ffffffd2 trap_R_RegisterShader
0 ffffffd3 trap_R_RegisterSkin
0 ffffffd4 trap_R_RegisterModel
0 ffffffd5 trap_R_LoadWorldMap
0 ffffffd6 trap_S_StartBackgroundTrack
0 ffffffd7 trap_S_RegisterSound
0 ffffffd8 trap_S_Respatialize
0 ffffffd9 trap_S_StopLoopingSound
0 ffffffda trap_S_AddRealLoopingSound
0 ffffffdb trap_S_UpdateEntityPosition
0 ffffffdc trap_S_AddLoopingSound
0 ffffffdd trap_S_ClearLoopingSounds
0 ffffffde trap_S_StartLocalSound
0 ffffffdf trap_S_StartSound
0 ffffffe0 trap_S_MuteSound
0 ffffffe1 trap_CM_MarkFragments
0 ffffffe2 trap_CM_TransformedCapsuleTrace
0 ffffffe3 trap_CM_TransformedBoxTrace
0 ffffffe4 trap_CM_CapsuleTrace
0 ffffffe5 trap_CM_BoxTrace
0 ffffffe6 trap_CM_TransformedPointContents
0 ffffffe7 trap_CM_PointContents
0 ffffffe8 trap_CM_TempCapsuleModel
0 ffffffe9 trap_CM_TempBoxModel
0 ffffffea trap_CM_InlineModel
0 ffffffeb trap_CM_NumInlineModels
0 ffffffec trap_CM_LoadMap
0 ffffffed trap_UpdateScreen
0 ffffffee trap_SendClientCommand
0 ffffffef trap_RemoveCommand
0 fffffff0 trap_AddCommand
0 fffffff1 trap_SendConsoleCommand
0 fffffff2 trap_FS_FCloseFile
0 fffffff3 trap_FS_Write
0 fffffff4 trap_FS_Read
0 fffffff5 trap_FS_FOpenFile
0 fffffff6 trap_Args
0 fffffff7 trap_Argv
0 fffffff8 trap_Argc
0 fffffff9 trap_Cvar_VariableStringBuffer
0 fffffffa trap_Cvar_Set
0 fffffffb trap_Cvar_Update
0 fffffffc trap_Cvar_Register
0 fffffffd trap_Milliseconds
0 fffffffe trap_Error
0 ffffffff trap_Print
0        0 vmMain
0      122 C_PointContents
0      138 C_GetLerpOrigin
0      14a C_GetLerpAngles
0      15c C_GetModelScale
0      16e C_Trace
0      19a C_GetBoltPos
0      20d C_ImpactMark
0      24c CG_RegisterCvars
0      332 CG_ForceModelChange
0      368 CG_UpdateCvars
0      3bb CG_CrosshairPlayer
0      3d4 CG_LastAttacker
0      3e5 CG_Printf
0      3fe CG_Error
0      417 Com_Error
0      432 Com_Printf
0      44d CG_Argv
0      45c CG_RegisterItemSounds
0      4f5 CG_RegisterSounds
0      a8e CG_RegisterEffects
0      abc CG_RegisterGraphics
0     1119 CG_GetStripEdString
0     1149 CG_BuildSpectatorString
0     119d CG_RegisterClients
0     11e8 CG_ConfigString
0     1209 CG_StartMusic
0     124c CG_GetMenuBuffer
0     12b0 CG_Asset_Parse
0     154f CG_ParseMenu
0     15ba CG_Load_Menu
0     160a CG_OwnerDrawHandleKey
0     160f CG_FeederCount
0     166b CG_SetScoreSelection
0     1702 CG_InfoFromScoreIndex
0     1755 CG_FeederItemText
0     18d3 CG_FeederItemImage
0     18d8 CG_FeederSelection
0     1923 CG_Cvar_Get
0     1942 CG_Text_PaintWithCursor
0     1966 CG_OwnerDrawWidth
0     19f7 CG_PlayCinematic
0     1a16 CG_StopCinematic
0     1a1f CG_DrawCinematic
0     1a3e CG_RunCinematicFrame
0     1a47 CG_LoadHudMenu
0     1ae8 CG_AssetCache
0     1b95 CG_Init_CG
0     1ba1 CG_Init_CGents
0     1bad CG_InitItems
0     1bb9 CG_Init
0     1f82 CG_Shutdown
0     1f8e CG_NextForcePower_f
0     1fd2 CG_PrevForcePower_f
0     2016 CG_NextInventory_f
0     2060 CG_PrevInventory_f
0     20aa CG_TargetCommand_f
0     20dc CG_SizeUp_f
0     20f2 CG_SizeDown_f
0     2108 CG_Viewpos_f
0     2122 CG_ScoresDown_f
0     2147 CG_ScoresUp_f
0     2155 CG_scrollScoresDown_f
0     217e CG_scrollScoresUp_f
0     21a7 CG_spWin_f
0     21dc CG_spLose_f
0     2211 CG_TellTarget_f
0     223c CG_TellAttacker_f
0     2267 CG_VoiceTellTarget_f
0     2292 CG_VoiceTellAttacker_f
0     22bd CG_NextTeamMember_f
0     22c3 CG_PrevTeamMember_f
0     22c9 CG_NextOrder_f
0     233c CG_ConfirmOrder_f
0     236c CG_DenyOrder_f
0     238d CG_TaskOffense_f
0     23c4 CG_TaskDefense_f
0     23e3 CG_TaskPatrol_f
0     2402 CG_TaskCamp_f
0     2421 CG_TaskFollow_f
0     2440 CG_TaskRetrieve_f
0     245f CG_TaskEscort_f
0     247e CG_TaskOwnFlag_f
0     248f CG_TauntKillInsult_f
0     2497 CG_TauntPraise_f
0     249f CG_TauntTaunt_f
0     24a7 CG_TauntDeathInsult_f
0     24af CG_TauntGauntlet_f
0     24b7 CG_TaskSuicide_f
0     24d9 CG_StartOrbit_f
0     2521 CG_ConsoleCommand
0     255f CG_InitConsoleCommands
0     2685 MenuFontToHandle
0     26ac CG_Text_Width
0     26ca CG_Text_Height
0     26e5 CG_Text_Paint
0     2755 CG_DrawZoomMask
0     2aad CG_Draw3DModel
0     2b1b CG_DrawHead
0     2b54 CG_DrawFlagModel
0     2c39 DrawAmmo
0     2c42 CG_DrawHUDLeftFrame1
0     2c62 CG_DrawHUDLeftFrame2
0     2c82 DrawHealthArmor
0     2ee8 CG_DrawHealth
0     2f8f CG_DrawArmor
0     30d6 CG_DrawHUDRightFrame1
0     30f6 CG_DrawHUDRightFrame2
0     3116 CG_DrawAmmo
0     327c CG_DrawForcePower
0     3318 CG_DrawHUD
0     35be ForcePower_Valid
0     35eb CG_DrawForceSelect
0     383f CG_DrawInvenSelect
0     3ada CG_DrawStats
0     3aee CG_DrawTeamBackground
0     3b2b CG_DrawMiniScoreboard
0     3bb8 CG_DrawEnemyInfo
0     3dd2 CG_DrawSnapshot
0     3e12 CG_DrawFPS
0     3e9f CG_DrawTimer
0     3f07 CG_DrawTeamOverlay
0     4246 CG_DrawPowerupIcons
0     432a CG_DrawUpperRight
0     4396 CG_AddLagometerFrameInfo
0     43b6 CG_AddLagometerSnapshotInfo
0     43f9 CG_DrawDisconnect
0     44d2 CG_DrawLagometer
0     46e1 CG_CenterPrint
0     471f CG_DrawCenterString
0     4801 CG_DrawCrosshair
0     4a13 CG_WorldCoordToScreenCoordFloat
0     4abc CG_WorldCoordToScreenCoord
0     4add CG_SaberClashFlare
0     4baf CG_DrawHolocronIcons
0     4c39 CG_IsDurationPower
0     4c62 CG_DrawActivePowers
0     4d28 CG_DrawRocketLocking
0     4ee0 CG_ScanForCrosshairEntity
0     502f CG_DrawCrosshairNames
0     50d8 CG_DrawSpectator
0     52e6 CG_DrawVote
0     5357 CG_DrawTeamVote
0     54a7 CG_DrawScoreboard
0     54b1 CG_DrawIntermission
0     54c0 CG_DrawFollow
0     554b CG_DrawAmmoWarning
0     554e CG_DrawWarmup
0     5766 CG_DrawTimedMenus
0     5787 CG_DrawFlagStatus
0     5859 CG_Draw2D
0     5e69 CG_DrawTourneyScoreboard
0     5e6c CG_DrawActive
0     5ef7 CG_DrawRect
0     5f29 CG_GetColorForHealth
0     5fc7 CG_DrawSides
0     601d CG_DrawTopBottom
0     6073 CG_FillRect2
0     60a2 CG_FillRect
0     60d1 CG_DrawPic
0     60f8 CG_DrawRotatePic
0     6122 CG_DrawRotatePic2
0     614c CG_DrawChar
0     61b3 CG_DrawStringExt
0     62c7 CG_DrawBigString
0     62ff CG_DrawBigStringColor
0     6325 CG_DrawSmallString
0     6359 CG_DrawSmallStringColor
0     637a CG_DrawStrlen
0     63c6 CG_TileClearBox
0     640d CG_TileClear
0     64a4 CG_FadeColor
0     64e8 CG_ColorForGivenHealth
0     6537 CG_ColorForHealth
0     659c CG_DrawNumField
0     67cc UI_DrawProportionalString
0     6855 UI_DrawScaledProportionalString
0     68cc CG_BubbleTrail
0     6a6a CG_SmokePuff
0     6bcd CG_TestLine
0     6c9e CG_ThrowChunk
0     6d51 CG_DoGlassQuad
0     6ebe CG_CalcBiLerp
0     74bb CG_CalcHeightWidth
0     7668 CG_InitGlass
0     76bf Vector2Set
0     76ce CG_DoGlass
0     794a CG_GlassShatter
0     7982 CG_GlassShatter_Old
0     7b18 CG_CreateDebris
0     7ddb CG_ScorePlum
0     7ea3 CG_ExplosionEffects
0     7ee9 CG_MakeExplosion
0     80a8 CG_SurfaceExplosion
0     834d CG_Bleed
0     83b4 CG_LaunchGib
0     8433 CG_PositionEntityOnTag
0     8507 CG_PositionRotatedEntityOnTag
0     85d8 CG_SetEntitySoundPosition
0     8635 CG_EntityEffects
0     8729 FX_AddOrientedLine
0     87f1 FX_DrawPortableShield
0     8905 CG_Special
0     8928 CG_SetGhoul2Info
0     8951 CG_CreateBBRefEnts
0     8954 G2_BoltToGhoul2Model
0     8a05 ScaleModelAxis
0     8b0d CG_General
0     991d CG_Speaker
0     998e CG_GreyItem
0     99bb CG_Item
0     a093 CG_Missile
0     a454 CG_Mover
0     a4ce CG_Beam
0     a502 CG_Portal
0     a579 CG_AdjustPositionForMover
0     a630 LerpBoneAngleOverrides
0     a633 CG_InterpolateEntityPosition
0     a6f9 CG_CalcEntityLerpPositions
0     a79e CG_TeamBase
0     a7f5 CG_AddCEntity
0     a8b0 CG_ManualEntityRender
0     a8b9 CG_AddPacketEntities
0     a9a2 CG_ROFF_NotetrackCallback
0     ac7c CG_PlaceString
0     ad98 CG_Obituary
0     b0f9 CG_ToggleBinoculars
0     b163 CG_UseItem
0     b216 CG_ItemPickup
0     b331 CG_PainEvent
0     b38c CG_ReattachLimb
0     b414 CG_BodyQueueCopy
0     b5f2 CG_TeamName
0     b60f CG_PrintCTFMessage
0     b72b CG_GetCTFMessageEvent
0     b76c DoFall
0     b83a CG_InClientBitflags
0     b889 CG_EntityEvent
0     d21e CG_CheckEvents
0     d2b4 CG_LoadingString
0     d2c4 CG_LoadingItem
0     d2df CG_LoadingClient
0     d30c CG_DrawInformation
0     d9a7 CG_LoadBar
0     da65 CG_ClearLightStyles
0     da87 CG_RunLightStyles
0     db51 CG_SetLightstyle
0     dbdc CG_InitLocalEntities
0     dc12 CG_FreeLocalEntity
0     dc4b CG_AllocLocalEntity
0     dc89 CG_BloodTrail
0     dcfe CG_FragmentBounceMark
0     dda1 CG_FragmentBounceSound
0     ddba CG_ReflectVelocity
0     deb0 CG_AddFragment
0     e02b CG_AddFadeRGB
0     e0fd CG_AddFadeScaleModel
0     e2b4 CG_AddMoveScaleFade
0     e39f CG_AddPuff
0     e4ab CG_AddScaleFade
0     e544 CG_AddFallScaleFade
0     e5f6 CG_AddExplosion
0     e667 CG_AddSpriteExplosion
0     e733 CG_AddRefEntity
0     e74e CG_AddScorePlum
0     e984 CG_AddOLine
0     eaa8 CG_AddLine
0     eabb CG_AddLocalEntities
0     eb6b CG_InitMarkPolys
0     eba1 CG_FreeMarkPoly
0     ebda CG_AllocMark
0     ec31 CG_ImpactMark
0     ef0b CG_AddMarks
0     f1d5 CG_ClearParticles
0     f278 CG_AddParticleToScene
0    10a94 CG_AddParticles
0    10c99 CG_ParticleSnowFlurry
0    10e35 CG_ParticleSnow
0    10f8b CG_ParticleBubble
0    1110a CG_ParticleSmoke
0    11209 CG_ParticleBulletDebris
0    112ca CG_ParticleExplosion
0    113d5 CG_AddParticleShrapnel
0    113d8 CG_NewParticleArea
0    11519 CG_SnowLink
0    1155f CG_ParticleImpactSmokePuff
0    11642 CG_Particle_Bleed
0    11726 CG_Particle_OilParticle
0    11828 CG_Particle_OilSlick
0    11969 CG_OilSlickRemove
0    119b4 ValidBloodPool
0    11aba CG_BloodPool
0    11bb3 CG_ParticleBloodCloud
0    11cef CG_ParticleSparks
0    11e65 CG_ParticleDust
0    1206b CG_ParticleMisc
0    1210b CG_CustomSound
0    12179 CG_NeedAnimSequence
0    121ae CG_IsValidCharacterModel
0    1222b CG_ParseSurfsFile
0    12346 CG_RegisterClientModelname
0    12905 CG_ColorFromString
0    12969 CG_LoadClientInfo
0    12c5b CG_CopyClientInfoModel
0    12d8a CG_ScanForExistingClientInfo
0    12f77 CG_SetDeferredClientInfo
0    130a1 CG_NewClientInfo
0    134bb CG_ActualLoadDeferredPlayers
0    13503 CG_LoadDeferredPlayers
0    13509 CG_InRoll
0    13533 CG_InRollAnim
0    13555 CG_SetLerpFrameAnimation
0    13a46 CG_FirstAnimFrame
0    13a89 CG_InWalkingAnim
0    13ae0 CG_FootstepForSurface
0    13b7a CG_FootStep
0    13bf8 CG_RunLerpFrame
0    140af CG_ClearLerpFrame
0    140f4 CG_PlayerAnimation
0    141da CG_SwingAngles
0    142e4 CG_SwingAnglesATST
0    14415 CG_AddPainTwitch
0    1445c CG_G2SetBoneAngles
0    14493 CG_G2ClientSpineAngles
0    1475b CG_G2PlayerAngles
0    15063 CG_HasteTrail
0    150e0 CG_PlayerFlag
0    151fd CG_PlayerPowerups
0    152cb CG_PlayerFloatSprite
0    15317 CG_PlayerSprites
0    15370 CG_PlayerShadow
0    1542d CG_PlayerSplash
0    15520 CG_ForcePushBlur
0    1561f CG_ForceGripEffect
0    1573c CG_AddRefEntityWithPowerups
0    157aa CG_PlayerShieldHit
0    1581e CG_DrawPlayerShield
0    158d2 CG_PlayerHitFX
0    158fd CG_LightVerts
0    15a2d CG_DoSaber
0    15c4e CG_GetTagWorldPosition
0    15d17 CG_CreateSaberMarks
0    16016 CG_G2TraceCollide
0    160d5 CG_G2SaberEffects
0    1613f CG_AddSaberBlade
0    167ca CG_IsMindTricked
0    1681c CG_DrawPlayerSphere
0    168b9 CG_AddLightningBeam
0    16a5c CG_AddRandomLightning
0    16b52 CG_ThereIsAMaster
0    16b7d CG_FootStepGeneric
0    16be3 CG_G2EntSetLerpFrameAnimation
0    16e82 CG_G2EntRunLerpFrame
0    1731b CG_G2EntAnimation
0    173cf CG_G2AnimEntSpineAngles
0    17532 CG_G2AnimEntAngles
0    17931 CG_DrawNoForceSphere
0    179fd CG_G2Animated
0    17dca CG_Player
0    19d4f CG_ResetPlayerEntity
0    19eb4 CG_CheckAmmo
0    19eb7 CG_DamageFeedback
0    19ffa CG_Respawn
0    1a00b CG_CheckPlayerstateEvents
0    1a0ed CG_CheckChangedPredictableEvents
0    1a17a CG_CheckLocalSounds
0    1a372 CG_TransitionPlayerState
0    1a428 CG_BuildSolidList
0    1a4b7 CG_ClipMoveToEntities
0    1a5c8 CG_Trace
0    1a60c CG_PointContents
0    1a67c CG_InterpolatePlayerState
0    1a7b1 CG_TouchItem
0    1a8a3 CG_TouchTriggerPrediction
0    1a95a CG_EntityStateToPlayerState
0    1aaf4 CG_PredictPlayerState
0    1ae6f CGSagaGetValueGroup
0    1af6a CGSagaGetPairedValue
0    1b142 CG_InitSagaMode
0    1b1d5 CG_SagaRoundOver
0    1b2ac CG_SagaObjectiveCompleted
0    1b3cf CG_DrawClientScore
0    1b694 CG_TeamScoreboard
0    1b711 CG_GetTeamCount
0    1b753 CG_DrawOldScoreboard
0    1bd35 CG_ValidOrder
0    1bd67 CG_ParseScores
0    1bf9f CG_ParseTeamInfo
0    1c06e CG_ParseServerinfo
0    1c22b CG_ParseWarmup
0    1c24a CG_SetConfigValues
0    1c366 CG_ShaderStateChanged
0    1c41e CG_ConfigStringModified
0    1c6d5 CG_AddToTeamChat
0    1c854 CG_KillCEntityInstances
0    1c95d CG_MapRestart
0    1c9e7 CG_ParseVoiceChats
0    1cc4a CG_LoadVoiceChats
0    1ccac CG_HeadModelVoiceChats
0    1cd46 CG_GetVoiceChat
0    1cdba CG_VoiceChatListForClient
0    1cdd6 CG_PlayVoiceChat
0    1ce50 CG_PlayBufferedVoiceChats
0    1ce7e CG_AddBufferedVoiceChat
0    1cebd CG_VoiceChatLocal
0    1cf6f CG_VoiceChat
0    1d008 CG_RemoveChatEscapeChar
0    1d04e CG_CheckSVStripEdRef
0    1d17b CG_ServerCommand
0    1d49a CG_ExecuteNewServerCommands
0    1d4c1 CG_ResetEntity
0    1d505 CG_TransitionEntity
0    1d532 CG_SetInitialSnapshot
0    1d5f3 CG_TransitionSnapshot
0    1d6f9 CG_SetNextSnap
0    1d7e0 CG_ReadNextSnapshot
0    1d84f CG_ProcessSnapshots
0    1d8ff CreepToPosition
0    1dacc TurretClientRun
0    1ddce CG_TestModel_f
0    1de59 CG_TestGun_f
0    1de65 CG_TestModelNextFrame_f
0    1de7b CG_TestModelPrevFrame_f
0    1de98 CG_TestModelNextSkin_f
0    1deae CG_TestModelPrevSkin_f
0    1decb CG_AddTestModel
0    1df56 CG_CalcVrect
0    1dfc3 CG_StepOffset
0    1dfe5 CG_CalcIdealThirdPersonViewTarget
0    1e025 CG_CalcIdealThirdPersonViewLocation
0    1e05e CG_ResetThirdPersonViewDamp
0    1e0cb CG_UpdateThirdPersonTargetDamp
0    1e152 CG_UpdateThirdPersonCameraDamp
0    1e218 CG_OffsetThirdPersonView
0    1e33e CG_OffsetFirstPersonView
0    1e56b CG_ZoomDown_f
0    1e57b CG_ZoomUp_f
0    1e58b CG_CalcFOVFromX
0    1e5c6 CG_CalcFov
0    1e743 CG_DamageBlendBlob
0    1e98b CheckOutOfConstrict
0    1e9f6 CG_CalcViewValues
0    1eb1d CG_PowerupTimerSounds
0    1eb5d CG_AddBufferedSound
0    1eb87 CG_PlayBufferedSounds
0    1ebc0 CG_UpdateSoundTrackers
0    1ec19 CG_SE_UpdateShake
0    1ecfc CG_SE_UpdateMusic
0    1ed65 CG_CalcScreenEffects
0    1ed72 CGCam_Shake
0    1ed88 CGCam_SetMusicMult
0    1eda7 CG_DrawActiveFrame
0    1efc1 CG_RegisterWeapon
0    1fb0e CG_SetGhoul2InfoRef
0    1fb4b CG_RegisterItemVisuals
0    1fcad CG_MapTorsoToWeaponFrame
0    1fdaf CG_CalculateWeaponPosition
0    1fe94 CG_LightningBolt
0    1feb9 CG_AddWeaponWithPowerups
0    1fee8 CG_AddPlayerWeapon
0    203ed CG_AddViewWeapon
0    2059e CG_DrawIconBackground
0    20775 CG_WeaponCheck
0    207ae CG_WeaponSelectable
0    2080f CG_DrawWeaponSelect
0    20b5f CG_NextWeapon_f
0    20bc5 CG_PrevWeapon_f
0    20c2b CG_Weapon_f
0    20d37 CG_OutOfAmmoChange
0    20d80 CG_FireATST
0    20d9e CG_GetClientWeaponMuzzleBoltPoint
0    20e14 CG_FireWeapon
0    20fdc CG_MissileHitWall
0    210bc CG_MissileHitPlayer
0    211b5 CG_Tracer
0    213c2 CG_CalcMuzzlePoint
0    215b0 CG_InitG2Weapons
0    2163c CG_ShutDownG2Weapons
0    21656 CG_CopyG2WeaponInstance
0    2168d CG_CheckPlayerG2Weapons
0    217b1 FX_BlasterProjectileThink
0    217d3 FX_BlasterAltFireThink
0    217f5 FX_BlasterWeaponHitWall
0    21804 FX_BlasterWeaponHitPlayer
0    21825 FX_BowcasterProjectileThink
0    21847 FX_BowcasterHitWall
0    21856 FX_BowcasterHitPlayer
0    21865 FX_BowcasterAltProjectileThink
0    21887 FX_BryarProjectileThink
0    218a9 FX_BryarHitWall
0    218b8 FX_BryarHitPlayer
0    218d9 FX_BryarAltProjectileThink
0    2191b FX_BryarAltHitWall
0    2195f FX_BryarAltHitPlayer
0    21980 FX_TurretProjectileThink
0    219a2 FX_TurretHitWall
0    219b1 FX_TurretHitPlayer
0    219d2 FX_DEMP2_ProjectileThink
0    219f4 FX_DEMP2_HitWall
0    21a03 FX_DEMP2_HitPlayer
0    21a12 FX_DEMP2_AltBeam
0    21a15 FX_DEMP2_AltDetonate
0    21a87 FX_DisruptorMainShot
0    21abe FX_DisruptorAltShot
0    21b2b FX_DisruptorAltMiss
0    21c07 FX_DisruptorAltHit
0    21c16 FX_DisruptorHitWall
0    21c25 FX_DisruptorHitPlayer
0    21c34 FX_FlechetteProjectileThink
0    21c56 FX_FlechetteWeaponHitWall
0    21c65 FX_FlechetteWeaponHitPlayer
0    21c74 FX_FlechetteAltProjectileThink
0    21c96 FX_RepeaterProjectileThink
0    21cb8 FX_RepeaterHitWall
0    21cc7 FX_RepeaterHitPlayer
0    21cd6 FX_RepeaterAltProjectileThink
0    21cf8 FX_RepeaterAltHitWall
0    21d07 FX_RepeaterAltHitPlayer
0    21d16 FX_RocketProjectileThink
0    21d38 FX_RocketHitWall
0    21d47 FX_RocketHitPlayer
0    21d56 FX_RocketAltProjectileThink
0    21d78 FX_ForceDrained
0    21daf PM_SlideMove
0    2219f PM_StepSlideMove
0    224ee BG_InSpecialJump
0    22513 BG_InSaberStandAnim
0    22539 BG_DirectFlippingAnim
0    22558 BG_SaberInAttack
0    22585 BG_SaberInSpecial
0    225a2 BG_SaberInIdle
0    225bf BG_FlippingAnim
0    225fb BG_SpinningSaberAnim
0    226e5 BG_SaberInSpecialAttack
0    2271f BG_BrokenParryForAttack
0    2275d BG_BrokenParryForParry
0    227af BG_KnockawayForParry
0    227d8 BG_InRoll
0    227fe BG_InDeathAnim
0    22833 PM_SaberBounceForAttack
0    2286d PM_SaberDeflectionForQuad
0    228a6 PM_SaberInDeflect
0    228bb PM_SaberInParry
0    228d0 PM_SaberInKnockaway
0    228e5 PM_SaberInReflect
0    228fa PM_SaberInStart
0    2290f PM_SaberInReturn
0    22929 PM_InSaberAnim
0    22940 PM_InKnockDown
0    2296d PM_PainAnim
0    2298c PM_JumpingAnim
0    229ab PM_LandingAnim
0    229f2 PM_SpinningAnim
0    229ff PM_InOnGroundAnim
0    22a5c PM_InRollComplete
0    22a82 PM_AnimLength
0    22aaf PM_DebugLegsAnim
0    22afa BG_ParseAnimationFile
0    22c72 PM_StartLegsAnim
0    22cf7 PM_ContinueLegsAnim
0    22d17 PM_ForceLegsAnim
0    22d87 PM_StartTorsoAnim
0    22de2 PM_SetLegsAnimTimer
0    22e00 PM_SetTorsoAnimTimer
0    22e1e BG_SaberStartTransAnim
0    22e6d PM_SetAnimFinal
0    23085 PM_SetAnim
0    230fe PM_GetSaberStance
0    2311b PM_DoSlowFall
0    2313e PM_AddEvent
0    2314d PM_AddEventWithParm
0    2315d PM_AddTouchEnt
0    231b2 PM_ClipVelocity
0    2322b PM_Friction
0    23327 PM_Accelerate
0    233a3 PM_CmdScale
0    2343a PM_SetMovementDir
0    23586 PM_ForceJumpingUp
0    23645 PM_JumpForDir
0    236e8 PM_SetPMViewAngle
0    23729 PM_AdjustAngleForWallRun
0    2392d PM_CheckJump
0    24868 PM_CheckWaterJump
0    2494f PM_WaterJumpMove
0    24990 PM_WaterMove
0    24ac1 PM_FlyMove
0    24b7b PM_AirMove
0    24c3e PM_WalkMove
0    24ee0 PM_DeadMove
0    24f59 PM_NoclipMove
0    250cb PM_FootstepForSurface
0    250e4 PM_TryRoll
0    252e5 PM_CrashLand
0    255f6 PM_CorrectAllSolid
0    256dd PM_GroundTraceMissed
0    2586e PM_GroundTrace
0    25a01 PM_SetWaterLevel
0    25ace PM_CheckDuck
0    25ca4 PM_Use
0    25ced PM_RunningAnim
0    25d1b PM_Footsteps
0    260e9 PM_WaterEvents
0    26140 PM_BeginWeaponChange
0    261a6 PM_FinishWeaponChange
0    261f9 PM_DoChargedWeapons
0    266d3 PM_ItemUsable
0    268fe PM_Weapon
0    27252 PM_Animate
0    272bf PM_DropTimers
0    27349 PM_UpdateViewAngles
0    273ed PM_AdjustAttackStates
0    27765 BG_CmdForRoll
0    277ba BG_AdjustClientSpeed
0    27beb PmoveSingle
0    280d4 Pmove
0    28180 swapfunc
0    28207 med3
0    2828a qsort
0    28643 strlen
0    2865e strcat
0    286a1 strcpy
0    286d6 strcmp
0    2870f strchr
0    2872e strstr
0    28774 tolower
0    2878c toupper
0    287a4 memmove
0    287eb tan
0    28802 srand
0    28809 rand
0    2881e atof
0    288e3 _atof
0    289ae atoi
0    28a26 _atoi
0    28aa8 abs
0    28abd fabs
0    28ad2 AddInt
0    28bad AddFloat
0    28cbb AddString
0    28d52 vsprintf
0    28eea sscanf
0    28f55 BG_LegalizedForcePowers
0    29331 vectoyaw
0    2938b BG_HasYsalamiri
0    293ba BG_CanUseFPNow
0    2943c BG_FindItemForPowerup
0    29478 BG_FindItemForHoldable
0    294b2 BG_FindItemForWeapon
0    294e5 BG_FindItem
0    2950e BG_PlayerTouchesItem
0    2956e BG_ProperForceIndex
0    29591 BG_CycleForce
0    29669 BG_GetItemIndexByTag
0    29699 BG_CycleInven
0    29705 BG_CanItemBeGrabbed
0    2996b BG_EvaluateTrajectory
0    29b39 BG_EvaluateTrajectoryDelta
0    29c33 BG_AddPredictableEventToPlayerstate
0    29c6e BG_TouchJumpPad
0    29cd2 BG_PlayerStateToEntityState
0    29fe7 BG_PlayerStateToEntityStateExtraPolate
0    2a309 BG_SwingAngles
0    2a40e BG_AddPainTwitch
0    2a44f BG_G2PlayerAngles
0    2a5ec BG_Alloc
0    2a62c BG_AllocUnaligned
0    2a65f BG_TempAlloc
0    2a697 BG_TempFree
0    2a6c4 BG_StringAlloc
0    2a6e7 BG_OutOfMemory
0    2a6f9 PM_irand_timesync
0    2a72e BG_ForcePowerDrain
0    2a7ec PM_AttackMoveForQuad
0    2a821 PM_SaberAnimTransitionAnim
0    2a942 PM_SaberMoveQuadrantForMovement
0    2a9a7 PM_SaberInBounce
0    2a9cc PM_SaberInTransition
0    2a9e1 PM_SaberAttackChainAngle
0    2aa11 PM_SaberKataDone
0    2ab12 PM_SetAnimFrame
0    2ab1c PM_SaberLockBreak
0    2adf1 PM_SaberLocked
0    2b015 PM_SaberInBrokenParry
0    2b03a PM_BrokenParryForParry
0    2b07c PM_CanBackstab
0    2b0fd PM_SaberFlipOverAttackMove
0    2b1fe PM_SomeoneInFront
0    2b28e PM_SaberLungeAttackMove
0    2b2d8 PM_SaberJumpAttackMove
0    2b345 PM_GroundDistance
0    2b3ae PM_SaberAttackForMovement
0    2b508 PM_WeaponLightsaber
0    2bd9e PM_SetSaberMove
0    2c036 Q_rand
0    2c04b Q_random
0    2c05d Q_crandom
0    2c06e VectorCompare
0    2c0a6 VectorLength
0    2c0d9 VectorLengthSquared
0    2c105 Distance
0    2c146 DistanceSquared
0    2c194 VectorNormalizeFast
0    2c1f3 VectorInverse
0    2c21b CrossProduct
0    2c294 ClampChar
0    2c2ab ClampShort
0    2c2c2 DirToByte
0    2c31d ByteToDir
0    2c33b ColorBytes3
0    2c3aa ColorBytes4
0    2c43c NormalizeColor
0    2c4b2 PlaneFromPoints
0    2c570 RotatePointAroundVector
0    2c67b RotateAroundDirection
0    2c6bf vectoangles
0    2c77b AnglesToAxis
0    2c7b0 AxisClear
0    2c7e7 AxisCopy
0    2c80b ProjectPointOnPlane
0    2c8c6 MakeNormalVectors
0    2c971 VectorRotate
0    2ca0e Q_rsqrt
0    2ca45 Q_fabs
0    2ca55 LerpAngle
0    2ca86 AngleSubtract
0    2caab AnglesSubtract
0    2caf9 AngleMod
0    2cb0b AngleNormalize360
0    2cb19 AngleNormalize180
0    2cb34 AngleDelta
0    2cb44 SetPlaneSignbits
0    2cb71 BoxOnPlaneSide
0    2cf32 RadiusFromBounds
0    2cf85 ClearBounds
0    2cfbc AddPointToBounds
0    2d055 VectorNormalize
0    2d0c5 VectorNormalize2
0    2d153 _VectorMA
0    2d195 _DotProduct
0    2d1ca _VectorSubtract
0    2d203 _VectorAdd
0    2d23c _VectorCopy
0    2d263 _VectorScale
0    2d293 Vector4Scale
0    2d2d5 Q_log2
0    2d2f4 MatrixMultiply
0    2d4c9 AngleVectors
0    2d5c1 PerpendicularVector
0    2d62d Rand_Init
0    2d634 flrand
0    2d66f irand
0    2d6a1 powf
0    2d6c4 GetIDForString
0    2d709 GetStringForID
0    2d745 Com_Clamp
0    2d75f COM_SkipPath
0    2d783 COM_StripExtension
0    2d7b9 COM_DefaultExtension
0    2d801 ShortSwap
0    2d821 ShortNoSwap
0    2d82c LongSwap
0    2d85f LongNoSwap
0    2d865 Long64Swap
0    2d8a2 Long64NoSwap
0    2d8aa FloatSwap
0    2d8c0 FloatNoSwap
0    2d8c7 COM_BeginParseSession
0    2d8d9 COM_GetCurrentParseLine
0    2d8df COM_Parse
0    2d8ee COM_ParseError
0    2d90e COM_ParseWarning
0    2d92e SkipWhitespace
0    2d965 COM_Compress
0    2dab8 COM_ParseExt
0    2dc04 COM_ParseString
0    2dc25 COM_ParseInt
0    2dc52 COM_ParseFloat
0    2dc7f COM_ParseVec4
0    2dcac COM_MatchToken
0    2dcd5 SkipBracedSection
0    2dd13 SkipRestOfLine
0    2dd4b Parse1DMatrix
0    2dd8a Parse2DMatrix
0    2ddc5 Parse3DMatrix
0    2de0a Q_isprint
0    2de1f Q_islower
0    2de34 Q_isupper
0    2de49 Q_isalpha
0    2de6a Q_strrchr
0    2de9e Q_strncpyz
0    2ded9 Q_stricmpn
0    2df64 Q_strncmp
0    2dfb6 Q_stricmp
0    2dfde Q_strlwr
0    2e004 Q_strupr
0    2e02a Q_strcat
0    2e056 Q_PrintStrlen
0    2e0aa Q_CleanStr
0    2e114 Com_sprintf
0    2e153 va
0    2e180 Info_ValueForKey
0    2e260 Info_NextPair
0    2e2fe Info_RemoveKey
0    2e3ce Info_RemoveKey_Big
0    2e49e Info_Validate
0    2e4c5 Info_SetValueForKey
0    2e595 Info_SetValueForKey_Big
0    2e65d Q_irand
0    2e675 UI_Alloc
0    2e6af UI_InitMemory
0    2e6b8 UI_OutOfMemory
0    2e6be hashForString
0    2e6fe String_Alloc
0    2e7d7 String_Report
0    2e820 String_Init
0    2e864 PC_SourceWarning
0    2e894 PC_SourceError
0    2e8c4 LerpColor
0    2e91f Float_Parse
0    2e94b PC_Float_Parse
0    2e9a0 Color_Parse
0    2e9cd PC_Color_Parse
0    2e9fa Int_Parse
0    2ea26 PC_Int_Parse
0    2ea7e Rect_Parse
0    2eac5 PC_Rect_Parse
0    2eb0c String_Parse
0    2eb38 PC_String_Parse
0    2ebad PC_Script_Parse
0    2ec2f Init_Display
0    2ec36 GradientBar_Paint
0    2ec7c Window_Init
0    2ecb8 Fade
0    2ed29 Window_Paint
0    2f073 Item_SetScreenCoords
0    2f107 Item_UpdatePosition
0    2f15a Menu_UpdatePosition
0    2f1b1 Menu_PostParse
0    2f1dd Menu_ClearFocus
0    2f260 IsVisible
0    2f283 Rect_ContainsPoint
0    2f2c8 Menu_ItemsMatchingGroup
0    2f324 Menu_GetMatchingItemByNumber
0    2f391 Script_SetColor
0    2f42b Script_SetAsset
0    2f444 Script_SetBackground
0    2f466 Menu_FindItemByName
0    2f4b5 Script_SetTeamColor
0    2f4ea Script_SetItemColor
0    2f5c3 Script_SetItemRect
0    2f641 Menu_ShowItemByName
0    2f6b3 Menu_FadeItemByName
0    2f72c Menus_FindByName
0    2f75d Menus_ShowByName
0    2f775 Menus_OpenByName
0    2f77e Menu_RunCloseScript
0    2f7ad Menus_CloseByName
0    2f80d Menus_CloseAll
0    2f843 Script_Show
0    2f863 Script_Hide
0    2f883 Script_FadeIn
0    2f8a3 Script_FadeOut
0    2f8c3 Script_Open
0    2f8db Script_Close
0    2f905 Menu_TransitionItemByName
0    2f9f0 Script_Defer
0    2fa17 Script_RunDeferred
0    2fa31 Script_Transition
0    2fa93 Menu_OrbitItemByName
0    2fb00 Script_Orbit
0    2fb6e Script_SetFocus
0    2fbf9 Script_SetPlayerModel
0    2fc17 Script_SetPlayerHead
0    2fc35 Script_SetCvar
0    2fc61 Script_SetCvarToCvar
0    2fc9a Script_Exec
0    2fcc1 Script_Play
0    2fcea Script_playLooped
0    2fd16 Item_RunScript
0    2fdb3 Item_EnableShowViaCvar
0    2fe8c Item_SetFocus
0    2fff8 Item_TextScroll_MaxScroll
0    30027 Item_TextScroll_ThumbPosition
0    30071 Item_TextScroll_ThumbDrawPosition
0    300da Item_TextScroll_OverLB
0    301c2 Item_TextScroll_MouseEnter
0    301f3 Item_TextScroll_HandleKey
0    30389 Item_ListBox_MaxScroll
0    303e3 Item_ListBox_ThumbPosition
0    3046a Item_ListBox_ThumbDrawPosition
0    3052f Item_Slider_ThumbPosition
0    305c7 Item_Slider_OverSlider
0    305fc Item_ListBox_OverLB
0    307c7 Item_ListBox_MouseEnter
0    308fc Item_MouseEnter
0    30a1e Item_MouseLeave
0    30a6a Menu_HitTest
0    30aa8 Item_SetMouseOver
0    30ad1 Item_OwnerDraw_HandleKey
0    30b0b Item_ListBox_HandleKey
0    31028 Item_YesNo_HandleKey
0    310ae Item_Multi_CountSettings
0    310c6 Item_Multi_FindCvarByValue
0    3114b Item_Multi_Setting
0    311dc Item_Multi_HandleKey
0    312d4 Item_TextField_HandleKey
0    31658 Scroll_TextScroll_AutoFunc
0    316b5 Scroll_TextScroll_ThumbFunc
0    317a4 Scroll_ListBox_AutoFunc
0    31801 Scroll_ListBox_ThumbFunc
0    31988 Scroll_Slider_ThumbFunc
0    31a22 Item_StartCapture
0    31b97 Item_StopCapture
0    31b9a Item_Slider_HandleKey
0    31c96 Item_HandleKey
0    31da6 Item_Action
0    31dbd Menu_SetPrevCursorItem
0    31e93 Menu_SetNextCursorItem
0    31f60 Window_CloseCinematic
0    31f88 Menu_CloseCinematics
0    31fdc Display_CloseCinematics
0    31ff9 Menus_Activate
0    32050 Display_VisibleMenuCount
0    3207a Menus_HandleOOBClick
0    3213d Item_CorrectedTextRect
0    32165 Menu_HandleKey
0    32489 ToWindowCoords
0    324d1 Rect_ToWindowCoords
0    324e6 Item_SetTextExtents
0    3268a Item_TextColor
0    327d0 Item_Text_AutoWrapped_Paint
0    32980 Item_Text_Wrapped_Paint
0    32a8d Item_Text_Paint
0    32b7e Item_TextField_Paint
0    32cf4 Item_YesNo_Paint
0    32e28 Item_Multi_Paint
0    32f16 Controls_GetKeyAssignment
0    32f74 Controls_GetConfig
0    32fa6 Controls_SetConfig
0    32ffd BindingIDFromName
0    3302a BindingFromName
0    330bb Item_Slider_Paint
0    331be Item_Bind_Paint
0    33397 Display_KeyBindPending
0    3339d Item_Bind_HandleKey
0    335a8 Item_Model_Paint
0    336d8 Item_Image_Paint
0    3371f Item_TextScroll_Paint
0    338b1 Item_ListBox_Paint
0    33ee2 Item_OwnerDraw_Paint
0    341a8 Item_Paint
0    34792 Menu_Init
0    347c9 Menu_GetFocusedItem
0    34808 Menu_GetFocused
0    34843 Menu_ScrollFeeder
0    34896 Menu_SetFeederSelection
0    3492b Menus_AnyFullScreenVisible
0    3495f Menus_ActivateByName
0    349ee Item_Init
0    34a07 Menu_HandleMouseMove
0    34b5f Menu_Paint
0    34cba Item_ValidateTypeData
0    34d7e KeywordHash_Key
0    34de2 KeywordHash_Add
0    34e08 KeywordHash_Find
0    34e43 ItemParse_name
0    34e5c ItemParse_focusSound
0    34e84 ItemParse_text
0    34e9d ItemParse_descText
0    34eb6 ItemParse_text2
0    34ecf ItemParse_text2alignx
0    34ee8 ItemParse_text2aligny
0    34f01 ItemParse_group
0    34f1a ItemParse_asset_model
0    34f5a ItemParse_asset_shader
0    34f80 ItemParse_model_origin
0    34fc6 ItemParse_model_fovx
0    34fec ItemParse_model_fovy
0    35012 ItemParse_model_rotation
0    35038 ItemParse_model_angle
0    3505c ItemParse_rect
0    35075 ItemParse_flag
0    350e0 ItemParse_style
0    350fe ItemParse_decoration
0    35111 ItemParse_notselectable
0    35134 ItemParse_wrapped
0    35147 ItemParse_autowrapped
0    3515a ItemParse_horizontalscroll
0    3516d ItemParse_type
0    3518c ItemParse_elementwidth
0    351b2 ItemParse_elementheight
0    351d8 ItemParse_feeder
0    351f1 ItemParse_elementtype
0    35222 ItemParse_columns
0    352c5 ItemParse_border
0    352de ItemParse_bordersize
0    352f7 ItemParse_visible
0    3531f ItemParse_ownerdraw
0    3533e ItemParse_align
0    35357 ItemParse_textalign
0    35375 ItemParse_textalignx
0    3538e ItemParse_textaligny
0    353a7 ItemParse_textscale
0    353c0 ItemParse_textstyle
0    353d9 ItemParse_backcolor
0    35408 ItemParse_forecolor
0    35445 ItemParse_bordercolor
0    35474 ItemParse_outlinecolor
0    3548d ItemParse_background
0    354b3 ItemParse_cinematic
0    354cc ItemParse_doubleClick
0    354fd ItemParse_onFocus
0    35516 ItemParse_leaveFocus
0    3552f ItemParse_mouseEnter
0    35548 ItemParse_mouseExit
0    35561 ItemParse_mouseEnterText
0    3557a ItemParse_mouseExitText
0    35593 ItemParse_action
0    355ac ItemParse_special
0    355c5 ItemParse_cvarTest
0    355de ItemParse_cvar
0    3563f ItemParse_font
0    3565e ItemParse_maxChars
0    35693 ItemParse_maxPaintChars
0    356c8 ItemParse_maxLineChars
0    356fd ItemParse_lineHeight
0    35733 ItemParse_cvarFloat
0    35792 ItemParse_cvarStrList
0    35854 ItemParse_cvarFloatList
0    35912 ItemParse_addColorRange
0    35974 ItemParse_ownerdrawFlag
0    35999 ItemParse_enableCvar
0    359b8 ItemParse_disableCvar
0    359d7 ItemParse_showCvar
0    359f6 ItemParse_hideCvar
0    35a15 ItemParse_Appearance_slot
0    35a2e Item_SetupKeywordHash
0    35a5a Item_Parse
0    35ad9 Item_TextScroll_BuildLines
0    35c7b Item_InitControls
0    35cb8 MenuParse_font
0    35cfb MenuParse_name
0    35d28 MenuParse_fullscreen
0    35d45 MenuParse_rect
0    35d60 MenuParse_style
0    35d82 MenuParse_visible
0    35dae MenuParse_onOpen
0    35dcb MenuParse_onClose
0    35de8 MenuParse_onESC
0    35e05 MenuParse_border
0    35e22 MenuParse_borderSize
0    35e3f MenuParse_backcolor
0    35e72 MenuParse_descAlignment
0    35e94 MenuParse_descX
0    35eb1 MenuParse_descY
0    35ece MenuParse_descScale
0    35eeb MenuParse_descColor
0    35f1e MenuParse_forecolor
0    35f5f MenuParse_bordercolor
0    35f92 MenuParse_focuscolor
0    35fc5 MenuParse_disablecolor
0    35ff8 MenuParse_outlinecolor
0    36015 MenuParse_background
0    3603f MenuParse_cinematic
0    3605c MenuParse_ownerdrawFlag
0    36085 MenuParse_ownerdraw
0    360a2 MenuParse_popup
0    360b9 MenuParse_outOfBounds
0    360d0 MenuParse_soundLoop
0    360ed MenuParse_fadeClamp
0    3610a MenuParse_fadeAmount
0    36127 MenuParse_fadeCycle
0    36144 MenuParse_itemDef
0    361c9 MenuParse_appearanceIncrement
0    361e6 Menu_SetupKeywordHash
0    36212 Menu_Parse
0    36291 Menu_New
0    362c5 Menu_Count
0    362cb Menu_PaintAll
0    36362 Menu_Reset
0    36368 Display_GetContext
0    3636e Display_CaptureItem
0    363a3 Display_MouseMove
0    3641b Display_CursorType
0    36467 Display_HandleKey
0    36494 Window_CacheContents
0    364cd Item_CacheContents
0    364da Menu_CacheContents
0    36526 Display_CacheAll
0    36543 Menu_OverActiveItem
0    365f6 CG_InitTeamChat
0    36614 CG_SetPrintString
0    36634 CG_CheckOrderPending
0    36715 CG_SetSelectedPlayerName
0    36762 CG_GetSelectedPlayer
0    36774 CG_SelectNextPlayer
0    36796 CG_SelectPrevPlayer
0    367b9 CG_StatusHandle
0    36805 CG_GetValue
0    368eb CG_OtherTeamHasFlag
0    36920 CG_YourTeamHasFlag
0    36955 CG_OwnerDrawVisible
0    36a72 CG_GetKillerText
0    36a94 CG_GetGameStatusText
0    36b0c CG_GameTypeString
0    36b49 CG_Text_Paint_Limit
0    36c41 CG_DrawNewTeamInfo
0    36eac CG_DrawTeamSpectators
0    36ff7 CG_DrawMedal
0    3713f CG_OwnerDraw
0    37142 CG_MouseEvent
0    371d4 CG_HideTeamMenu
0    371e1 CG_ShowTeamMenu
0    371e9 CG_EventHandling
0    37203 CG_KeyEvent
0    3725c CG_ClientNumFromName
0    37293 CG_ShowResponseHead
0    372a6 CG_RunMenuScript
0    372a9 CG_DeferMenuScript
0    372ae CG_GetTeamColor
1        4 colorTable
1      434 HolocronIcons
1      47c forceModelModificationCount
1      4e4 cvarTable
1      bf4 cvarTableSize
1      c9c forceTicPos
1      dec ammoTicPos
1      f3c commands
1     10bc menuScoreboard
1     10c0 bluehudtint
1     10d0 redhudtint
1     10e0 showPowersName
1     116c g_saberFlashTime
1     1170 g_saberFlashPos
1     1190 cgRageTime
1     1194 cgRageFadeTime
1     1198 cgRageFadeVal
1     119c cgRageRecTime
1     11a0 cgRageRecFadeTime
1     11a4 cgRageRecFadeVal
1     11a8 cgAbsorbTime
1     11ac cgAbsorbFadeTime
1     11b0 cgAbsorbFadeVal
1     11b4 cgProtectTime
1     11b8 cgProtectFadeTime
1     11bc cgProtectFadeVal
1     11c0 cgYsalTime
1     11c4 cgYsalFadeTime
1     11c8 cgYsalFadeVal
1     11cc gCGHasFallVector
1     11f0 forceHolocronModels
1     1720 shaderAnimNames
1     17a0 shaderAnimCounts
1     1820 shaderAnimSTRatio
1     18a0 cl_numparticles
1     18a4 initparticles
1     18a8 roll
1     18ac cg_customSoundNames
1     1938 cgQueueLoad
1     1a5c cgAnnouncerTime
1     1aa8 numValidOrders
1     1aac cameramins
1     1ab8 cameramaxs
1     1ac4 cameraCurTarget
1     1ad0 cameraCurLoc
1     1adc cameraOldLoc
1     1ae8 cameraNewLoc
1     1af4 cameraLastFrame
1     1af8 cameraLastYaw
1     1afc cameraStiffFactor
1     1b3c cgWeapFrame
1     1b40 cgWeapFrameTime
1     1c38 WHITE
1     1c50 WP_MuzzlePoint
1     1d10 weaponData
1     2090 ammoData
1     20b8 animTable
1     4b0c BGPAFtextLoaded
1     4b10 gPMDoSlowFall
1     4b14 pm_stopspeed
1     4b18 pm_duckScale
1     4b1c pm_swimScale
1     4b20 pm_wadeScale
1     4b24 pm_accelerate
1     4b28 pm_airaccelerate
1     4b2c pm_wateraccelerate
1     4b30 pm_flyaccelerate
1     4b34 pm_friction
1     4b38 pm_waterfriction
1     4b3c pm_flightfriction
1     4b40 pm_spectatorfriction
1     4b44 c_pmove
1     4b48 forceSpeedLevels
1     4b58 forcePowerNeeded
1     4c78 forceJumpHeight
1     4c88 forceJumpStrength
1     4d2c randSeed
1     4da0 forceMasteryLevels
1     4dc0 forceMasteryPoints
1     4de0 bgForcePowerCost
1     4f00 forcePowerSorted
1     4f48 forcePowerDarkLight
1     4f90 WeaponReadyAnim
1     4fd0 WeaponAttackAnim
1     5010 bg_itemlist
1     58cc bg_numItems
1     5924 eventnames
1     5afc bg_poolSize
1     5b00 bg_poolTail
1     5b04 saberMoveData
1     6d74 transitionMove
1     1a60 validOrders
1     6ff8 saberMoveTransitionAngle
1     718c vec3_origin
1     7198 axisDefault
1     71bc colorBlack
1     71cc colorRed
1     71dc colorGreen
1     71ec colorBlue
1     71fc colorYellow
1     720c colorMagenta
1     721c colorCyan
1     722c colorWhite
1     723c colorLtGrey
1     724c colorMdGrey
1     725c colorDkGrey
1     726c colorLtBlue
1     727c colorDkBlue
1     728c g_color_table
1     730c bytedirs
1     7ac4 holdrand
1     7ad0 captureFunc
1     7ad4 captureData
1     7ad8 itemCapture
1     7adc DC
1     7ae0 g_waitingForKey
1     7ae4 g_editingField
1     7ae8 g_bindItem
1     7aec g_editItem
1     7af0 menuCount
1     7af4 openMenuCount
1     7af8 debugMode
1     7afc lastListBoxClickTime
1     7b00 itemFlags
1     7b10 styles
1     7b2c alignment
1     7b3c types
1     7b7c strPoolIndex
1     7b80 strHandleCount
1     7b8c FPMessageTime
1     7b90 ui_deferredScriptItem
1     7b94 commandList
1     7c54 scriptCommandCount
1     7d08 g_bindings
1     85d8 itemParseKeywords
1     8938 menuParseKeywords
1     8aec drawTeamOverlayModificationCount
1     8560 g_bindCount
2   753b34 _stackStart
2   763b34 _stackEnd
3     8400 cg_pmove_msec
3     8510 cg_debugSaber
3     8620 cgDC
3     b448 cg_debugBB
3     b558 ui_myteam
3     b668 cg_recordSPDemoName
3     b778 cg_recordSPDemo
3     b888 cg_singlePlayerActive
3     b998 cg_enableBreath
3     baa8 cg_enableDust
3     bbb8 cg_singlePlayer
3     bcc8 cg_currentSelectedPlayerName
3     bdd8 cg_currentSelectedPlayer
3     bee8 cg_blueTeamName
3     bff8 cg_redTeamName
3     c108 cg_trueLightning
3     c218 cg_noProjectileTrail
3     c328 cg_noTaunt
3     c438 cg_bigFont
3     c548 cg_smallFont
3     c658 cg_cameraMode
3     c768 cg_timescale
3     c878 cg_timescaleFadeSpeed
3     c988 cg_timescaleFadeEnd
3     ca98 cg_cameraOrbitDelay
3     cba8 cg_cameraOrbit
3     ccb8 pmove_msec
3     cdc8 pmove_fixed
3     ced8 cg_smoothClients
3     cfe8 cg_hudFiles
3     d0f8 cg_scorePlum
3     d208 cg_noVoiceText
3     d318 cg_noVoiceChats
3     d428 cg_teamChatsOnly
3     d538 cg_drawFriend
3     d648 cg_deferPlayers
3     d758 cg_predictItems
3     d868 cg_blood
3     d978 cg_paused
3     da88 cg_buildScript
3     db98 cg_forceModel
3     dca8 cg_stats
3     ddb8 cg_teamChatHeight
3     dec8 cg_teamChatTime
3     dfd8 cg_synchronousClients
3     e0e8 cg_drawEnemyInfo
3     e1f8 cg_lagometer
3     e308 cg_stereoSeparation
3     e418 cg_thirdPersonHorzOffset
3     e528 cg_thirdPersonAlpha
3     e638 cg_thirdPersonTargetDamp
3     e748 cg_thirdPersonCameraDamp
3     e858 cg_thirdPersonVertOffset
3     e968 cg_thirdPersonPitchOffset
3     ea78 cg_thirdPersonAngle
3     eb88 cg_thirdPersonRange
3     ec98 cg_thirdPerson
3     eda8 cg_dismember
3     eeb8 cg_animBlend
3     efc8 cg_auraShell
3     f0d8 cg_speedTrail
3     f1e8 cg_duelHeadAngles
3     f2f8 cg_saberTrail
3     f408 cg_saberContact
3     f518 cg_saberModelTraceEffect
3     f628 cg_swingAngles
3     f738 cg_zoomFov
3     f848 cg_fov
3     f958 cg_simpleItems
3     fa68 cg_ignore
3     fb78 cg_autoswitch
3     fc88 cg_tracerLength
3     fd98 cg_tracerWidth
3     fea8 cg_tracerChance
3     ffb8 cg_viewsize
3    100c8 cg_drawGun
3    101d8 cg_gun_z
3    102e8 cg_gun_y
3    103f8 cg_gun_x
3    10508 cg_gun_frame
3    10618 cg_addMarks
3    10728 cg_footsteps
3    10838 cg_showmiss
3    10948 cg_noPlayerAnims
3    10a58 cg_nopredict
3    10b68 cg_errorDecay
3    10c78 cg_debugEvents
3    10d88 cg_debugPosition
3    10e98 cg_debugAnim
3    10fa8 cg_animSpeed
3    110b8 cg_draw2D
3    111c8 cg_drawStatus
3    112d8 cg_crosshairHealth
3    113e8 cg_crosshairSize
3    114f8 cg_crosshairY
3    11608 cg_crosshairX
3    11718 cg_teamOverlayUserinfo
3    11828 cg_drawTeamOverlay
3    11938 cg_drawRewards
3    11a48 cg_dynamicCrosshair
3    11b58 cg_drawScores
3    11c68 cg_drawCrosshairNames
3    11d78 cg_drawCrosshair
3    11e88 cg_drawAmmoWarning
3    11f98 cg_drawIcons
3    120a8 cg_draw3dIcons
3    121b8 cg_drawSnapshot
3    122c8 cg_drawFPS
3    123d8 cg_drawTimer
3    124e8 cg_shadows
3    125f8 cg_bobroll
3    12708 cg_bobpitch
3    12818 cg_bobup
3    12928 cg_runroll
3    12a38 cg_runpitch
3    12b48 cg_centertime
3    12c58 cg_items
3    16458 cg_weapons
3    17158 cg_entities
3   1f7158 cg
3   220a84 cgs
3   2322c0 gCGFallVector
3   2322cc lagometer
3   2328d4 lastvalidlockdif
3   2328d8 hudTintColor
3   2328dc teamChat2
3   2329dc teamChat1
3   232adc systemChat
3   232bdc numSortedTeamPlayers
3   232be0 sortedTeamPlayers
3   232c7c dbModels_Rocks
3   232c8c dbModels_Chunks
3   232c98 dbModels_Wood
3   232cb8 dbModels_Glass
3   232cd8 offZ
3   233318 offX
3   233998 lastofs
3   23399c cl_lightstyle
3   237b9c cg_freeLocalEntities
3   237ba0 cg_activeLocalEntities
3   237d6c cg_localEntities
3   27156c oldtime
3   271570 rup
3   27157c rright
3   271588 rforward
3   271594 pvup
3   2715a0 pvright
3   2715ac pvforward
3   2715b8 particles
3   2905b8 free_particles
3   2905bc active_particles
3   2905c0 numShaderAnims
3   2905c4 shaderAnims
3   2925c4 markTotal
3   2925c8 cg_freeMarkPolys
3   2925cc cg_activeMarkPolys
3   2926ec cg_markPolys
3   2a46ec cgBoneAnglePostSet
3   2a4724 cgSendPS
3   2af3a4 cg_triggerEntities
3   2af7a4 cg_numTriggerEntities
3   2af7a8 cg_solidEntities
3   2afba8 cg_numSolidEntities
3   2afbac cg_pmove
3   2afd28 cg_saga_valid
3   2afd2c cg_saga_info
3   2b1d2c localClient
3   2b1d30 voiceChatBuffer
3   2b4430 voiceChatLists
3   4dce70 zoomFov
3   4dce74 cameraIdealLoc
3   4dce80 cameraIdealTarget
3   4dce8c cameraFocusLoc
3   4dce98 cameraFocusAngles
3   4dcea4 cameraup
3   4dceb0 camerafwd
3   4dcebc cgScreenEffects
3   4dcedc g2WeaponInstances
3   4dcf1c BGPAFtext
3   4e6b5c bgGlobalAnimations
3   4eefd0 pml
3   4ef45c pm
3   4ef460 bg_pool
3   6f8e78 com_lines
3   6f8e7c com_parsename
3   6f927c com_token
3   6fb68c menuParseKeywordHash
3   6fbe8c itemParseKeywordHash
3   6fc68c g_nameBind2
3   6fc6ac g_nameBind1
3   6fc6cc ui_deferredScript
3   6fcecc strHandle
3   6feecc strPool
3   71eecc outOfMemory
3   71eed0 allocPoint
3   71eed4 memoryPool
3   73eed4 menuStack
3   73ef14 Menus
3   753b14 scrollInfo
