0 fffffed3 trap_CG_RegisterSharedMemory
0 fffffed4 trap_G2API_SetNewOrigin
0 fffffed5 trap_G2API_SetSurfaceOnOff
0 fffffed6 trap_G2API_SetRootSurface
0 fffffed7 trap_G2API_SetBoltInfo
0 fffffed8 trap_G2API_AddBolt
0 fffffed9 trap_G2API_RemoveGhoul2Model
0 fffffeda trap_G2API_HasGhoul2ModelOnIndex
0 fffffedb trap_G2API_DuplicateGhoul2Instance
0 fffffedc trap_G2API_CopySpecificGhoul2Model
0 fffffedd trap_G2API_CopyGhoul2Instance
0 fffffede trap_G2API_GetGLAName
0 fffffedf trap_G2API_SetBoneAnim
0 fffffee0 trap_G2API_SetBoneAngles
0 fffffee1 trap_G2API_CleanGhoul2Models
0 fffffee2 trap_G2API_InitGhoul2Model
0 fffffee3 trap_G2API_GetBoltMatrix_NoReconstruct
0 fffffee4 trap_G2API_GetBoltMatrix
0 fffffee5 trap_G2API_GiveMeVectorFromMatrix
0 fffffee6 trap_G2_HaveWeGhoul2Models
0 fffffee7 trap_G2_SetGhoul2ModelIndexes
0 fffffee8 trap_G2_ListModelBones
0 fffffee9 trap_G2_ListModelSurfaces
0 fffffeea trap_ROFF_Purge_Ent
0 fffffeeb trap_ROFF_Play
0 fffffeec trap_ROFF_Cache
0 fffffeed trap_ROFF_UpdateEntities
0 fffffeee trap_ROFF_Clean
0 fffffeef trap_SP_Register
0 fffffef0 trap_SP_GetStringTextString
0 fffffef1 trap_SP_Print
0 fffffef2 trap_FX_AddSprite
0 fffffef3 trap_FX_AddPrimitive
0 fffffef4 trap_FX_AddBezier
0 fffffef5 trap_FX_AddPoly
0 fffffef6 trap_FX_AdjustTime
0 fffffef7 trap_FX_FreeSystem
0 fffffef8 trap_FX_InitSystem
0 fffffef9 trap_FX_AddScheduledEffects
0 fffffefa trap_FX_PlayBoltedEffectID
0 fffffefb trap_FX_PlayEntityEffectID
0 fffffefc trap_FX_PlayEffectID
0 fffffefd trap_FX_PlaySimpleEffectID
0 fffffefe trap_FX_PlayEntityEffect
0 fffffeff trap_FX_PlayEffect
0 ffffff00 trap_FX_PlaySimpleEffect
0 ffffff01 trap_FX_RegisterEffect
0 ffffff02 trap_R_inPVS
0 ffffff03 trap_GetEntityToken
0 ffffff04 trap_CIN_SetExtents
0 ffffff05 trap_CIN_DrawCinematic
0 ffffff06 trap_CIN_RunCinematic
0 ffffff07 trap_CIN_StopCinematic
0 ffffff08 trap_CIN_PlayCinematic
0 ffffff09 trap_SnapVector
0 ffffff0a trap_RealTime
0 ffffff0b trap_S_StopBackgroundTrack
0 ffffff0c trap_PC_RemoveAllGlobalDefines
0 ffffff0d trap_PC_LoadGlobalDefines
0 ffffff0e trap_PC_SourceFileAndLine
0 ffffff0f trap_PC_ReadToken
0 ffffff10 trap_PC_FreeSource
0 ffffff11 trap_PC_LoadSource
0 ffffff12 trap_PC_AddGlobalDefine
0 ffffff13 trap_Key_GetKey
0 ffffff14 trap_Key_SetCatcher
0 ffffff15 trap_Key_GetCatcher
0 ffffff16 trap_Key_IsDown
0 ffffff17 trap_MemoryRemaining
0 ffffff1a trap_OpenUIMenu
0 ffffff1b trap_SetClientTurnExtent
0 ffffff1c trap_SetClientForceAngle
0 ffffff1d trap_SetUserCmdValue
0 ffffff1e trap_GetUserCmd
0 ffffff1f trap_GetCurrentCmdNumber
0 ffffff20 trap_GetServerCommand
0 ffffff21 trap_GetSnapshot
0 ffffff22 trap_GetCurrentSnapshotNumber
0 ffffff23 trap_GetGameState
0 ffffff24 trap_GetGlconfig
0 ffffff25 trap_FX_AddLine
0 ffffff26 trap_R_GetBModelVerts
0 ffffff27 trap_R_SetLightStyle
0 ffffff28 trap_R_GetLightStyle
0 ffffff29 trap_R_RemapShader
0 ffffff2a trap_R_DrawRotatePic2
0 ffffff2b trap_R_DrawRotatePic
0 ffffff2c trap_R_LerpTag
0 ffffff2d trap_R_ModelBounds
0 ffffff2e trap_R_DrawStretchPic
0 ffffff2f trap_R_SetColor
0 ffffff30 trap_R_RenderScene
0 ffffff31 trap_R_AddAdditiveLightToScene
0 ffffff32 trap_R_AddLightToScene
0 ffffff33 trap_R_LightForPoint
0 ffffff34 trap_R_AddPolysToScene
0 ffffff35 trap_R_AddPolyToScene
0 ffffff36 trap_R_AddRefEntityToScene
0 ffffff37 trap_R_ClearScene
0 ffffff8e asin
0 ffffff8f acos
0 ffffff90 ceil
0 ffffff91 floor
0 ffffff92 perpendicularvector
0 ffffff93 anglevectors
0 ffffff94 matrixmultiply
0 ffffff95 sqrt
0 ffffff96 atan2
0 ffffff97 cos
0 ffffff98 sin
0 ffffff99 strncpy
0 ffffff9a memcpy
0 ffffff9b memset
0 ffffffcb trap_AnyLanguage_ReadCharFromString
0 ffffffcc trap_R_Font_DrawString
0 ffffffcd trap_R_Font_HeightPixels
0 ffffffce trap_R_Font_StrLenChars
0 ffffffcf trap_R_Font_StrLenPixels
0 ffffffd0 trap_R_RegisterFont
0 ffffffd1 trap_R_RegisterShaderNoMip
0 ffffffd2 trap_R_RegisterShader
0 ffffffd3 trap_R_RegisterSkin
0 ffffffd4 trap_R_RegisterModel
0 ffffffd5 trap_R_LoadWorldMap
0 ffffffd6 trap_S_StartBackgroundTrack
0 ffffffd7 trap_S_RegisterSound
0 ffffffd8 trap_S_Respatialize
0 ffffffd9 trap_S_StopLoopingSound
0 ffffffda trap_S_AddRealLoopingSound
0 ffffffdb trap_S_UpdateEntityPosition
0 ffffffdc trap_S_AddLoopingSound
0 ffffffdd trap_S_ClearLoopingSounds
0 ffffffde trap_S_StartLocalSound
0 ffffffdf trap_S_StartSound
0 ffffffe0 trap_S_MuteSound
0 ffffffe1 trap_CM_MarkFragments
0 ffffffe2 trap_CM_TransformedCapsuleTrace
0 ffffffe3 trap_CM_TransformedBoxTrace
0 ffffffe4 trap_CM_CapsuleTrace
0 ffffffe5 trap_CM_BoxTrace
0 ffffffe6 trap_CM_TransformedPointContents
0 ffffffe7 trap_CM_PointContents
0 ffffffe8 trap_CM_TempCapsuleModel
0 ffffffe9 trap_CM_TempBoxModel
0 ffffffea trap_CM_InlineModel
0 ffffffeb trap_CM_NumInlineModels
0 ffffffec trap_CM_LoadMap
0 ffffffed trap_UpdateScreen
0 ffffffee trap_SendClientCommand
0 ffffffef trap_RemoveCommand
0 fffffff0 trap_AddCommand
0 fffffff1 trap_SendConsoleCommand
0 fffffff2 trap_FS_FCloseFile
0 fffffff3 trap_FS_Write
0 fffffff4 trap_FS_Read
0 fffffff5 trap_FS_FOpenFile
0 fffffff6 trap_Args
0 fffffff7 trap_Argv
0 fffffff8 trap_Argc
0 fffffff9 trap_Cvar_VariableStringBuffer
0 fffffffa trap_Cvar_Set
0 fffffffb trap_Cvar_Update
0 fffffffc trap_Cvar_Register
0 fffffffd trap_Milliseconds
0 fffffffe trap_Error
0 ffffffff trap_Print
0        0 vmMain
0      122 C_PointContents
0      138 C_GetLerpOrigin
0      14a C_GetLerpAngles
0      15c C_GetModelScale
0      16e C_Trace
0      19a C_GetBoltPos
0      20d C_ImpactMark
0      24c CG_RegisterCvars
0      332 CG_ForceModelChange
0      368 CG_UpdateCvars
0      3bb CG_CrosshairPlayer
0      3d4 CG_LastAttacker
0      3e5 CG_Printf
0      3fe CG_Error
0      417 Com_Error
0      432 Com_Printf
0      44d CG_Argv
0      45c CG_RegisterItemSounds
0      4f5 CG_RegisterSounds
0      a8e CG_RegisterEffects
0      abc CG_RegisterGraphics
0     1137 CG_GetStripEdString
0     1167 CG_BuildSpectatorString
0     11bb CG_RegisterClients
0     1206 CG_ConfigString
0     1227 CG_StartMusic
0     126a CG_GetMenuBuffer
0     12ce CG_Asset_Parse
0     156d CG_ParseMenu
0     15d8 CG_Load_Menu
0     1628 CG_OwnerDrawHandleKey
0     162d CG_FeederCount
0     1689 CG_SetScoreSelection
0     1720 CG_InfoFromScoreIndex
0     1773 CG_FeederItemText
0     18e3 CG_FeederItemImage
0     18e8 CG_FeederSelection
0     1933 CG_Cvar_Get
0     1952 CG_Text_PaintWithCursor
0     1976 CG_OwnerDrawWidth
0     1a07 CG_PlayCinematic
0     1a26 CG_StopCinematic
0     1a2f CG_DrawCinematic
0     1a4e CG_RunCinematicFrame
0     1a57 CG_LoadHudMenu
0     1af2 CG_AssetCache
0     1b9f CG_Init_CG
0     1bab CG_Init_CGents
0     1bb7 CG_InitItems
0     1bc3 CG_Init
0     1f8c CG_Shutdown
0     1f98 CG_NextForcePower_f
0     1fdc CG_PrevForcePower_f
0     2020 CG_NextInventory_f
0     206a CG_PrevInventory_f
0     20b4 CG_TargetCommand_f
0     20e6 CG_SizeUp_f
0     20fc CG_SizeDown_f
0     2112 CG_Viewpos_f
0     212c CG_ScoresDown_f
0     2151 CG_ScoresUp_f
0     215f CG_scrollScoresDown_f
0     2188 CG_scrollScoresUp_f
0     21b1 CG_spWin_f
0     21e6 CG_spLose_f
0     221b CG_TellTarget_f
0     2246 CG_TellAttacker_f
0     2271 CG_VoiceTellTarget_f
0     229c CG_VoiceTellAttacker_f
0     22c7 CG_NextTeamMember_f
0     22cd CG_PrevTeamMember_f
0     22d3 CG_NextOrder_f
0     2346 CG_ConfirmOrder_f
0     2376 CG_DenyOrder_f
0     2397 CG_TaskOffense_f
0     23ce CG_TaskDefense_f
0     23ed CG_TaskPatrol_f
0     240c CG_TaskCamp_f
0     242b CG_TaskFollow_f
0     244a CG_TaskRetrieve_f
0     2469 CG_TaskEscort_f
0     2488 CG_TaskOwnFlag_f
0     2499 CG_TauntKillInsult_f
0     24a1 CG_TauntPraise_f
0     24a9 CG_TauntTaunt_f
0     24b1 CG_TauntDeathInsult_f
0     24b9 CG_TauntGauntlet_f
0     24c1 CG_TaskSuicide_f
0     24e3 CG_StartOrbit_f
0     252b CG_ConsoleCommand
0     2569 CG_InitConsoleCommands
0     268f MenuFontToHandle
0     26b6 CG_Text_Width
0     26d4 CG_Text_Height
0     26ef CG_Text_Paint
0     275f CG_DrawZoomMask
0     2ab7 CG_Draw3DModel
0     2b25 CG_DrawHead
0     2b5e CG_DrawFlagModel
0     2c43 DrawAmmo
0     2c4c CG_DrawHUDLeftFrame1
0     2c6c CG_DrawHUDLeftFrame2
0     2c8c DrawHealthArmor
0     2ef2 CG_DrawHealth
0     2f99 CG_DrawArmor
0     30e0 CG_DrawHUDRightFrame1
0     3100 CG_DrawHUDRightFrame2
0     3120 CG_DrawAmmo
0     3286 CG_DrawForcePower
0     3322 CG_DrawHUD
0     35af ForcePower_Valid
0     35dc CG_DrawForceSelect
0     3830 CG_DrawInvenSelect
0     3acb CG_DrawStats
0     3adf CG_DrawTeamBackground
0     3b1c CG_DrawMiniScoreboard
0     3ba9 CG_DrawEnemyInfo
0     3d6b CG_DrawSnapshot
0     3dab CG_DrawFPS
0     3e38 CG_DrawTimer
0     3ea0 CG_DrawTeamOverlay
0     41df CG_DrawPowerupIcons
0     42c3 CG_DrawUpperRight
0     432f CG_AddLagometerFrameInfo
0     434f CG_AddLagometerSnapshotInfo
0     4392 CG_DrawDisconnect
0     446b CG_DrawLagometer
0     467a CG_CenterPrint
0     46b8 CG_DrawCenterString
0     479a CG_DrawCrosshair
0     499a CG_WorldCoordToScreenCoordFloat
0     4a43 CG_WorldCoordToScreenCoord
0     4a64 CG_SaberClashFlare
0     4b36 CG_DrawHolocronIcons
0     4bc0 CG_IsDurationPower
0     4be9 CG_DrawActivePowers
0     4caf CG_DrawRocketLocking
0     4e67 CG_ScanForCrosshairEntity
0     4fb6 CG_DrawCrosshairNames
0     505f CG_DrawSpectator
0     51e0 CG_DrawVote
0     5251 CG_DrawTeamVote
0     53a1 CG_DrawScoreboard
0     53ab CG_DrawIntermission
0     53ba CG_DrawFollow
0     5445 CG_DrawAmmoWarning
0     5448 CG_DrawWarmup
0     5660 CG_DrawTimedMenus
0     5681 CG_DrawFlagStatus
0     5753 CG_Draw2D
0     5d60 CG_DrawTourneyScoreboard
0     5d63 CG_DrawActive
0     5dee CG_DrawRect
0     5e20 CG_GetColorForHealth
0     5ebe CG_DrawSides
0     5f14 CG_DrawTopBottom
0     5f6a CG_FillRect2
0     5f99 CG_FillRect
0     5fc8 CG_DrawPic
0     5fef CG_DrawRotatePic
0     6019 CG_DrawRotatePic2
0     6043 CG_DrawChar
0     60aa CG_DrawStringExt
0     61b6 CG_DrawBigString
0     61ee CG_DrawBigStringColor
0     6214 CG_DrawSmallString
0     6248 CG_DrawSmallStringColor
0     6269 CG_DrawStrlen
0     62b1 CG_TileClearBox
0     62f8 CG_TileClear
0     638f CG_FadeColor
0     63d3 CG_ColorForGivenHealth
0     6422 CG_ColorForHealth
0     6487 CG_DrawNumField
0     66b7 UI_DrawProportionalString
0     6740 UI_DrawScaledProportionalString
0     67b7 CG_BubbleTrail
0     6955 CG_SmokePuff
0     6ab8 CG_TestLine
0     6b89 CG_ThrowChunk
0     6c3c CG_DoGlassQuad
0     6da9 CG_CalcBiLerp
0     73a6 CG_CalcHeightWidth
0     7553 CG_InitGlass
0     75aa Vector2Set
0     75b9 CG_DoGlass
0     7835 CG_GlassShatter
0     786d CG_GlassShatter_Old
0     7a03 CG_CreateDebris
0     7c20 CG_ScorePlum
0     7ce8 CG_ExplosionEffects
0     7d2e CG_MakeExplosion
0     7eed CG_SurfaceExplosion
0     8192 CG_Bleed
0     81f9 CG_LaunchGib
0     8278 CG_GibPlayer
0     8507 CG_LaunchExplode
0     8586 CG_BigExplode
0     86e0 CG_PositionEntityOnTag
0     87b4 CG_PositionRotatedEntityOnTag
0     8885 CG_SetEntitySoundPosition
0     88e2 CG_EntityEffects
0     89d6 FX_AddOrientedLine
0     8a9e FX_DrawPortableShield
0     8bb2 CG_Special
0     8bd5 CG_SetGhoul2Info
0     8bfe CG_CreateBBRefEnts
0     8c01 G2_BoltToGhoul2Model
0     8cb2 ScaleModelAxis
0     8dba CG_General
0     9b5c CG_Speaker
0     9bcd CG_GreyItem
0     9bfa CG_Item
0     a2d2 CG_Missile
0     a693 CG_Mover
0     a70d CG_Beam
0     a741 CG_Portal
0     a7b8 CG_AdjustPositionForMover
0     a86f LerpBoneAngleOverrides
0     a872 CG_InterpolateEntityPosition
0     a938 CG_CalcEntityLerpPositions
0     a9dd CG_TeamBase
0     aa2d CG_AddCEntity
0     aae2 CG_ManualEntityRender
0     aaeb CG_AddPacketEntities
0     abd4 CG_ROFF_NotetrackCallback
0     aeae CG_PlaceString
0     afca CG_Obituary
0     b32b CG_ToggleBinoculars
0     b395 CG_UseItem
0     b448 CG_ItemPickup
0     b563 CG_PainEvent
0     b5be CG_ReattachLimb
0     b636 CG_BodyQueueCopy
0     b814 CG_TeamName
0     b831 CG_PrintCTFMessage
0     b94d CG_GetCTFMessageEvent
0     b98e DoFall
0     ba5c CG_InClientBitflags
0     baab CG_EntityEvent
0     d36d CG_CheckEvents
0     d403 CG_LoadingString
0     d413 CG_LoadingItem
0     d42e CG_LoadingClient
0     d45b CG_DrawInformation
0     dad6 CG_LoadBar
0     db94 CG_ClearLightStyles
0     dbb6 CG_RunLightStyles
0     dc80 CG_SetLightstyle
0     dd0b CG_InitLocalEntities
0     dd41 CG_FreeLocalEntity
0     dd7a CG_AllocLocalEntity
0     ddb8 CG_BloodTrail
0     de2d CG_FragmentBounceMark
0     ded0 CG_FragmentBounceSound
0     dee9 CG_ReflectVelocity
0     dfdf CG_AddFragment
0     e15a CG_AddFadeRGB
0     e22c CG_AddFadeScaleModel
0     e3e3 CG_AddMoveScaleFade
0     e4ce CG_AddPuff
0     e5da CG_AddScaleFade
0     e673 CG_AddFallScaleFade
0     e725 CG_AddExplosion
0     e796 CG_AddSpriteExplosion
0     e862 CG_AddRefEntity
0     e87d CG_AddScorePlum
0     eab3 CG_AddOLine
0     ebd7 CG_AddLine
0     ebea CG_AddLocalEntities
0     ec9a CG_InitMarkPolys
0     ecd0 CG_FreeMarkPoly
0     ed09 CG_AllocMark
0     ed60 CG_ImpactMark
0     f03a CG_AddMarks
0     f304 CG_ClearParticles
0     f3a7 CG_AddParticleToScene
0    10bc3 CG_AddParticles
0    10dc8 CG_ParticleSnowFlurry
0    10f64 CG_ParticleSnow
0    110ba CG_ParticleBubble
0    11239 CG_ParticleSmoke
0    11338 CG_ParticleBulletDebris
0    113f9 CG_ParticleExplosion
0    11504 CG_AddParticleShrapnel
0    11507 CG_NewParticleArea
0    11648 CG_SnowLink
0    1168e CG_ParticleImpactSmokePuff
0    11771 CG_Particle_Bleed
0    11855 CG_Particle_OilParticle
0    11957 CG_Particle_OilSlick
0    11a98 CG_OilSlickRemove
0    11ae3 ValidBloodPool
0    11be9 CG_BloodPool
0    11ce2 CG_ParticleBloodCloud
0    11e1e CG_ParticleSparks
0    11f94 CG_ParticleDust
0    1219a CG_ParticleMisc
0    1223a CG_CustomSound
0    122a8 CG_NeedAnimSequence
0    122dd CG_RegisterClientModelname
0    1282d CG_ColorFromString
0    12891 CG_LoadClientInfo
0    12b83 CG_CopyClientInfoModel
0    12cb2 CG_ScanForExistingClientInfo
0    12d70 CG_SetDeferredClientInfo
0    12e9a CG_NewClientInfo
0    1328a CG_ActualLoadDeferredPlayers
0    132d2 CG_LoadDeferredPlayers
0    132d8 CG_InRoll
0    13302 CG_InRollAnim
0    13324 CG_SetLerpFrameAnimation
0    1378c CG_FirstAnimFrame
0    137cf CG_InWalkingAnim
0    13826 CG_FootstepForSurface
0    138c0 CG_FootStep
0    1393e CG_RunLerpFrame
0    13de7 CG_ClearLerpFrame
0    13e2c CG_PlayerAnimation
0    13f12 CG_SwingAngles
0    1401c CG_SwingAnglesATST
0    1414d CG_AddPainTwitch
0    14194 CG_G2SetBoneAngles
0    141cb CG_G2ClientSpineAngles
0    14509 CG_G2PlayerAngles
0    14afa CG_HasteTrail
0    14b77 CG_PlayerFlag
0    14c94 CG_PlayerPowerups
0    14d62 CG_PlayerFloatSprite
0    14dae CG_PlayerShadow
0    14e6b CG_PlayerSplash
0    14f5e CG_ForcePushBlur
0    1505d CG_ForceGripEffect
0    1517a CG_AddRefEntityWithPowerups
0    151e8 CG_PlayerShieldHit
0    1525c CG_DrawPlayerShield
0    15310 CG_PlayerHitFX
0    1533b CG_LightVerts
0    1546b CG_DoSaber
0    1568c CG_GetTagWorldPosition
0    15755 CG_CreateSaberMarks
0    15a54 CG_AddSaberBlade
0    160d1 CG_IsMindTricked
0    16123 CG_DrawPlayerSphere
0    161c0 CG_AddLightningBeam
0    16363 CG_AddRandomLightning
0    16459 CG_ThereIsAMaster
0    16484 CG_Player
0    1835b CG_ResetPlayerEntity
0    184c0 CG_CheckAmmo
0    184c3 CG_DamageFeedback
0    18606 CG_Respawn
0    18617 CG_CheckPlayerstateEvents
0    186f9 CG_CheckChangedPredictableEvents
0    18786 CG_CheckLocalSounds
0    1897e CG_TransitionPlayerState
0    18a34 CG_BuildSolidList
0    18ac3 CG_ClipMoveToEntities
0    18bd4 CG_Trace
0    18c18 CG_PointContents
0    18c88 CG_InterpolatePlayerState
0    18dbd CG_TouchItem
0    18eaf CG_TouchTriggerPrediction
0    18f66 CG_EntityStateToPlayerState
0    19100 CG_PredictPlayerState
0    1947b CGSagaGetValueGroup
0    19576 CGSagaGetPairedValue
0    1974e CG_InitSagaMode
0    197e1 CG_SagaRoundOver
0    198b8 CG_SagaObjectiveCompleted
0    199db CG_DrawClientScore
0    19ca0 CG_TeamScoreboard
0    19d1d CG_GetTeamCount
0    19d5f CG_DrawOldScoreboard
0    1a350 CG_ValidOrder
0    1a382 CG_ParseScores
0    1a5b6 CG_ParseTeamInfo
0    1a685 CG_ParseServerinfo
0    1a842 CG_ParseWarmup
0    1a861 CG_SetConfigValues
0    1a97d CG_ShaderStateChanged
0    1aa35 CG_ConfigStringModified
0    1acec CG_AddToTeamChat
0    1ae67 CG_KillCEntityInstances
0    1af78 CG_MapRestart
0    1b002 CG_ParseVoiceChats
0    1b265 CG_LoadVoiceChats
0    1b2c7 CG_HeadModelVoiceChats
0    1b361 CG_GetVoiceChat
0    1b3d5 CG_VoiceChatListForClient
0    1b3f1 CG_PlayVoiceChat
0    1b46b CG_PlayBufferedVoiceChats
0    1b499 CG_AddBufferedVoiceChat
0    1b4d8 CG_VoiceChatLocal
0    1b58a CG_VoiceChat
0    1b623 CG_RemoveChatEscapeChar
0    1b669 CG_CheckSVStripEdRef
0    1b796 CG_ServerCommand
0    1bab5 CG_ExecuteNewServerCommands
0    1badc CG_ResetEntity
0    1bb20 CG_TransitionEntity
0    1bb4d CG_SetInitialSnapshot
0    1bc0e CG_TransitionSnapshot
0    1bd14 CG_SetNextSnap
0    1bdfb CG_ReadNextSnapshot
0    1be6a CG_ProcessSnapshots
0    1bf1a CreepToPosition
0    1c0e7 TurretClientRun
0    1c3e9 CG_TestModel_f
0    1c474 CG_TestGun_f
0    1c480 CG_TestModelNextFrame_f
0    1c496 CG_TestModelPrevFrame_f
0    1c4b3 CG_TestModelNextSkin_f
0    1c4c9 CG_TestModelPrevSkin_f
0    1c4e6 CG_AddTestModel
0    1c571 CG_CalcVrect
0    1c5de CG_StepOffset
0    1c600 CG_CalcIdealThirdPersonViewTarget
0    1c640 CG_CalcIdealThirdPersonViewLocation
0    1c679 CG_ResetThirdPersonViewDamp
0    1c6e6 CG_UpdateThirdPersonTargetDamp
0    1c76d CG_UpdateThirdPersonCameraDamp
0    1c833 CG_OffsetThirdPersonView
0    1c959 CG_OffsetFirstPersonView
0    1cb86 CG_ZoomDown_f
0    1cb96 CG_ZoomUp_f
0    1cba6 CG_CalcFOVFromX
0    1cbe1 CG_CalcFov
0    1cd5e CG_DamageBlendBlob
0    1cfa6 CheckOutOfConstrict
0    1d011 CG_CalcViewValues
0    1d138 CG_PowerupTimerSounds
0    1d178 CG_AddBufferedSound
0    1d1a2 CG_PlayBufferedSounds
0    1d1db CG_UpdateSoundTrackers
0    1d234 CG_SE_UpdateShake
0    1d317 CG_SE_UpdateMusic
0    1d380 CG_CalcScreenEffects
0    1d38d CGCam_Shake
0    1d3a3 CGCam_SetMusicMult
0    1d3c2 CG_DrawActiveFrame
0    1d5dc CG_RegisterWeapon
0    1e129 CG_SetGhoul2InfoRef
0    1e166 CG_RegisterItemVisuals
0    1e2c8 CG_MapTorsoToWeaponFrame
0    1e3ca CG_CalculateWeaponPosition
0    1e4af CG_LightningBolt
0    1e4d4 CG_AddWeaponWithPowerups
0    1e503 CG_AddPlayerWeapon
0    1ea08 CG_AddViewWeapon
0    1ebb9 CG_DrawIconBackground
0    1ed90 CG_WeaponCheck
0    1edc9 CG_WeaponSelectable
0    1ee2a CG_DrawWeaponSelect
0    1f17a CG_NextWeapon_f
0    1f1e0 CG_PrevWeapon_f
0    1f246 CG_Weapon_f
0    1f371 CG_OutOfAmmoChange
0    1f3ba CG_FireATST
0    1f3d8 CG_GetClientWeaponMuzzleBoltPoint
0    1f44e CG_FireWeapon
0    1f616 CG_MissileHitWall
0    1f6f6 CG_MissileHitPlayer
0    1f7ef CG_Tracer
0    1f9fc CG_CalcMuzzlePoint
0    1fbea CG_InitG2Weapons
0    1fc76 CG_ShutDownG2Weapons
0    1fc90 CG_CopyG2WeaponInstance
0    1fcc7 CG_CheckPlayerG2Weapons
0    1fdeb FX_BlasterProjectileThink
0    1fe0d FX_BlasterAltFireThink
0    1fe2f FX_BlasterWeaponHitWall
0    1fe3e FX_BlasterWeaponHitPlayer
0    1fe5f FX_BowcasterProjectileThink
0    1fe81 FX_BowcasterHitWall
0    1fe90 FX_BowcasterHitPlayer
0    1fe9f FX_BowcasterAltProjectileThink
0    1fec1 FX_BryarProjectileThink
0    1fee3 FX_BryarHitWall
0    1fef2 FX_BryarHitPlayer
0    1ff13 FX_BryarAltProjectileThink
0    1ff55 FX_BryarAltHitWall
0    1ff99 FX_BryarAltHitPlayer
0    1ffba FX_TurretProjectileThink
0    1ffdc FX_TurretHitWall
0    1ffeb FX_TurretHitPlayer
0    2000c FX_DEMP2_ProjectileThink
0    2002e FX_DEMP2_HitWall
0    2003d FX_DEMP2_HitPlayer
0    2004c FX_DEMP2_AltBeam
0    2004f FX_DEMP2_AltDetonate
0    200c1 FX_DisruptorMainShot
0    200f8 FX_DisruptorAltShot
0    20165 FX_DisruptorAltMiss
0    20241 FX_DisruptorAltHit
0    20250 FX_DisruptorHitWall
0    2025f FX_DisruptorHitPlayer
0    2026e FX_FlechetteProjectileThink
0    20290 FX_FlechetteWeaponHitWall
0    2029f FX_FlechetteWeaponHitPlayer
0    202ae FX_FlechetteAltProjectileThink
0    202d0 FX_RepeaterProjectileThink
0    202f2 FX_RepeaterHitWall
0    20301 FX_RepeaterHitPlayer
0    20310 FX_RepeaterAltProjectileThink
0    20332 FX_RepeaterAltHitWall
0    20341 FX_RepeaterAltHitPlayer
0    20350 FX_RocketProjectileThink
0    20372 FX_RocketHitWall
0    20381 FX_RocketHitPlayer
0    20390 FX_RocketAltProjectileThink
0    203b2 FX_ForceDrained
0    203e9 PM_SlideMove
0    207d9 PM_StepSlideMove
0    20b28 BG_InSpecialJump
0    20b4d BG_InSaberStandAnim
0    20b73 BG_DirectFlippingAnim
0    20b92 BG_SaberInAttack
0    20bbf BG_SaberInSpecial
0    20bdc BG_SaberInIdle
0    20bf9 BG_FlippingAnim
0    20c41 BG_SpinningSaberAnim
0    20d59 BG_SaberInSpecialAttack
0    20d82 BG_InRoll
0    20da8 BG_InDeathAnim
0    20dcd PM_SaberInParry
0    20de2 PM_SaberInReflect
0    20df7 PM_SaberInStart
0    20e0c PM_InSaberAnim
0    20e23 PM_InKnockDown
0    20e50 PM_PainAnim
0    20e6f PM_JumpingAnim
0    20e8e PM_LandingAnim
0    20ed5 PM_SpinningAnim
0    20ee2 PM_InOnGroundAnim
0    20f3f PM_InRollComplete
0    20f65 PM_AnimLength
0    20f92 PM_DebugLegsAnim
0    20fdd BG_ParseAnimationFile
0    21155 PM_StartLegsAnim
0    211da PM_ContinueLegsAnim
0    211fa PM_ForceLegsAnim
0    2126a PM_StartTorsoAnim
0    212c5 PM_SetLegsAnimTimer
0    212e3 PM_SetTorsoAnimTimer
0    21301 BG_SaberStartTransAnim
0    21350 PM_SetAnimFinal
0    2158c PM_SetAnim
0    21605 PM_GetSaberStance
0    21622 PM_DoSlowFall
0    21645 PM_AddEvent
0    21654 PM_AddEventWithParm
0    21664 PM_AddTouchEnt
0    216b9 PM_ClipVelocity
0    21732 PM_Friction
0    2182e PM_Accelerate
0    218aa PM_CmdScale
0    21941 PM_SetMovementDir
0    21a8d PM_ForceJumpingUp
0    21b4c PM_JumpForDir
0    21bef PM_SetPMViewAngle
0    21c30 PM_AdjustAngleForWallRun
0    21e34 PM_CheckJump
0    22bd0 PM_CheckWaterJump
0    22cb7 PM_WaterJumpMove
0    22cf8 PM_WaterMove
0    22e29 PM_FlyMove
0    22eb4 PM_AirMove
0    22f77 PM_WalkMove
0    23219 PM_DeadMove
0    23292 PM_NoclipMove
0    23404 PM_FootstepForSurface
0    2341d PM_TryRoll
0    2362e PM_CrashLand
0    2393f PM_CorrectAllSolid
0    23a26 PM_GroundTraceMissed
0    23b91 PM_GroundTrace
0    23d24 PM_SetWaterLevel
0    23df1 PM_CheckDuck
0    23fc7 PM_Use
0    24010 PM_RunningAnim
0    2403e PM_Footsteps
0    242b5 PM_WaterEvents
0    2430c PM_BeginWeaponChange
0    24372 PM_FinishWeaponChange
0    243c5 PM_DoChargedWeapons
0    2489f PM_ItemUsable
0    24aca PM_Weapon
0    253f7 PM_Animate
0    25455 PM_DropTimers
0    254df PM_UpdateViewAngles
0    25583 PM_AdjustAttackStates
0    258fb BG_CmdForRoll
0    25950 BG_AdjustClientSpeed
0    25d03 PmoveSingle
0    26179 Pmove
0    26225 swapfunc
0    262ac med3
0    2632f qsort
0    266e8 strlen
0    26703 strcat
0    26746 strcpy
0    2677b strcmp
0    267b4 strchr
0    267d3 strstr
0    26819 tolower
0    26831 toupper
0    26849 memmove
0    26890 tan
0    268a7 srand
0    268ae rand
0    268c3 atof
0    26988 _atof
0    26a53 atoi
0    26acb _atoi
0    26b4d abs
0    26b62 fabs
0    26b77 AddInt
0    26c52 AddFloat
0    26d60 AddString
0    26df7 vsprintf
0    26f8f sscanf
0    26ffa BG_LegalizedForcePowers
0    273c7 vectoyaw
0    27421 BG_HasYsalamiri
0    27450 BG_CanUseFPNow
0    274b7 BG_FindItemForPowerup
0    274f3 BG_FindItemForHoldable
0    2752d BG_FindItemForWeapon
0    27560 BG_FindItem
0    27589 BG_PlayerTouchesItem
0    275e9 BG_ProperForceIndex
0    2760c BG_CycleForce
0    276e4 BG_GetItemIndexByTag
0    27714 BG_CycleInven
0    27780 BG_CanItemBeGrabbed
0    2797d BG_EvaluateTrajectory
0    27b4b BG_EvaluateTrajectoryDelta
0    27c45 BG_AddPredictableEventToPlayerstate
0    27c80 BG_TouchJumpPad
0    27ce4 BG_PlayerStateToEntityState
0    27fef BG_PlayerStateToEntityStateExtraPolate
0    28307 BG_SwingAngles
0    2840c BG_AddPainTwitch
0    2844d BG_G2PlayerAngles
0    285ea BG_Alloc
0    2862a BG_AllocUnaligned
0    2865d BG_TempAlloc
0    28695 BG_TempFree
0    286c2 BG_StringAlloc
0    286e5 BG_OutOfMemory
0    286f7 PM_irand_timesync
0    2872c BG_ForcePowerDrain
0    287ea PM_AttackMoveForQuad
0    2881f PM_SaberAnimTransitionAnim
0    28904 PM_SaberMoveQuadrantForMovement
0    28969 PM_SaberInBounce
0    2898e PM_SaberInTransition
0    289a3 PM_SaberKataDone
0    289e9 PM_SetAnimFrame
0    289f3 PM_SaberLockBreak
0    28cbc PM_SaberLocked
0    28ee0 PM_SaberInBrokenParry
0    28ef5 PM_BrokenParryForParry
0    28f37 PM_CanBackstab
0    28fb8 PM_SaberFlipOverAttackMove
0    290b9 PM_SomeoneInFront
0    29149 PM_SaberLungeAttackMove
0    29193 PM_SaberJumpAttackMove
0    29200 PM_GroundDistance
0    29269 PM_SaberAttackForMovement
0    293bd PM_WeaponLightsaber
0    29bc5 PM_SetSaberMove
0    29d92 Q_rand
0    29da7 Q_random
0    29db9 Q_crandom
0    29dca VectorCompare
0    29e02 VectorLength
0    29e35 VectorLengthSquared
0    29e61 Distance
0    29ea2 DistanceSquared
0    29ef0 VectorNormalizeFast
0    29f4f VectorInverse
0    29f77 CrossProduct
0    29ff0 ClampChar
0    2a007 ClampShort
0    2a01e DirToByte
0    2a079 ByteToDir
0    2a097 ColorBytes3
0    2a106 ColorBytes4
0    2a198 NormalizeColor
0    2a20e PlaneFromPoints
0    2a2cc RotatePointAroundVector
0    2a3d7 RotateAroundDirection
0    2a41b vectoangles
0    2a4d7 AnglesToAxis
0    2a50c AxisClear
0    2a543 AxisCopy
0    2a567 ProjectPointOnPlane
0    2a622 MakeNormalVectors
0    2a6cd VectorRotate
0    2a76a Q_rsqrt
0    2a7a1 Q_fabs
0    2a7b1 LerpAngle
0    2a7e2 AngleSubtract
0    2a807 AnglesSubtract
0    2a855 AngleMod
0    2a867 AngleNormalize360
0    2a875 AngleNormalize180
0    2a890 AngleDelta
0    2a8a0 SetPlaneSignbits
0    2a8cd BoxOnPlaneSide
0    2ac8e RadiusFromBounds
0    2ace1 ClearBounds
0    2ad18 AddPointToBounds
0    2adb1 VectorNormalize
0    2ae21 VectorNormalize2
0    2aeaf _VectorMA
0    2aef1 _DotProduct
0    2af26 _VectorSubtract
0    2af5f _VectorAdd
0    2af98 _VectorCopy
0    2afbf _VectorScale
0    2afef Vector4Scale
0    2b031 Q_log2
0    2b050 MatrixMultiply
0    2b225 AngleVectors
0    2b31d PerpendicularVector
0    2b389 Rand_Init
0    2b390 flrand
0    2b3cb irand
0    2b3fd powf
0    2b420 GetIDForString
0    2b465 GetStringForID
0    2b4a1 Com_Clamp
0    2b4bb COM_SkipPath
0    2b4df COM_StripExtension
0    2b515 COM_DefaultExtension
0    2b55d ShortSwap
0    2b57d ShortNoSwap
0    2b588 LongSwap
0    2b5bb LongNoSwap
0    2b5c1 Long64Swap
0    2b5fe Long64NoSwap
0    2b606 FloatSwap
0    2b61c FloatNoSwap
0    2b623 COM_BeginParseSession
0    2b635 COM_GetCurrentParseLine
0    2b63b COM_Parse
0    2b64a COM_ParseError
0    2b66a COM_ParseWarning
0    2b68a SkipWhitespace
0    2b6c1 COM_Compress
0    2b814 COM_ParseExt
0    2b960 COM_MatchToken
0    2b989 SkipBracedSection
0    2b9c7 SkipRestOfLine
0    2b9ff Parse1DMatrix
0    2ba3e Parse2DMatrix
0    2ba79 Parse3DMatrix
0    2babe Q_isprint
0    2bad3 Q_islower
0    2bae8 Q_isupper
0    2bafd Q_isalpha
0    2bb1e Q_strrchr
0    2bb52 Q_strncpyz
0    2bb8d Q_stricmpn
0    2bc18 Q_strncmp
0    2bc6a Q_stricmp
0    2bc92 Q_strlwr
0    2bcb8 Q_strupr
0    2bcde Q_strcat
0    2bd0a Q_PrintStrlen
0    2bd5a Q_CleanStr
0    2bdc0 Com_sprintf
0    2bdff va
0    2be2c Info_ValueForKey
0    2bf0c Info_NextPair
0    2bfaa Info_RemoveKey
0    2c07a Info_RemoveKey_Big
0    2c14a Info_Validate
0    2c171 Info_SetValueForKey
0    2c241 Info_SetValueForKey_Big
0    2c309 Q_irand
0    2c321 UI_Alloc
0    2c35b UI_InitMemory
0    2c364 UI_OutOfMemory
0    2c36a hashForString
0    2c3aa String_Alloc
0    2c483 String_Report
0    2c4cc String_Init
0    2c510 PC_SourceWarning
0    2c540 PC_SourceError
0    2c570 LerpColor
0    2c5cb Float_Parse
0    2c5f7 PC_Float_Parse
0    2c64c Color_Parse
0    2c679 PC_Color_Parse
0    2c6a6 Int_Parse
0    2c6d2 PC_Int_Parse
0    2c72a Rect_Parse
0    2c771 PC_Rect_Parse
0    2c7b8 String_Parse
0    2c7e4 PC_String_Parse
0    2c859 PC_Script_Parse
0    2c8db Init_Display
0    2c8e2 GradientBar_Paint
0    2c928 Window_Init
0    2c964 Fade
0    2c9d5 Window_Paint
0    2cd1f Item_SetScreenCoords
0    2cdb3 Item_UpdatePosition
0    2ce06 Menu_UpdatePosition
0    2ce5d Menu_PostParse
0    2ce89 Menu_ClearFocus
0    2cf0c IsVisible
0    2cf2f Rect_ContainsPoint
0    2cf74 Menu_ItemsMatchingGroup
0    2cfd0 Menu_GetMatchingItemByNumber
0    2d03d Script_SetColor
0    2d0d7 Script_SetAsset
0    2d0f0 Script_SetBackground
0    2d112 Menu_FindItemByName
0    2d161 Script_SetTeamColor
0    2d196 Script_SetItemColor
0    2d26f Script_SetItemRect
0    2d2ed Menu_ShowItemByName
0    2d35f Menu_FadeItemByName
0    2d3d8 Menus_FindByName
0    2d409 Menus_ShowByName
0    2d421 Menus_OpenByName
0    2d42a Menu_RunCloseScript
0    2d459 Menus_CloseByName
0    2d4b9 Menus_CloseAll
0    2d4ef Script_Show
0    2d50f Script_Hide
0    2d52f Script_FadeIn
0    2d54f Script_FadeOut
0    2d56f Script_Open
0    2d587 Script_Close
0    2d5b1 Menu_TransitionItemByName
0    2d69c Script_Defer
0    2d6c3 Script_RunDeferred
0    2d6dd Script_Transition
0    2d73f Menu_OrbitItemByName
0    2d7ac Script_Orbit
0    2d81a Script_SetFocus
0    2d8a5 Script_SetPlayerModel
0    2d8c3 Script_SetPlayerHead
0    2d8e1 Script_SetCvar
0    2d90d Script_SetCvarToCvar
0    2d946 Script_Exec
0    2d96d Script_Play
0    2d996 Script_playLooped
0    2d9c2 Item_RunScript
0    2da5f Item_EnableShowViaCvar
0    2db38 Item_SetFocus
0    2dca4 Item_TextScroll_MaxScroll
0    2dcd3 Item_TextScroll_ThumbPosition
0    2dd1d Item_TextScroll_ThumbDrawPosition
0    2dd86 Item_TextScroll_OverLB
0    2de6e Item_TextScroll_MouseEnter
0    2de9f Item_TextScroll_HandleKey
0    2e035 Item_ListBox_MaxScroll
0    2e08f Item_ListBox_ThumbPosition
0    2e116 Item_ListBox_ThumbDrawPosition
0    2e1db Item_Slider_ThumbPosition
0    2e273 Item_Slider_OverSlider
0    2e2a8 Item_ListBox_OverLB
0    2e473 Item_ListBox_MouseEnter
0    2e5a8 Item_MouseEnter
0    2e6ca Item_MouseLeave
0    2e716 Menu_HitTest
0    2e754 Item_SetMouseOver
0    2e77d Item_OwnerDraw_HandleKey
0    2e7b7 Item_ListBox_HandleKey
0    2ecd4 Item_YesNo_HandleKey
0    2ed5a Item_Multi_CountSettings
0    2ed72 Item_Multi_FindCvarByValue
0    2edf7 Item_Multi_Setting
0    2ee88 Item_Multi_HandleKey
0    2ef7b Item_TextField_HandleKey
0    2f2ff Scroll_TextScroll_AutoFunc
0    2f35c Scroll_TextScroll_ThumbFunc
0    2f44b Scroll_ListBox_AutoFunc
0    2f4a8 Scroll_ListBox_ThumbFunc
0    2f62f Scroll_Slider_ThumbFunc
0    2f6c9 Item_StartCapture
0    2f83e Item_StopCapture
0    2f841 Item_Slider_HandleKey
0    2f93d Item_HandleKey
0    2fa4d Item_Action
0    2fa64 Menu_SetPrevCursorItem
0    2fb3a Menu_SetNextCursorItem
0    2fc07 Window_CloseCinematic
0    2fc2f Menu_CloseCinematics
0    2fc83 Display_CloseCinematics
0    2fca0 Menus_Activate
0    2fcf7 Display_VisibleMenuCount
0    2fd21 Menus_HandleOOBClick
0    2fde4 Item_CorrectedTextRect
0    2fe0c Menu_HandleKey
0    3012d ToWindowCoords
0    30175 Rect_ToWindowCoords
0    3018a Item_SetTextExtents
0    3032e Item_TextColor
0    30474 Item_Text_AutoWrapped_Paint
0    30624 Item_Text_Wrapped_Paint
0    30731 Item_Text_Paint
0    30822 Item_TextField_Paint
0    30998 Item_YesNo_Paint
0    30acc Item_Multi_Paint
0    30bba Controls_GetKeyAssignment
0    30c18 Controls_GetConfig
0    30c4a Controls_SetConfig
0    30ca1 BindingIDFromName
0    30cce BindingFromName
0    30d5f Item_Slider_Paint
0    30e62 Item_Bind_Paint
0    3103b Display_KeyBindPending
0    31041 Item_Bind_HandleKey
0    3124c Item_Model_Paint
0    3137c Item_Image_Paint
0    313c3 Item_TextScroll_Paint
0    31555 Item_ListBox_Paint
0    31b0c Item_OwnerDraw_Paint
0    31dd2 Item_Paint
0    323bc Menu_Init
0    323f3 Menu_GetFocusedItem
0    32432 Menu_GetFocused
0    3246d Menu_ScrollFeeder
0    324c0 Menu_SetFeederSelection
0    32555 Menus_AnyFullScreenVisible
0    32589 Menus_ActivateByName
0    32618 Item_Init
0    32631 Menu_HandleMouseMove
0    32789 Menu_Paint
0    328e4 Item_ValidateTypeData
0    329a8 KeywordHash_Key
0    32a0c KeywordHash_Add
0    32a32 KeywordHash_Find
0    32a6d ItemParse_name
0    32a86 ItemParse_focusSound
0    32aae ItemParse_text
0    32ac7 ItemParse_descText
0    32ae0 ItemParse_text2
0    32af9 ItemParse_text2alignx
0    32b12 ItemParse_text2aligny
0    32b2b ItemParse_group
0    32b44 ItemParse_asset_model
0    32b84 ItemParse_asset_shader
0    32baa ItemParse_model_origin
0    32bf0 ItemParse_model_fovx
0    32c16 ItemParse_model_fovy
0    32c3c ItemParse_model_rotation
0    32c62 ItemParse_model_angle
0    32c86 ItemParse_rect
0    32c9f ItemParse_flag
0    32d0a ItemParse_style
0    32d28 ItemParse_decoration
0    32d3b ItemParse_notselectable
0    32d5e ItemParse_wrapped
0    32d71 ItemParse_autowrapped
0    32d84 ItemParse_horizontalscroll
0    32d97 ItemParse_type
0    32db6 ItemParse_elementwidth
0    32ddc ItemParse_elementheight
0    32e02 ItemParse_feeder
0    32e1b ItemParse_elementtype
0    32e4c ItemParse_columns
0    32eef ItemParse_border
0    32f08 ItemParse_bordersize
0    32f21 ItemParse_visible
0    32f49 ItemParse_ownerdraw
0    32f68 ItemParse_align
0    32f81 ItemParse_textalign
0    32f9f ItemParse_textalignx
0    32fb8 ItemParse_textaligny
0    32fd1 ItemParse_textscale
0    32fea ItemParse_textstyle
0    33003 ItemParse_backcolor
0    33032 ItemParse_forecolor
0    3306f ItemParse_bordercolor
0    3309e ItemParse_outlinecolor
0    330b7 ItemParse_background
0    330dd ItemParse_cinematic
0    330f6 ItemParse_doubleClick
0    33127 ItemParse_onFocus
0    33140 ItemParse_leaveFocus
0    33159 ItemParse_mouseEnter
0    33172 ItemParse_mouseExit
0    3318b ItemParse_mouseEnterText
0    331a4 ItemParse_mouseExitText
0    331bd ItemParse_action
0    331d6 ItemParse_special
0    331ef ItemParse_cvarTest
0    33208 ItemParse_cvar
0    33269 ItemParse_font
0    33288 ItemParse_maxChars
0    332bd ItemParse_maxPaintChars
0    332f2 ItemParse_maxLineChars
0    33327 ItemParse_lineHeight
0    3335d ItemParse_cvarFloat
0    333bc ItemParse_cvarStrList
0    3347e ItemParse_cvarFloatList
0    3353c ItemParse_addColorRange
0    3359e ItemParse_ownerdrawFlag
0    335c3 ItemParse_enableCvar
0    335e2 ItemParse_disableCvar
0    33601 ItemParse_showCvar
0    33620 ItemParse_hideCvar
0    3363f ItemParse_Appearance_slot
0    33658 Item_SetupKeywordHash
0    33684 Item_Parse
0    33703 Item_TextScroll_BuildLines
0    33842 Item_InitControls
0    3387f MenuParse_font
0    338c2 MenuParse_name
0    338ef MenuParse_fullscreen
0    3390c MenuParse_rect
0    33927 MenuParse_style
0    33949 MenuParse_visible
0    33975 MenuParse_onOpen
0    33992 MenuParse_onClose
0    339af MenuParse_onESC
0    339cc MenuParse_border
0    339e9 MenuParse_borderSize
0    33a06 MenuParse_backcolor
0    33a39 MenuParse_descAlignment
0    33a5b MenuParse_descX
0    33a78 MenuParse_descY
0    33a95 MenuParse_descScale
0    33ab2 MenuParse_descColor
0    33ae5 MenuParse_forecolor
0    33b26 MenuParse_bordercolor
0    33b59 MenuParse_focuscolor
0    33b8c MenuParse_disablecolor
0    33bbf MenuParse_outlinecolor
0    33bdc MenuParse_background
0    33c06 MenuParse_cinematic
0    33c23 MenuParse_ownerdrawFlag
0    33c4c MenuParse_ownerdraw
0    33c69 MenuParse_popup
0    33c80 MenuParse_outOfBounds
0    33c97 MenuParse_soundLoop
0    33cb4 MenuParse_fadeClamp
0    33cd1 MenuParse_fadeAmount
0    33cee MenuParse_fadeCycle
0    33d0b MenuParse_itemDef
0    33d90 MenuParse_appearanceIncrement
0    33dad Menu_SetupKeywordHash
0    33dd9 Menu_Parse
0    33e58 Menu_New
0    33e8c Menu_Count
0    33e92 Menu_PaintAll
0    33f29 Menu_Reset
0    33f2f Display_GetContext
0    33f35 Display_CaptureItem
0    33f6a Display_MouseMove
0    33fe2 Display_CursorType
0    3402e Display_HandleKey
0    3405b Window_CacheContents
0    34094 Item_CacheContents
0    340a1 Menu_CacheContents
0    340ed Display_CacheAll
0    3410a Menu_OverActiveItem
0    341bd CG_InitTeamChat
0    341db CG_SetPrintString
0    341fb CG_CheckOrderPending
0    342dc CG_SetSelectedPlayerName
0    34329 CG_GetSelectedPlayer
0    3433b CG_SelectNextPlayer
0    3435d CG_SelectPrevPlayer
0    34380 CG_StatusHandle
0    343cc CG_GetValue
0    344b2 CG_OtherTeamHasFlag
0    344e7 CG_YourTeamHasFlag
0    3451c CG_OwnerDrawVisible
0    34639 CG_GetKillerText
0    3465b CG_GetGameStatusText
0    346d3 CG_GameTypeString
0    34710 CG_Text_Paint_Limit
0    347fc CG_DrawNewTeamInfo
0    34a67 CG_DrawTeamSpectators
0    34bb2 CG_DrawMedal
0    34cfa CG_OwnerDraw
0    34cfd CG_MouseEvent
0    34d8f CG_HideTeamMenu
0    34d9c CG_ShowTeamMenu
0    34da4 CG_EventHandling
0    34dbe CG_KeyEvent
0    34e17 CG_ClientNumFromName
0    34e4e CG_ShowResponseHead
0    34e61 CG_RunMenuScript
0    34e64 CG_DeferMenuScript
0    34e69 CG_GetTeamColor
1        4 colorTable
1      434 HolocronIcons
1      47c forceModelModificationCount
1      4e4 cvarTable
1      be4 cvarTableSize
1      c8c forceTicPos
1      ddc ammoTicPos
1      f2c commands
1     10ac menuScoreboard
1     10b0 bluehudtint
1     10c0 redhudtint
1     10d0 showPowersName
1     115c g_saberFlashTime
1     1160 g_saberFlashPos
1     1180 cgRageTime
1     1184 cgRageFadeTime
1     1188 cgRageFadeVal
1     118c cgRageRecTime
1     1190 cgRageRecFadeTime
1     1194 cgRageRecFadeVal
1     1198 cgAbsorbTime
1     119c cgAbsorbFadeTime
1     11a0 cgAbsorbFadeVal
1     11a4 cgProtectTime
1     11a8 cgProtectFadeTime
1     11ac cgProtectFadeVal
1     11b0 cgYsalTime
1     11b4 cgYsalFadeTime
1     11b8 cgYsalFadeVal
1     11bc gCGHasFallVector
1     11e0 forceHolocronModels
1     1724 shaderAnimNames
1     17a4 shaderAnimCounts
1     1824 shaderAnimSTRatio
1     18a4 cl_numparticles
1     18a8 initparticles
1     18ac roll
1     18b0 cg_customSoundNames
1     193c cgQueueLoad
1     1a28 cgAnnouncerTime
1     1a74 numValidOrders
1     1a78 cameramins
1     1a84 cameramaxs
1     1a90 cameraCurTarget
1     1a9c cameraCurLoc
1     1aa8 cameraOldLoc
1     1ab4 cameraNewLoc
1     1ac0 cameraLastFrame
1     1ac4 cameraLastYaw
1     1ac8 cameraStiffFactor
1     1b08 cgWeapFrame
1     1b0c cgWeapFrameTime
1     1c00 WHITE
1     1c18 WP_MuzzlePoint
1     1cd8 weaponData
1     2058 ammoData
1     2080 animTable
1     46a8 BGPAFtextLoaded
1     46ac gPMDoSlowFall
1     46b0 pm_stopspeed
1     46b4 pm_duckScale
1     46b8 pm_swimScale
1     46bc pm_wadeScale
1     46c0 pm_accelerate
1     46c4 pm_airaccelerate
1     46c8 pm_wateraccelerate
1     46cc pm_flyaccelerate
1     46d0 pm_friction
1     46d4 pm_waterfriction
1     46d8 pm_flightfriction
1     46dc pm_spectatorfriction
1     46e0 c_pmove
1     46e4 forceSpeedLevels
1     46f4 forcePowerNeeded
1     4814 forceJumpHeight
1     4824 forceJumpStrength
1     48c8 randSeed
1     493c forceMasteryLevels
1     495c forceMasteryPoints
1     497c bgForcePowerCost
1     4a9c forcePowerSorted
1     4ae4 forcePowerDarkLight
1     4b2c WeaponReadyAnim
1     4b6c WeaponAttackAnim
1     4bac bg_itemlist
1     5468 bg_numItems
1     54c0 eventnames
1     5698 bg_poolSize
1     569c bg_poolTail
1     56a0 saberMoveData
1     6910 transitionMove
1     6bb8 vec3_origin
1     6bc4 axisDefault
1     1a2c validOrders
1     6be8 colorBlack
1     6bf8 colorRed
1     6c08 colorGreen
1     6c18 colorBlue
1     6c28 colorYellow
1     6c38 colorMagenta
1     6c48 colorCyan
1     6c58 colorWhite
1     6c68 colorLtGrey
1     6c78 colorMdGrey
1     6c88 colorDkGrey
1     6c98 colorLtBlue
1     6ca8 colorDkBlue
1     6cb8 g_color_table
1     6d38 bytedirs
1     74f0 holdrand
1     74fc captureFunc
1     7500 captureData
1     7504 itemCapture
1     7508 DC
1     750c g_waitingForKey
1     7510 g_editingField
1     7514 g_bindItem
1     7518 g_editItem
1     751c menuCount
1     7520 openMenuCount
1     7524 debugMode
1     7528 lastListBoxClickTime
1     752c itemFlags
1     753c styles
1     7558 alignment
1     7568 types
1     75a8 strPoolIndex
1     75ac strHandleCount
1     75b8 FPMessageTime
1     75bc ui_deferredScriptItem
1     75c0 commandList
1     7680 scriptCommandCount
1     7748 g_bindings
1     8018 itemParseKeywords
1     8378 menuParseKeywords
1     852c drawTeamOverlayModificationCount
1     7fa0 g_bindCount
2   752ae8 _stackStart
2   762ae8 _stackEnd
3     8400 cg_pmove_msec
3     8510 cg_debugSaber
3     8620 cgDC
3     b440 cg_debugBB
3     b550 ui_myteam
3     b660 cg_recordSPDemoName
3     b770 cg_recordSPDemo
3     b880 cg_singlePlayerActive
3     b990 cg_enableBreath
3     baa0 cg_enableDust
3     bbb0 cg_singlePlayer
3     bcc0 cg_currentSelectedPlayerName
3     bdd0 cg_currentSelectedPlayer
3     bee0 cg_blueTeamName
3     bff0 cg_redTeamName
3     c100 cg_trueLightning
3     c210 cg_noProjectileTrail
3     c320 cg_noTaunt
3     c430 cg_bigFont
3     c540 cg_smallFont
3     c650 cg_cameraMode
3     c760 cg_timescale
3     c870 cg_timescaleFadeSpeed
3     c980 cg_timescaleFadeEnd
3     ca90 cg_cameraOrbitDelay
3     cba0 cg_cameraOrbit
3     ccb0 pmove_msec
3     cdc0 pmove_fixed
3     ced0 cg_smoothClients
3     cfe0 cg_hudFiles
3     d0f0 cg_scorePlum
3     d200 cg_noVoiceText
3     d310 cg_noVoiceChats
3     d420 cg_teamChatsOnly
3     d530 cg_drawFriend
3     d640 cg_deferPlayers
3     d750 cg_predictItems
3     d860 cg_blood
3     d970 cg_paused
3     da80 cg_buildScript
3     db90 cg_forceModel
3     dca0 cg_stats
3     ddb0 cg_teamChatHeight
3     dec0 cg_teamChatTime
3     dfd0 cg_synchronousClients
3     e0e0 cg_drawEnemyInfo
3     e1f0 cg_lagometer
3     e300 cg_stereoSeparation
3     e410 cg_thirdPersonHorzOffset
3     e520 cg_thirdPersonAlpha
3     e630 cg_thirdPersonTargetDamp
3     e740 cg_thirdPersonCameraDamp
3     e850 cg_thirdPersonVertOffset
3     e960 cg_thirdPersonPitchOffset
3     ea70 cg_thirdPersonAngle
3     eb80 cg_thirdPersonRange
3     ec90 cg_thirdPerson
3     eda0 cg_dismember
3     eeb0 cg_animBlend
3     efc0 cg_auraShell
3     f0d0 cg_speedTrail
3     f1e0 cg_saberTrail
3     f2f0 cg_saberContact
3     f400 cg_swingAngles
3     f510 cg_zoomFov
3     f620 cg_fov
3     f730 cg_simpleItems
3     f840 cg_ignore
3     f950 cg_autoswitch
3     fa60 cg_tracerLength
3     fb70 cg_tracerWidth
3     fc80 cg_tracerChance
3     fd90 cg_viewsize
3     fea0 cg_drawGun
3     ffb0 cg_gun_z
3    100c0 cg_gun_y
3    101d0 cg_gun_x
3    102e0 cg_gun_frame
3    103f0 cg_addMarks
3    10500 cg_footsteps
3    10610 cg_showmiss
3    10720 cg_noPlayerAnims
3    10830 cg_nopredict
3    10940 cg_errorDecay
3    10a50 cg_debugEvents
3    10b60 cg_debugPosition
3    10c70 cg_debugAnim
3    10d80 cg_animSpeed
3    10e90 cg_draw2D
3    10fa0 cg_drawStatus
3    110b0 cg_crosshairHealth
3    111c0 cg_crosshairSize
3    112d0 cg_crosshairY
3    113e0 cg_crosshairX
3    114f0 cg_teamOverlayUserinfo
3    11600 cg_drawTeamOverlay
3    11710 cg_drawRewards
3    11820 cg_dynamicCrosshair
3    11930 cg_drawScores
3    11a40 cg_drawCrosshairNames
3    11b50 cg_drawCrosshair
3    11c60 cg_drawAmmoWarning
3    11d70 cg_drawIcons
3    11e80 cg_draw3dIcons
3    11f90 cg_drawSnapshot
3    120a0 cg_drawFPS
3    121b0 cg_drawTimer
3    122c0 cg_gibs
3    123d0 cg_shadows
3    124e0 cg_bobroll
3    125f0 cg_bobpitch
3    12700 cg_bobup
3    12810 cg_runroll
3    12920 cg_runpitch
3    12a30 cg_centertime
3    12b40 cg_items
3    16340 cg_weapons
3    17040 cg_entities
3   1f7040 cg
3   220948 cgs
3   232190 gCGFallVector
3   23219c lagometer
3   2327a4 lastvalidlockdif
3   2327a8 hudTintColor
3   2327ac teamChat2
3   2328ac teamChat1
3   2329ac systemChat
3   232aac numSortedTeamPlayers
3   232ab0 sortedTeamPlayers
3   232b4c offZ
3   23318c offX
3   23380c lastofs
3   233810 cl_lightstyle
3   237a10 cg_freeLocalEntities
3   237a14 cg_activeLocalEntities
3   237be0 cg_localEntities
3   2713e0 oldtime
3   2713e4 rup
3   2713f0 rright
3   2713fc rforward
3   271408 pvup
3   271414 pvright
3   271420 pvforward
3   27142c particles
3   29042c free_particles
3   290430 active_particles
3   290434 numShaderAnims
3   290438 shaderAnims
3   292438 markTotal
3   29243c cg_freeMarkPolys
3   292440 cg_activeMarkPolys
3   292560 cg_markPolys
3   2a4560 cgBoneAnglePostSet
3   2a4598 cgSendPS
3   2af098 cg_triggerEntities
3   2af498 cg_numTriggerEntities
3   2af49c cg_solidEntities
3   2af89c cg_numSolidEntities
3   2af8a0 cg_pmove
3   2afa18 cg_saga_valid
3   2afa1c cg_saga_info
3   2b1a1c localClient
3   2b1a20 voiceChatBuffer
3   2b4120 voiceChatLists
3   4dcb60 zoomFov
3   4dcb64 cameraIdealLoc
3   4dcb70 cameraIdealTarget
3   4dcb7c cameraFocusLoc
3   4dcb88 cameraFocusAngles
3   4dcb94 cameraup
3   4dcba0 camerafwd
3   4dcbac cgScreenEffects
3   4dcbcc g2WeaponInstances
3   4dcc0c BGPAFtext
3   4e684c bgGlobalAnimations
3   4edf84 pml
3   4ee410 pm
3   4ee414 bg_pool
3   6f7e2c com_lines
3   6f7e30 com_parsename
3   6f8230 com_token
3   6fa640 menuParseKeywordHash
3   6fae40 itemParseKeywordHash
3   6fb640 g_nameBind2
3   6fb660 g_nameBind1
3   6fb680 ui_deferredScript
3   6fbe80 strHandle
3   6fde80 strPool
3   71de80 outOfMemory
3   71de84 allocPoint
3   71de88 memoryPool
3   73de88 menuStack
3   73dec8 Menus
3   752ac8 scrollInfo
