0 fffffda8 trap_G2API_CleanGhoul2Models
0 fffffda9 trap_G2API_RemoveGhoul2Model
0 fffffdaa trap_G2API_HasGhoul2ModelOnIndex
0 fffffdab trap_G2API_DuplicateGhoul2Instance
0 fffffdac trap_G2API_CopySpecificGhoul2Model
0 fffffdad trap_G2API_CopyGhoul2Instance
0 fffffdae trap_G2API_GetGLAName
0 fffffdaf trap_G2API_SetBoneAnim
0 fffffdb0 trap_G2API_SetBoneAngles
0 fffffdb1 trap_G2API_SetBoltInfo
0 fffffdb2 trap_G2API_AddBolt
0 fffffdb3 trap_G2API_InitGhoul2Model
0 fffffdb4 trap_G2API_GetBoltMatrix_NoReconstruct
0 fffffdb5 trap_G2API_GetBoltMatrix
0 fffffdb6 trap_G2_SetGhoul2ModelIndexes
0 fffffdb7 trap_G2_HaveWeGhoul2Models
0 fffffdb8 trap_G2_ListModelSurfaces
0 fffffdb9 trap_G2_ListModelBones
0 fffffdba trap_PC_SourceFileAndLine
0 fffffdbb trap_PC_ReadToken
0 fffffdbc trap_PC_FreeSource
0 fffffdbd trap_PC_LoadSource
0 fffffdbe trap_AAS_PointReachabilityAreaIndex
0 fffffdbf trap_AAS_PredictRoute
0 fffffdc0 trap_AAS_AlternativeRouteGoals
0 fffffdc1 trap_BotAddAvoidSpot
0 fffffdc2 trap_BotSetAvoidGoalTime
0 fffffdc3 trap_BotPredictVisiblePosition
0 fffffdc4 trap_BotRemoveFromAvoidGoals
0 fffffdc5 trap_BotGetChatMessage
0 fffffdc6 trap_BotNumInitialChats
0 fffffdc7 trap_BotGetMapLocationGoal
0 fffffdc8 trap_BotGetNextCampSpotGoal
0 fffffdc9 trap_BotMutateGoalFuzzyLogic
0 fffffdca trap_BotInterbreedGoalFuzzyLogic
0 fffffdcb trap_GeneticParentsAndChildSelection
0 fffffdcc trap_BotResetWeaponState
0 fffffdcd trap_BotFreeWeaponState
0 fffffdce trap_BotAllocWeaponState
0 fffffdcf trap_BotLoadWeaponWeights
0 fffffdd0 trap_BotGetWeaponInfo
0 fffffdd1 trap_BotChooseBestFightWeapon
0 fffffdd2 trap_BotInitMoveState
0 fffffdd3 trap_BotFreeMoveState
0 fffffdd4 trap_BotAllocMoveState
0 fffffdd5 trap_BotMovementViewTarget
0 fffffdd6 trap_BotReachabilityArea
0 fffffdd7 trap_BotResetLastAvoidReach
0 fffffdd8 trap_BotResetAvoidReach
0 fffffdd9 trap_BotMoveInDirection
0 fffffdda trap_BotMoveToGoal
0 fffffddb trap_BotResetMoveState
0 fffffddc trap_BotFreeGoalState
0 fffffddd trap_BotAllocGoalState
0 fffffdde trap_BotSaveGoalFuzzyLogic
0 fffffddf trap_BotFreeItemWeights
0 fffffde0 trap_BotLoadItemWeights
0 fffffde1 trap_BotUpdateEntityItems
0 fffffde2 trap_BotInitLevelItems
0 fffffde3 trap_BotAvoidGoalTime
0 fffffde4 trap_BotGetLevelItemGoal
0 fffffde5 trap_BotItemGoalInVisButNotVisible
0 fffffde6 trap_BotTouchingGoal
0 fffffde7 trap_BotChooseNBGItem
0 fffffde8 trap_BotChooseLTGItem
0 fffffde9 trap_BotGetSecondGoal
0 fffffdea trap_BotGetTopGoal
0 fffffdeb trap_BotGoalName
0 fffffdec trap_BotDumpGoalStack
0 fffffded trap_BotDumpAvoidGoals
0 fffffdee trap_BotEmptyGoalStack
0 fffffdef trap_BotPopGoal
0 fffffdf0 trap_BotPushGoal
0 fffffdf1 trap_BotResetAvoidGoals
0 fffffdf2 trap_BotResetGoalState
0 fffffdf3 trap_BotSetChatName
0 fffffdf4 trap_BotSetChatGender
0 fffffdf5 trap_BotLoadChatFile
0 fffffdf6 trap_BotReplaceSynonyms
0 fffffdf7 trap_UnifyWhiteSpaces
0 fffffdf8 trap_BotMatchVariable
0 fffffdf9 trap_BotFindMatch
0 fffffdfa trap_StringContains
0 fffffdfb trap_BotEnterChat
0 fffffdfc trap_BotChatLength
0 fffffdfd trap_BotReplyChat
0 fffffdfe trap_BotInitialChat
0 fffffdff trap_BotNumConsoleMessages
0 fffffe00 trap_BotNextConsoleMessage
0 fffffe01 trap_BotRemoveConsoleMessage
0 fffffe02 trap_BotQueueConsoleMessage
0 fffffe03 trap_BotFreeChatState
0 fffffe04 trap_BotAllocChatState
0 fffffe05 trap_Characteristic_String
0 fffffe06 trap_Characteristic_BInteger
0 fffffe07 trap_Characteristic_Integer
0 fffffe08 trap_Characteristic_BFloat
0 fffffe09 trap_Characteristic_Float
0 fffffe0a trap_BotFreeCharacter
0 fffffe0b trap_BotLoadCharacter
0 fffffe56 trap_EA_ResetInput
0 fffffe57 trap_EA_GetInput
0 fffffe58 trap_EA_EndRegular
0 fffffe59 trap_EA_View
0 fffffe5a trap_EA_Move
0 fffffe5b trap_EA_DelayedJump
0 fffffe5c trap_EA_Jump
0 fffffe5d trap_EA_SelectWeapon
0 fffffe5e trap_EA_MoveRight
0 fffffe5f trap_EA_MoveLeft
0 fffffe60 trap_EA_MoveBack
0 fffffe61 trap_EA_MoveForward
0 fffffe62 trap_EA_MoveDown
0 fffffe63 trap_EA_MoveUp
0 fffffe64 trap_EA_Crouch
0 fffffe65 trap_EA_Respawn
0 fffffe66 trap_EA_Use
0 fffffe67 trap_EA_ForcePower
0 fffffe68 trap_EA_Alt_Attack
0 fffffe69 trap_EA_Attack
0 fffffe6a trap_EA_Talk
0 fffffe6b trap_EA_Gesture
0 fffffe6c trap_EA_Action
0 fffffe6d trap_EA_Command
0 fffffe6e trap_EA_SayTeam
0 fffffe6f trap_EA_Say
0 fffffec1 trap_AAS_PredictClientMovement
0 fffffec2 trap_AAS_Swimming
0 fffffec3 trap_AAS_AreaTravelTimeToGoalArea
0 fffffec4 trap_AAS_AreaReachability
0 fffffec5 trap_AAS_IntForBSPEpairKey
0 fffffec6 trap_AAS_FloatForBSPEpairKey
0 fffffec7 trap_AAS_VectorForBSPEpairKey
0 fffffec8 trap_AAS_ValueForBSPEpairKey
0 fffffec9 trap_AAS_NextBSPEntity
0 fffffeca trap_AAS_PointContents
0 fffffecb trap_AAS_TraceAreas
0 fffffecc trap_AAS_PointAreaNum
0 fffffecd trap_AAS_Time
0 fffffece trap_AAS_PresenceTypeBoundingBox
0 fffffecf trap_AAS_Initialized
0 fffffed0 trap_AAS_EntityInfo
0 fffffed1 trap_AAS_AreaInfo
0 fffffed2 trap_AAS_BBoxAreas
0 fffffed3 trap_AAS_EnableRoutingArea
0 ffffff2c trap_BotUserCommand
0 ffffff2d trap_BotGetServerCommand
0 ffffff2e trap_BotGetSnapshotEntity
0 ffffff2f trap_BotLibTest
0 ffffff30 trap_BotLibUpdateEntity
0 ffffff31 trap_BotLibLoadMap
0 ffffff32 trap_BotLibStartFrame
0 ffffff33 trap_BotLibDefine
0 ffffff34 trap_BotLibVarGet
0 ffffff35 trap_BotLibVarSet
0 ffffff36 trap_BotLibShutdown
0 ffffff37 trap_BotLibSetup
0 ffffff8c asin
0 ffffff8d acos
0 ffffff90 ceil
0 ffffff91 floor
0 ffffff92 perpendicularvector
0 ffffff93 anglevectors
0 ffffff94 matrixmultiply
0 ffffff95 sqrt
0 ffffff96 atan2
0 ffffff97 cos
0 ffffff98 sin
0 ffffff99 strncpy
0 ffffff9a memcpy
0 ffffff9b memset
0 ffffffcc trap_ROFF_Purge_Ent
0 ffffffcd trap_ROFF_Play
0 ffffffce trap_ROFF_Cache
0 ffffffcf trap_ROFF_UpdateEntities
0 ffffffd0 trap_ROFF_Clean
0 ffffffd1 trap_SP_GetStringTextString
0 ffffffd2 trap_SP_RegisterServer
0 ffffffd3 trap_EntityContactCapsule
0 ffffffd4 trap_TraceCapsule
0 ffffffd5 trap_SnapVector
0 ffffffd6 trap_RealTime
0 ffffffd7 trap_DebugPolygonDelete
0 ffffffd8 trap_DebugPolygonCreate
0 ffffffd9 trap_FS_GetFileList
0 ffffffda trap_GetEntityToken
0 ffffffdb trap_GetUsercmd
0 ffffffdc trap_BotFreeClient
0 ffffffdd trap_BotAllocateClient
0 ffffffde trap_EntityContact
0 ffffffdf trap_EntitiesInBox
0 ffffffe0 trap_UnlinkEntity
0 ffffffe1 trap_LinkEntity
0 ffffffe2 trap_AreasConnected
0 ffffffe3 trap_AdjustAreaPortalState
0 ffffffe4 trap_InPVSIgnorePortals
0 ffffffe5 trap_InPVS
0 ffffffe6 trap_PointContents
0 ffffffe7 trap_Trace
0 ffffffe8 trap_SetBrushModel
0 ffffffe9 trap_GetServerinfo
0 ffffffea trap_SetUserinfo
0 ffffffeb trap_GetUserinfo
0 ffffffec trap_GetConfigstring
0 ffffffed trap_SetConfigstring
0 ffffffee trap_SendServerCommand
0 ffffffef trap_DropClient
0 fffffff0 trap_LocateGameData
0 fffffff1 trap_SendConsoleCommand
0 fffffff2 trap_FS_FCloseFile
0 fffffff3 trap_FS_Write
0 fffffff4 trap_FS_Read
0 fffffff5 trap_FS_FOpenFile
0 fffffff6 trap_Argv
0 fffffff7 trap_Argc
0 fffffff8 trap_Cvar_VariableStringBuffer
0 fffffff9 trap_Cvar_VariableIntegerValue
0 fffffffa trap_Cvar_Set
0 fffffffb trap_Cvar_Update
0 fffffffc trap_Cvar_Register
0 fffffffd trap_Milliseconds
0 fffffffe trap_Error
0 ffffffff trap_Printf
0        0 vmMain
0       a5 G_Printf
0       be G_Error
0       d7 G_FindTeams
0      1db G_RemapTeamShaders
0      1de G_RegisterCvars
0      252 G_UpdateCvars
0      2c6 G_InitGame
0      42d G_ShutdownGame
0      465 Com_Error
0      480 Com_Printf
0      49b AddTournamentPlayer
0      514 RemoveTournamentLoser
0      53b RemoveTournamentWinner
0      562 AdjustTournamentScores
0      5c8 SortRanks
0      69d CalculateRanks
0      94d SendScoreboardMessageToAllClients
0      976 MoveClientToIntermission
0      9e6 FindIntermissionPoint
0      a54 BeginIntermission
0      ac7 DuelLimitHit
0      afe DuelResetWinsLosses
0      b2f ExitLevel
0      bbc G_LogPrintf
0      c28 LogExit
0      d11 CheckIntermissionExit
0      e86 ScoreIsTied
0      ecf CheckExitRules
0     104c CheckTournament
0     116f CheckVote
0     1253 PrintTeam
0     127e SetLeader
0     1341 CheckTeamLeader
0     13d9 CheckTeamVote
0     14d2 CheckCvars
0     14ff G_RunThink
0     1538 G_RunFrame
0     171f G_GetStripEdString
0     1730 BotStraightTPOrderCheck
0     179a BotSelectWeapon
0     17ac BotReportStatus
0     180b BotOrder
0     19a6 BotMindTricked
0     1a1d BotAI_Print
0     1a20 IsTeamplay
0     1a2d BotAI_GetClientState
0     1a5e BotAI_GetEntityState
0     1aa3 BotAI_GetSnapshotEntity
0     1ad4 BotEntityInfo
0     1ae0 NumBots
0     1ae6 AngleDifference
0     1b0e BotChangeViewAngle
0     1b7a BotChangeViewAngles
0     1d19 BotInputToUserCommand
0     1fc5 BotUpdateInput
0     2088 BotAIRegularUpdate
0     2099 RemoveColorEscapeSequences
0     210d BotAI
0     225e BotScheduleBotThink
0     229c PlayersInGame
0     22dd BotAISetupClient
0     23fd BotAIShutdownClient
0     244c BotResetState
0     2537 BotAILoadMap
0     2571 OrgVisible
0     2597 WPOrgVisible
0     262c OrgVisibleBox
0     265c CheckForFunc
0     26af GetNearestVisibleWP
0     2775 PassWayCheck
0     280f TotalTrailDistance
0     28e8 CheckForShorterRoutes
0     2a3a WPConstantRoutine
0     2b94 BotCTFGuardDuty
0     2bb0 WPTouchRoutine
0     2d77 MoveTowardIdealAngles
0     2d87 BotTrace_Strafe
0     2f25 BotTrace_Jump
0     305e BotTrace_Duck
0     3142 PassStandardEnemyChecks
0     3317 BotDamageNotification
0     3418 BotCanHear
0     3516 UpdateEventTracker
0     3579 InFieldOfVision
0     35fb PassLovedOneCheck
0     36cb ScanForEnemies
0     38dd WaitingForNow
0     39b3 BotGetWeaponRange
0     3a03 BotIsAChickenWuss
0     3afd GetNearestBadThing
0     3dac BotDefendFlag
0     3e21 BotGetEnemyFlag
0     3e96 BotGetFlagBack
0     3f8e BotGuardFlagCarrier
0     4086 BotGetFlagHome
0     40fb GetNewFlagPoint
0     4212 CTFTakesPriority
0     451d EntityVisibleBox
0     455a Saga_TargetClosestObjective
0     477e Saga_DefendFromAttackers
0     4874 Saga_CountDefenders
0     48da Saga_CountTeammates
0     492b SagaTakesPriority
0     4c43 JMTakesPriority
0     4d2a BotHasAssociated
0     4de9 GetBestIdleGoal
0     4ed4 GetIdealDestination
0     5493 CommanderBotCTFAI
0     5769 CommanderBotSagaAI
0     5894 BotDoTeamplayAI
0     58bf CommanderBotTeamplayAI
0     5a66 CommanderBotAI
0     5a8f MeleeCombatHandling
0     5bed SaberCombatHandling
0     5f9d BotWeaponCanLead
0     5fe1 BotAimLeading
0     6138 BotAimOffsetGoalAngles
0     633a ShouldSecondaryFire
0     6442 CombatBotAI
0     6624 BotFallbackNavigation
0     66c7 BotTryAnotherWeapon
0     6747 BotWeaponSelectable
0     677d BotSelectIdealWeapon
0     691b BotSelectChoiceWeapon
0     69a9 BotSelectMelee
0     69da GetLoveLevel
0     6a6f BotLovedOneDied
0     6bbc BotDeathNotify
0     6c42 StrafeTracing
0     6d28 PrimFiring
0     6d59 KeepPrimFromFiring
0     6d8e AltFiring
0     6dbf KeepAltFromFiring
0     6df4 CheckForFriendInLOF
0     6ebb BotScanForLeader
0     6f4b BotReplyGreetings
0     6fba CTFFlagMovement
0     719c BotCheckDetPacks
0     72e2 BotUseInventoryItem
0     73bc BotSurfaceNear
0     7421 BotWeaponBlockable
0     7456 StandardBotAI
0     932a BotAIStartFrame
0     9428 BotAISetup
0     94b2 BotAIShutdown
0     94f0 B_TempAlloc
0     94fd B_TempFree
0     9506 B_Alloc
0     9513 B_Free
0     9516 B_InitAlloc
0     9522 B_CleanupAlloc
0     9525 GetValueGroup
0     9620 GetPairedValue
0     97c6 BotDoChat
0     9a93 ParseEmotionalAttachments
0     9bd6 ReadChatGroups
0     9c66 BotUtilizePersonality
0     a10a GetFlagStr
0     a405 G_TestLine
0     a43f BotWaypointRender
0     a66d TransferWPData
0     a791 CreateNewWP
0     a82f CreateNewWP_FromObject
0     a99a RemoveWP
0     a9f0 RemoveWP_InTrail
0     aad5 CreateNewWP_InTrail
0     ac24 TeleportToWP
0     acaa WPFlagsModify
0     ace9 NotWithinRange
0     ad1e NodeHere
0     adb0 CanGetToVector
0     addf CanGetToVectorTravel
0     af03 ConnectTrail
0     b514 OpposingEnds
0     b592 DoorBlockingSection
0     b675 RepairPaths
0     b7a7 OrgVisibleCurve
0     b807 CanForceJumpTo
0     b8f2 CalculatePaths
0     bb6c GetObjectThatTargets
0     bb9b CalculateSagaGoals
0     bcc8 GetNearestVisibleWPToItem
0     bdb4 CalculateWeightGoals
0     bf84 CalculateJumpRoutes
0     c0a8 LoadPathData
0     c44f FlagObjects
0     c67b SavePathData
0     c9bc LoadPath_ThisLevel
0     ca57 GetClosestSpawn
0     caf5 GetNextSpawnInIndex
0     cb99 AcceptBotCommand
0     d00c swapfunc
0     d093 med3
0     d116 qsort
0     d4cf strlen
0     d4ea strcat
0     d52d strcpy
0     d562 strcmp
0     d59b strchr
0     d5ba strstr
0     d600 tolower
0     d618 toupper
0     d630 memmove
0     d677 tan
0     d68e srand
0     d695 rand
0     d6aa atof
0     d76f _atof
0     d83a atoi
0     d8b2 _atoi
0     d934 abs
0     d949 fabs
0     d95e AddInt
0     da39 AddFloat
0     db47 AddString
0     dbde vsprintf
0     dd76 sscanf
0     dde1 BG_LegalizedForcePowers
0     e1ae vectoyaw
0     e208 BG_HasYsalamiri
0     e237 BG_CanUseFPNow
0     e29e BG_FindItemForPowerup
0     e2da BG_FindItemForHoldable
0     e314 BG_FindItemForWeapon
0     e347 BG_FindItem
0     e370 BG_PlayerTouchesItem
0     e3d0 BG_ProperForceIndex
0     e3f3 BG_CycleForce
0     e4cb BG_GetItemIndexByTag
0     e4fb BG_CycleInven
0     e567 BG_CanItemBeGrabbed
0     e764 BG_EvaluateTrajectory
0     e932 BG_EvaluateTrajectoryDelta
0     ea2c BG_AddPredictableEventToPlayerstate
0     ea67 BG_TouchJumpPad
0     eacb BG_PlayerStateToEntityState
0     edd6 BG_PlayerStateToEntityStateExtraPolate
0     f0ee BG_SwingAngles
0     f1f3 BG_AddPainTwitch
0     f234 BG_G2PlayerAngles
0     f3d1 BG_Alloc
0     f411 BG_AllocUnaligned
0     f444 BG_TempAlloc
0     f47c BG_TempFree
0     f4a9 BG_StringAlloc
0     f4cc BG_OutOfMemory
0     f4de PM_GetSaberStance
0     f4fb PM_DoSlowFall
0     f51e PM_AddEvent
0     f52d PM_AddEventWithParm
0     f53d PM_AddTouchEnt
0     f592 PM_ClipVelocity
0     f60b PM_Friction
0     f707 PM_Accelerate
0     f783 PM_CmdScale
0     f81a PM_SetMovementDir
0     f966 PM_ForceJumpingUp
0     fa25 PM_JumpForDir
0     fac8 PM_SetPMViewAngle
0     fb09 PM_AdjustAngleForWallRun
0     fd0d PM_CheckJump
0    10aa9 PM_CheckWaterJump
0    10b90 PM_WaterJumpMove
0    10bd1 PM_WaterMove
0    10d02 PM_FlyMove
0    10d8d PM_AirMove
0    10e50 PM_WalkMove
0    110f2 PM_DeadMove
0    1116b PM_NoclipMove
0    112dd PM_FootstepForSurface
0    112f6 PM_TryRoll
0    11507 PM_CrashLand
0    11818 PM_CorrectAllSolid
0    118ff PM_GroundTraceMissed
0    11a6a PM_GroundTrace
0    11bfd PM_SetWaterLevel
0    11cca PM_CheckDuck
0    11ea0 PM_Use
0    11ee9 PM_RunningAnim
0    11f17 PM_Footsteps
0    1218e PM_WaterEvents
0    121e5 PM_BeginWeaponChange
0    1224b PM_FinishWeaponChange
0    1229e PM_DoChargedWeapons
0    12778 PM_ItemUsable
0    129a3 PM_Weapon
0    132d0 PM_Animate
0    1332e PM_DropTimers
0    133b8 PM_UpdateViewAngles
0    1345c PM_AdjustAttackStates
0    137d4 BG_CmdForRoll
0    13829 BG_AdjustClientSpeed
0    13bdc PmoveSingle
0    14052 Pmove
0    140fe BG_InSpecialJump
0    14123 BG_InSaberStandAnim
0    14149 BG_DirectFlippingAnim
0    14168 BG_SaberInAttack
0    14195 BG_SaberInSpecial
0    141b2 BG_SaberInIdle
0    141cf BG_FlippingAnim
0    14217 BG_SpinningSaberAnim
0    1432f BG_SaberInSpecialAttack
0    14358 BG_InRoll
0    1437e BG_InDeathAnim
0    143a3 PM_SaberInParry
0    143b8 PM_SaberInReflect
0    143cd PM_SaberInStart
0    143e2 PM_InSaberAnim
0    143f9 PM_InKnockDown
0    14426 PM_PainAnim
0    14445 PM_JumpingAnim
0    14464 PM_LandingAnim
0    144ab PM_SpinningAnim
0    144b8 PM_InOnGroundAnim
0    14515 PM_InRollComplete
0    1453b PM_AnimLength
0    14568 PM_DebugLegsAnim
0    145b3 BG_ParseAnimationFile
0    1472b PM_StartLegsAnim
0    147b0 PM_ContinueLegsAnim
0    147d0 PM_ForceLegsAnim
0    14840 PM_StartTorsoAnim
0    1489b PM_SetLegsAnimTimer
0    148b9 PM_SetTorsoAnimTimer
0    148d7 BG_SaberStartTransAnim
0    14926 PM_SetAnimFinal
0    14b62 PM_SetAnim
0    14bdb PM_SlideMove
0    14fcb PM_StepSlideMove
0    1531a PM_irand_timesync
0    1534f BG_ForcePowerDrain
0    1540d PM_AttackMoveForQuad
0    15442 PM_SaberAnimTransitionAnim
0    15527 PM_SaberMoveQuadrantForMovement
0    1558c PM_SaberInBounce
0    155b1 PM_SaberInTransition
0    155c6 PM_SaberKataDone
0    1560c PM_SetAnimFrame
0    15616 PM_SaberLockBreak
0    158df PM_SaberLocked
0    15b03 PM_SaberInBrokenParry
0    15b18 PM_BrokenParryForParry
0    15b5a PM_CanBackstab
0    15bdb PM_SaberFlipOverAttackMove
0    15cdc PM_SomeoneInFront
0    15d6c PM_SaberLungeAttackMove
0    15db6 PM_SaberJumpAttackMove
0    15e23 PM_GroundDistance
0    15e8c PM_SaberAttackForMovement
0    15fe0 PM_WeaponLightsaber
0    167e8 PM_SetSaberMove
0    169b5 P_SetTwitchInfo
0    169cd P_DamageFeedback
0    16ad7 P_WorldEffects
0    16c7e DoImpact
0    16ef8 G_SetClientSound
0    16f29 ClientImpacts
0    16fcc G_TouchTriggers
0    171ae G_MoverTouchPushTriggers
0    1735e SpectatorThink
0    17405 ClientInactivityTimer
0    174a7 ClientTimerActions
0    17509 ClientIntermissionThink
0    17564 ClientEvents
0    176fc SendPendingPredictableEvents
0    177a3 G_UpdateForceSightBroadcasts
0    17883 G_UpdateJediMasterBroadcasts
0    17965 G_UpdateClientBroadcasts
0    17980 ClientThink_real
0    1862c G_CheckClientTimeouts
0    18659 ClientThink
0    18694 G_RunClient
0    186bb SpectatorClientEndFrame
0    18792 ClientEndFrame
0    1886a UpdateTournamentInfo
0    18a4f trap_Cvar_VariableValue
0    18a65 G_ParseInfos
0    18b53 G_LoadArenasFromFile
0    18bd3 G_GetMapTypeBits
0    18c75 G_DoesMapSupportGametype
0    18d08 G_RefreshNextMap
0    18e15 G_LoadArenas
0    18ec7 G_GetArenaInfoByMap
0    18f02 PlayerIntroSound
0    18f53 G_AddRandomBot
0    190c0 G_RemoveRandomBot
0    1912c G_CountHumanPlayers
0    1917f G_CountBotPlayers
0    191fc G_CheckMinimumPlayers
0    19379 G_CheckBotSpawn
0    193d9 AddBotToSpawnQueue
0    19416 G_RemoveQueuedBotBegin
0    1943a G_BotConnect
0    1949c G_AddBot
0    197b5 Svcmd_AddBot_f
0    1984c Svcmd_BotList_f
0    19900 G_SpawnBots
0    199b2 G_LoadBotsFromFile
0    19a32 G_LoadBots
0    19abf G_GetBotInfoByNumber
0    19aea G_GetBotInfoByName
0    19b29 G_InitBots
0    19c1b SP_info_player_deathmatch
0    19c54 SP_info_player_start
0    19c63 SP_info_player_imperial
0    19c76 SP_info_player_rebel
0    19c89 SP_info_player_intermission
0    19c8c ThrowSaberToAttacker
0    19e53 JMSaberThink
0    19f4e JMSaberTouch
0    1a0ce SP_info_jedimaster_start
0    1a188 SpotWouldTelefrag
0    1a209 SelectNearestDeathmatchSpawnPoint
0    1a26d SelectRandomDeathmatchSpawnPoint
0    1a2cd SelectRandomFurthestSpawnPoint
0    1a43d SelectSpawnPoint
0    1a450 SelectInitialSpawnPoint
0    1a4b5 SelectSpectatorSpawnPoint
0    1a4c5 InitBodyQue
0    1a4f5 BodySink
0    1a527 CopyToBodyQue
0    1a713 SetClientViewAngle
0    1a76b respawn
0    1a7a1 TeamCount
0    1a7e2 TeamLeader
0    1a823 PickTeam
0    1a85d ClientCleanName
0    1a952 SetupGameGhoul2Model
0    1ab01 ClientUserinfoChanged
0    1addd ClientConnect
0    1af44 ClientBegin
0    1b209 ClientSpawn
0    1b719 ClientDisconnect
0    1b8a6 DeathmatchScoreboardMessage
0    1b9df Cmd_Score_f
0    1b9e8 CheatsOk
0    1ba3c ConcatArgs
0    1baa7 SanitizeString
0    1baf9 ClientNumberFromString
0    1bbc5 Cmd_Give_f
0    1be71 Cmd_God_f
0    1beb6 Cmd_Notarget_f
0    1befb Cmd_Noclip_f
0    1bf4e Cmd_LevelShot_f
0    1bf7f Cmd_TeamTask_f
0    1bfd6 Cmd_Kill_f
0    1c054 G_GetDuelWinner
0    1c099 BroadcastTeamChange
0    1c16f SetTeam
0    1c3e8 StopFollowing
0    1c440 Cmd_Team_f
0    1c550 Cmd_ForceChanged_f
0    1c5b8 Cmd_Follow_f
0    1c652 Cmd_FollowCycle_f
0    1c6f7 G_SayTo
0    1c788 G_Say
0    1c8ea Cmd_Say_f
0    1c923 Cmd_Tell_f
0    1c9cd G_VoiceTo
0    1ca43 G_Voice
0    1caa7 Cmd_Voice_f
0    1cae3 Cmd_VoiceTell_f
0    1cb93 Cmd_VoiceTaunt_f
0    1cd52 Cmd_GameCommand_f
0    1cdc7 Cmd_Where_f
0    1cde9 Cmd_CallVote_f
0    1d130 Cmd_Vote_f
0    1d22e Cmd_CallTeamVote_f
0    1d59c Cmd_TeamVote_f
0    1d6d3 Cmd_SetViewpos_f
0    1d76b Cmd_Stats_f
0    1d76e G_ItemUsable
0    1d9a3 Cmd_ToggleSaber_f
0    1da47 Cmd_SaberAttackCycle_f
0    1dab7 G_OtherPlayersDueling
0    1dafe Cmd_EngageDuel_f
0    1de0c ClientCommand
0    1e354 ObjectDie
0    1e36d G_GetHitLocation
0    1e5c3 ExplodeDeath
0    1e655 ScorePlum
0    1e68a AddScore
0    1e6cc TossClientWeapon
0    1e868 TossClientItems
0    1e970 LookAtKiller
0    1ea42 GibEntity
0    1ea62 BodyRid
0    1ea71 body_die
0    1eb1a CheckAlmostCapture
0    1eb1d G_PickDeathAnim
0    1ed9b G_GetJediMaster
0    1ede3 player_die
0    1f4eb CheckArmor
0    1f56f G_ApplyKnockback
0    1f706 RaySphereIntersections
0    1f8b0 LimbTouch
0    1f8b3 LimbThink
0    1f929 G_GetDismemberBolt
0    1fa92 G_Dismember
0    1fc89 G_GetHitQuad
0    1fd4d G_CheckForDismemberment
0    1fddf G_ThereIsAMaster
0    1fe1a G_Damage
0    2075a CanDamage
0    20885 G_RadiusDamage
0    20a02 adjustRespawnTime
0    20a63 ShieldRemove
0    20a86 ShieldThink
0    20ab3 ShieldDie
0    20ac7 ShieldPain
0    20aea ShieldGoSolid
0    20b8b ShieldGoNotSolid
0    20bce ShieldTouch
0    20c2a CreateShield
0    20e95 PlaceShield
0    21060 ItemUse_Binoculars
0    210d5 ItemUse_Shield
0    210de SentryTouch
0    210e1 pas_fire
0    2115d G_SetEnemy
0    21170 pas_find_enemies
0    2130d pas_adjust_enemy
0    213dc sentryExpire
0    213f3 pas_think
0    217e8 turret_die
0    21890 SP_PAS
0    2191b ItemUse_Sentry
0    21ae2 ItemUse_Seeker
0    21b10 ItemUse_MedPack
0    21b98 Pickup_Powerup
0    21d20 Pickup_Holdable
0    21d7a Add_Ammo
0    21dd0 Pickup_Ammo
0    21e1b Pickup_Weapon
0    21f18 Pickup_Health
0    21fb8 Pickup_Armor
0    22024 RespawnItem
0    22105 Touch_Item
0    2248c LaunchItem
0    225f5 Drop_Item
0    22658 Use_Item
0    22661 FinishSpawningItem
0    22907 G_CheckTeamItems
0    2295d ClearRegisteredItems
0    2298d RegisterItem
0    229a5 SaveRegisteredItems
0    229ed G_ItemDisabled
0    22a06 G_SpawnItem
0    22a68 G_BounceItem
0    22c5d G_RunItem
0    22d2b G_LogWeaponInit
0    22d88 G_LogWeaponPickup
0    22da8 G_LogWeaponFire
0    22e0e G_LogWeaponDamage
0    22e35 G_LogWeaponKill
0    22e5b G_LogWeaponFrag
0    22e8a G_LogWeaponDeath
0    22eb0 G_LogWeaponPowerup
0    22ed6 G_LogWeaponItem
0    22efc G_LogWeaponOutput
0    23d94 CalculateEfficiency
0    23e22 CalculateSharpshooter
0    23eac CalculateUntouchable
0    23ef7 CalculateLogistics
0    23fd0 CalculateTactician
0    24146 CalculateDemolitionist
0    24225 CalculateStreak
0    2422a CalculateTeamMVP
0    242a0 CalculateTeamMVPByRank
0    2432e CalculateTeamDefender
0    243a4 CalculateTeamWarrior
0    2441a CalculateTeamCarrier
0    24490 CalculateTeamInterceptor
0    24513 CalculateTeamRedShirt
0    24596 CalculateTeamAward
0    24611 CalculateSection31Award
0    2466d CalculateAwards
0    2480e GetMaxDeathsForClient
0    24854 GetMaxKillsForClient
0    2489a GetFavoriteTargetForClient
0    248e7 GetWorstEnemyForClient
0    2494a GetFavoriteWeaponForClient
0    249d2 G_ClearClientLog
0    24aec G_Alloc
0    24b37 G_InitMemory
0    24b3d Svcmd_GameMem_f
0    24b4a SP_info_camp
0    24b5c SP_info_null
0    24b65 SP_info_notnull
0    24b77 SP_light
0    24b80 TeleportPlayer
0    24cab SP_misc_teleporter_dest
0    24cae SP_misc_model
0    24cb7 SP_misc_G2model
0    24cc0 locateCamera
0    24d9f SP_misc_portal_surface
0    24e11 SP_misc_portal_camera
0    24e67 HolocronRespawn
0    24e7a HolocronPopOut
0    24ef3 HolocronTouch
0    25067 HolocronThink
0    25314 SP_misc_holocron
0    254be Use_Shooter
0    255b8 InitShooter_Finish
0    255dc InitShooter
0    2564a SP_shooter_blaster
0    25655 check_recharge
0    25694 EnergyShieldStationSettings
0    256c9 shield_power_converter_use
0    257cd SP_misc_shield_floor_unit
0    25939 SP_misc_model_shield_power_converter
0    259ff EnergyAmmoStationSettings
0    25a1b ammo_power_converter_use
0    25b1d SP_misc_model_ammo_power_converter
0    25bd6 EnergyHealthStationSettings
0    25bf2 health_power_converter_use
0    25c9b SP_misc_model_health_power_converter
0    25d54 DmgBoxHit
0    25d57 DmgBoxUpdateSelf
0    25dee DmgBoxAbsorb_Die
0    25df7 DmgBoxAbsorb_Pain
0    25e00 CreateNewDamageBox
0    25e7d ATST_ManageDamageBoxes
0    2604d G_PlayerBecomeATST
0    260c4 fx_runner_think
0    26112 fx_runner_use
0    2615b fx_runner_link
0    2624e SP_fx_runner
0    2635d G_ReflectMissile
0    265f3 G_DeflectMissile
0    2671e G_BounceMissile
0    26906 G_ExplodeMissile
0    269d4 G_RunStuckMissile
0    26a55 G_BounceProjectile
0    26b14 CreateMissile
0    26bf7 G_MissileImpact
0    27166 G_RunMissile
0    27387 G_TestEntityPosition
0    2740e G_CreateRotationMatrix
0    27430 G_TransposeMatrix
0    27471 G_RotatePoint
0    274dd G_TryPushingEntity
0    277cf G_MoverPush
0    27b1c G_MoverTeam
0    27c4f G_RunMover
0    27c80 SetMoverState
0    27dbf MatchTeam
0    27ddf ReturnToPos1
0    27e14 Reached_BinaryMover
0    27f1d Use_BinaryMover
0    28062 InitMover
0    281f2 Blocked_Door
0    28345 Touch_DoorTriggerSpectator
0    2841e Touch_DoorTrigger
0    28470 Think_SpawnNewDoorTrigger
0    28572 Think_MatchTeam
0    28588 SP_func_door
0    287a6 Touch_Plat
0    2882a Touch_PlatCenterTrigger
0    2886b SpawnPlatTrigger
0    28959 SP_func_plat
0    28acc Touch_Button
0    28aef SP_func_button
0    28c5c Think_BeginMoving
0    28c6c Reached_Train
0    28d51 Think_SetupTrainTargets
0    28e08 SP_path_corner
0    28e29 SP_func_train
0    28ebe SP_func_static
0    28ef1 SP_func_rotating
0    28f97 SP_func_bobbing
0    29049 SP_func_pendulum
0    29102 BreakableBrushDie
0    29202 BreakableBrushPain
0    29205 BrushThink
0    29228 BreakableBrushUse
0    29252 SP_func_breakable
0    293c5 GlassDie
0    2945f GlassDie_Old
0    294d0 GlassPain
0    294d3 GlassUse
0    295c8 SP_func_glass
0    29655 func_wait_return_solid
0    296e5 func_usable_think
0    2970b func_usable_use
0    297d8 func_usable_pain
0    297f3 func_usable_die
0    29810 SP_func_usable
0    298b9 pitch_roll_for_slope
0    29a47 G_BounceObject
0    29b86 G_RunObject
0    29e16 G_StopObjectMoving
0    29e55 G_StartObjectMoving
0    29eb4 InitSagaMode
0    29f90 UseSagaTarget
0    2a007 SagaBroadcast_OBJECTIVECOMPLETE
0    2a048 SagaBroadcast_ROUNDOVER
0    2a082 BroadcastObjectiveCompletion
0    2a0c9 AddSagaWinningTeamPoints
0    2a126 SagaRoundComplete
0    2a180 SagaObjectiveCompleted
0    2a1e2 StripTabs
0    2a222 sagaTriggerUse
0    2a328 SP_info_saga_objective
0    2a37b G_WriteClientSessionData
0    2a3e3 G_ReadSessionData
0    2a467 G_InitSessionData
0    2a544 G_InitWorldSession
0    2a567 G_WriteSessionData
0    2a5a2 G_SpawnString
0    2a5e6 G_SpawnFloat
0    2a608 G_SpawnInt
0    2a62a G_SpawnVector
0    2a659 SP_item_botroam
0    2a65c G_CallSpawn
0    2a6db G_NewString
0    2a75f G_ParseField
0    2a847 G_SpawnGEntityFromSpawnVars
0    2a932 G_AddSpawnVarToken
0    2a973 G_ParseSpawnVars
0    2aa03 SP_worldspawn
0    2ac10 G_SpawnEntitiesFromString
0    2ac39 StringToFilter
0    2acec UpdateIPBans
0    2ad44 G_FilterPacket
0    2adf7 AddIP
0    2ae4d G_ProcessIPBans
0    2aea3 Svcmd_AddIP_f
0    2aec3 Svcmd_RemoveIP_f
0    2af2b Svcmd_EntityList_f
0    2afe5 ClientForString
0    2b07c Svcmd_ForceTeam_f
0    2b0b2 ConsoleCommand
0    2b1a2 Use_Target_Give
0    2b1fc SP_target_give
0    2b205 Use_target_remove_powerups
0    2b251 SP_target_remove_powerups
0    2b25a Think_Target_Delay
0    2b26d Use_Target_Delay
0    2b2bf SP_target_delay
0    2b2f2 Use_Target_Score
0    2b30a SP_target_score
0    2b320 Use_Target_Print
0    2b3a7 SP_target_print
0    2b3b0 Use_Target_Speaker
0    2b42f SP_target_speaker
0    2b511 target_laser_think
0    2b66d target_laser_on
0    2b688 target_laser_off
0    2b697 target_laser_use
0    2b6b6 target_laser_start
0    2b747 SP_target_laser
0    2b759 target_teleporter_use
0    2b78e SP_target_teleporter
0    2b7b5 target_relay_use
0    2b846 SP_target_relay
0    2b84f target_kill_use
0    2b870 SP_target_kill
0    2b879 SP_target_position
0    2b88b target_location_linkup
0    2b8fb SP_target_location
0    2b91c Team_InitGame
0    2b94f OtherTeam
0    2b965 TeamName
0    2b982 OtherTeamName
0    2b99f TeamColorString
0    2b9bc PrintCTFMessage
0    2ba14 AddTeamScore
0    2ba9f OnSameTeam
0    2bae7 Team_SetFlagStatus
0    2bb4b Team_CheckDroppedItem
0    2bb85 Team_ForceGesture
0    2bbca Team_FragBonuses
0    2c129 Team_CheckHurtCarrier
0    2c1bf Team_ResetFlag
0    2c229 Team_ResetFlags
0    2c23e Team_ReturnFlagSound
0    2c27b Team_TakeFlagSound
0    2c2ea Team_CaptureFlagSound
0    2c327 Team_ReturnFlag
0    2c34a Team_FreeEntity
0    2c37e Team_DroppedFlagThink
0    2c3bf Team_TouchOurFlag
0    2c617 Team_TouchEnemyFlag
0    2c667 Pickup_Team
0    2c6de Team_GetLocation
0    2c758 Team_GetLocationMsg
0    2c7bf SelectRandomTeamSpawnPoint
0    2c86d SelectCTFSpawnPoint
0    2c8b2 SelectSagaSpawnPoint
0    2c8f7 SortClients
0    2c902 TeamplayInfoMessage
0    2ca60 CheckTeamStatus
0    2cb15 SP_team_CTF_redplayer
0    2cb18 SP_team_CTF_blueplayer
0    2cb1b SP_team_CTF_redspawn
0    2cb1e SP_team_CTF_bluespawn
0    2cb21 InitTrigger
0    2cb60 multi_wait
0    2cb69 multi_trigger
0    2cd24 Use_Multi
0    2cd30 Touch_Multi
0    2cd45 SP_trigger_multiple
0    2cdc8 trigger_always_think
0    2cdde SP_trigger_always
0    2cdf0 trigger_push_touch
0    2ce08 AimAtTarget
0    2cf0d SP_trigger_push
0    2cf4a Use_target_push
0    2cf95 SP_target_push
0    2d04c trigger_teleporter_touch
0    2d0a7 SP_trigger_teleport
0    2d0ee hurt_use
0    2d130 hurt_touch
0    2d2cf SP_trigger_hurt
0    2d335 func_timer_think
0    2d373 func_timer_use
0    2d392 SP_func_timer
0    2d40c AddRemap
0    2d47b BuildShaderStateConfig
0    2d4c1 G_FindConfigstringIndex
0    2d52d G_SkinIndex
0    2d540 G_ModelIndex
0    2d553 G_SoundIndex
0    2d566 G_EffectIndex
0    2d579 G_TeamCommand
0    2d5b7 G_Find
0    2d606 G_RadiusList
0    2d726 G_PickTarget
0    2d78c G_UseTargets
0    2d82b tv
0    2d859 vtos
0    2d895 G_SetMovedir
0    2d8ea G_InitGentity
0    2d912 G_Spawn
0    2d9c0 G_EntitiesFree
0    2d9eb G_SendG2KillQueue
0    2da2f G_KillG2Queue
0    2da5d G_FreeEntity
0    2db08 G_TempEntity
0    2db56 GetTrackerEnt
0    2db8c G_SoundTempEntity
0    2dbe0 G_KillBox
0    2dcac G_AddPredictableEvent
0    2dcc7 G_AddEvent
0    2dd40 G_PlayEffect
0    2dd68 G_ScreenShake
0    2ddb8 G_MuteSound
0    2ddfc G_Sound
0    2decf G_SoundAtLoc
0    2dee6 G_EntitySound
0    2df0e ValidUseTarget
0    2df2b TryUse
0    2dfc7 G_PointInBounds
0    2e007 G_BoxInBounds
0    2e0ba G_SetAngles
0    2e0d2 G_ClearTrace
0    2e103 G_SetOrigin
0    2e142 DebugLine
0    2e245 G_ROFF_NotetrackCallback
0    2e2f8 touch_NULL
0    2e2fb W_TraceSetStart
0    2e3bd WP_FireBryarPistol
0    2e493 WP_FireTurretMissile
0    2e4ea WP_FireGenericBlasterMissile
0    2e533 WP_FireBlasterMissile
0    2e581 WP_FireEmplacedMissile
0    2e5e4 WP_FireBlaster
0    2e63b WP_DisruptorMainFire
0    2e865 WP_DisruptorAltFire
0    2ec0e WP_FireDisruptor
0    2ec45 WP_BowcasterAltFire
0    2eccf WP_BowcasterMainFire
0    2ee14 WP_FireBowcaster
0    2ee29 WP_RepeaterMainFire
0    2ee70 WP_RepeaterAltFire
0    2ef12 WP_FireRepeater
0    2ef6c WP_DEMP2_MainFire
0    2efe8 DEMP2_AltRadiusDamage
0    2f22c DEMP2_AltDetonate
0    2f2ad WP_DEMP2_AltFire
0    2f3a6 WP_FireDEMP2
0    2f3bb WP_FlechetteMainFire
0    2f4a0 prox_mine_think
0    2f52e WP_TraceSetStart
0    2f5e6 WP_ExplosiveDie
0    2f5ef WP_flechette_alt_blow
0    2f60a WP_CreateFlechetteBouncyThing
0    2f6db WP_FlechetteAltFire
0    2f752 WP_FireFlechette
0    2f767 rocketThink
0    2f9e8 WP_FireRocket
0    2fb48 thermalDetonatorExplode
0    2fc26 thermalThinkStandard
0    2fc4d WP_FireThermalDetonator
0    2fddf WP_DropThermal
0    2fdff laserTrapExplode
0    2fe89 laserTrapDelayedExplode
0    2fed1 touchLaserTrap
0    2ff38 laserTrapThink
0    2ffff laserTrapStick
0    30112 TrapThink
0    30124 CreateLaserTrap
0    302c5 WP_PlaceLaserTrap
0    303f9 VectorNPos
0    30460 charge_stick
0    306bd DetPackBlow
0    30726 DetPackPain
0    30747 DetPackDie
0    30768 drop_charge
0    3090b BlowDetpacks
0    3097a CheatsOn
0    30987 WP_DropDetPack
0    30ac9 WP_FireStunBaton
0    30c2e SnapVectorTowards
0    30c77 LogAccuracyHit
0    30cc6 CalcMuzzlePoint
0    30dfb CalcMuzzlePointOrigin
0    30e85 FireWeapon
0    31018 WP_FireEmplaced
0    3111c emplaced_gun_use
0    31315 emplaced_gun_realuse
0    31323 emplaced_gun_pain
0    3132d emplaced_gun_update
0    31611 emplaced_gun_die
0    31632 SP_emplaced_gun
0    317b0 G_PreDefSound
0    317ce InFront
0    31848 WP_InitForcePowers
0    31d44 WP_SpawnInitForcePowers
0    31f81 ForcePowerUsableOn
0    32049 WP_ForcePowerAvailable
0    3209b WP_ForcePowerInUse
0    320b3 WP_ForcePowerUsable
0    3218c WP_AbsorbConversion
0    3222f WP_ForcePowerRegenerate
0    32287 WP_ForcePowerStart
0    3259c ForceHeal
0    326bd WP_AddToClientBitflags
0    32722 ForceTeamHeal
0    32964 ForceTeamForceReplenish
0    32b42 ForceGrip
0    32c83 ForceSpeed
0    32d05 ForceSeeing
0    32d74 ForceProtect
0    32e07 ForceAbsorb
0    32e9a ForceRage
0    32f47 ForceLightning
0    32fc5 ForceLightningDamage
0    330d4 ForceShootLightning
0    333c4 ForceDrain
0    33442 ForceDrainDamage
0    33623 ForceShootDrain
0    33966 ForceJumpCharge
0    33aa0 WP_GetVelocityForForceJump
0    33c54 ForceJump
0    33d25 WP_AddAsMindtricked
0    33d8a ForceTelepathy
0    341c6 GEntity_UseFunc
0    341dd CanCounterThrow
0    34247 ForceThrow
0    34f28 WP_ForcePowerStop
0    35169 DoGripAction
0    3570e G_IsMindTricked
0    35775 RemoveTrickedEnt
0    357de WP_UpdateMindtrickEnts
0    35928 WP_ForcePowerRun
0    35c7f WP_DoSpecificPower
0    35e94 FindGenericEnemyIndex
0    35fcb SeekerDroneUpdate
0    363ad HolocronUpdate
0    36544 JediMasterUpdate
0    36642 WP_ForcePowersUpdate
0    36fdb Jedi_DodgeEvasion
0    37142 RandFloat
0    3715c SaberUpdateSelf
0    37251 SaberGotHit
0    3726f WP_SaberInitBladeData
0    37328 G_G2ClientSpineAngles
0    375b3 G_G2PlayerAngles
0    37908 SaberAttacking
0    37922 WP_SabersCheckLock2
0    37cc7 WP_SabersCheckLock
0    383bd CheckSaberDamage
0    38c88 CheckThrownSaberDamaged
0    390e4 saberCheckRadiusDamage
0    3914f saberMoveBack
0    39185 SaberBounceSound
0    3919b DeadSaberThink
0    391bc MakeDeadSaber
0    3930a saberBackToOwner
0    39587 thrownSaberTouch
0    3965c saberFirstThrown
0    3996b WP_SaberPositionUpdate
0    3a2ae WP_MissileBlockForBlock
0    3a2dc WP_SaberBlockNonRandom
0    3a3e8 WP_SaberBlock
0    3a547 WP_SaberCanBlock
0    3a75c HasSetSaberOnly
0    3a7a3 Q_rand
0    3a7b8 Q_random
0    3a7ca Q_crandom
0    3a7db VectorCompare
0    3a813 VectorLength
0    3a846 VectorLengthSquared
0    3a872 Distance
0    3a8b3 DistanceSquared
0    3a901 VectorNormalizeFast
0    3a960 VectorInverse
0    3a988 CrossProduct
0    3aa01 ClampChar
0    3aa18 ClampShort
0    3aa2f DirToByte
0    3aa8a ByteToDir
0    3aaa8 ColorBytes3
0    3ab17 ColorBytes4
0    3aba9 NormalizeColor
0    3ac1f PlaneFromPoints
0    3acdd RotatePointAroundVector
0    3ade8 RotateAroundDirection
0    3ae2c vectoangles
0    3aee8 AnglesToAxis
0    3af1d AxisClear
0    3af54 AxisCopy
0    3af78 ProjectPointOnPlane
0    3b033 MakeNormalVectors
0    3b0de VectorRotate
0    3b17b Q_rsqrt
0    3b1b2 Q_fabs
0    3b1c2 LerpAngle
0    3b1f3 AngleSubtract
0    3b218 AnglesSubtract
0    3b266 AngleMod
0    3b278 AngleNormalize360
0    3b286 AngleNormalize180
0    3b2a1 AngleDelta
0    3b2b1 SetPlaneSignbits
0    3b2de BoxOnPlaneSide
0    3b69f RadiusFromBounds
0    3b6f2 ClearBounds
0    3b729 AddPointToBounds
0    3b7c2 VectorNormalize
0    3b832 VectorNormalize2
0    3b8c0 _VectorMA
0    3b902 _DotProduct
0    3b937 _VectorSubtract
0    3b970 _VectorAdd
0    3b9a9 _VectorCopy
0    3b9d0 _VectorScale
0    3ba00 Vector4Scale
0    3ba42 Q_log2
0    3ba61 MatrixMultiply
0    3bc36 AngleVectors
0    3bd2e PerpendicularVector
0    3bd9a Rand_Init
0    3bda1 flrand
0    3bddc irand
0    3be0e powf
0    3be31 GetIDForString
0    3be76 GetStringForID
0    3beb2 Com_Clamp
0    3becc COM_SkipPath
0    3bef0 COM_StripExtension
0    3bf26 COM_DefaultExtension
0    3bf6e ShortSwap
0    3bf8e ShortNoSwap
0    3bf99 LongSwap
0    3bfcc LongNoSwap
0    3bfd2 Long64Swap
0    3c00f Long64NoSwap
0    3c017 FloatSwap
0    3c02d FloatNoSwap
0    3c034 COM_BeginParseSession
0    3c046 COM_GetCurrentParseLine
0    3c04c COM_Parse
0    3c05b COM_ParseError
0    3c07b COM_ParseWarning
0    3c09b SkipWhitespace
0    3c0d2 COM_Compress
0    3c225 COM_ParseExt
0    3c371 COM_MatchToken
0    3c39a SkipBracedSection
0    3c3d8 SkipRestOfLine
0    3c410 Parse1DMatrix
0    3c44f Parse2DMatrix
0    3c48a Parse3DMatrix
0    3c4cf Q_isprint
0    3c4e4 Q_islower
0    3c4f9 Q_isupper
0    3c50e Q_isalpha
0    3c52f Q_strrchr
0    3c563 Q_strncpyz
0    3c59e Q_stricmpn
0    3c629 Q_strncmp
0    3c67b Q_stricmp
0    3c6a3 Q_strlwr
0    3c6c9 Q_strupr
0    3c6ef Q_strcat
0    3c71b Q_PrintStrlen
0    3c76b Q_CleanStr
0    3c7d1 Com_sprintf
0    3c810 va
0    3c83d Info_ValueForKey
0    3c91d Info_NextPair
0    3c9bb Info_RemoveKey
0    3ca8b Info_RemoveKey_Big
0    3cb5b Info_Validate
0    3cb82 Info_SetValueForKey
0    3cc52 Info_SetValueForKey_Big
0    3cd1a Q_irand
1        4 gDuelExit
1        8 gDuelist1
1        c gDuelist2
1       10 gameCvarTable
1      7f0 gameCvarTableSize
1      824 gDidDuelStuff
1      82c g_LastFrameTime
1      830 g_TimeSinceLastFrame
1      834 ctfStateNames
1      850 ctfStateDescriptions
1      868 sagaStateDescriptions
1      874 teamplayStateDescriptions
1      93c gWPRenderTime
1      940 gDeactivated
1      944 gBotEdit
1      948 gWPRenderedFrame
1      94c gWPNum
1      950 gLastPrintedIndex
1      954 gLevelFlags
1      958 botGlobalNavWeaponWeights
1      998 randSeed
1      a0c forceMasteryLevels
1      a2c forceMasteryPoints
1      a4c bgForcePowerCost
1      b6c forcePowerSorted
1      bb4 forcePowerDarkLight
1      bfc WeaponReadyAnim
1      c3c WeaponAttackAnim
1      c7c bg_itemlist
1     1538 bg_numItems
1     1590 eventnames
1     1768 bg_poolSize
1     176c bg_poolTail
1     1770 gPMDoSlowFall
1     1774 pm_stopspeed
1     1778 pm_duckScale
1     177c pm_swimScale
1     1780 pm_wadeScale
1     1784 pm_accelerate
1     1788 pm_airaccelerate
1     178c pm_wateraccelerate
1     1790 pm_flyaccelerate
1     1794 pm_friction
1     1798 pm_waterfriction
1     179c pm_flightfriction
1     17a0 pm_spectatorfriction
1     17a4 c_pmove
1     17a8 forceSpeedLevels
1     17b8 forcePowerNeeded
1     18d8 forceJumpHeight
1     18e8 forceJumpStrength
1     198c animTable
1     3fb4 BGPAFtextLoaded
1     3fb8 WP_MuzzlePoint
1     4078 weaponData
1     43f8 ammoData
1     4420 saberMoveData
1     5690 transitionMove
1     59bc playerMins
1     59c8 playerMaxs
1     59d4 gJMSaberEnt
1     59d8 g2SaberInstance
1     59f8 gc_orders
1     5a14 gameNames
1     5a50 modNames
1     5ca0 shieldLoopSound
1     5ca4 shieldAttachSound
1     5ca8 shieldActivateSound
1     5cac shieldDeactivateSound
1     5cb0 shieldDamageSound
1     5cf0 weaponFromMOD
1     5d88 weaponNameFromIndex
1     5df8 fields
1     5f78 spawns
1     61b4 defaultStyles
1     6334 precachedKyle
1     6370 remapCount
1     63a4 gG2KillNum
1     8404 speedLoopSound
1     8408 rageLoopSound
1     840c protectLoopSound
1     8410 absorbLoopSound
1     8414 seeLoopSound
1     8418 ysalamiriLoopSound
1     841c forcePowerMinRank
1     86b4 saberSpinSound
1     86b8 saberOffSound
1     86bc saberOnSound
1     86c0 saberHumSound
1     8748 vec3_origin
1     8754 axisDefault
1     8778 colorBlack
1     8788 colorRed
1     8798 colorGreen
1     87a8 colorBlue
1     87b8 colorYellow
1     87c8 colorMagenta
1     87d8 colorCyan
1     87e8 colorWhite
1     87f8 colorLtGrey
1     8808 colorMdGrey
1     8818 colorDkGrey
1     8828 colorLtBlue
1     8838 colorDkBlue
1     8848 g_color_table
1     88c8 bytedirs
1     9080 holdrand
2     ac04 ctfFlagStatusRemap
2   3c364c _stackStart
2   3d364c _stackEnd
3        0 g_listEntity
3      110 g_podiumDrop
3      220 g_podiumDist
3      330 g_statLogFile
3      440 g_statLog
3      550 g_logSync
3      660 g_log
3      770 g_MaxHolocronCarry
3      880 g_clients
3     e400 g_timeouttospec
3     e510 g_forceDodge
3     e620 g_dismember
3     e730 g_singlePlayer
3     e840 g_enableBreath
3     e950 g_enableDust
3     ea60 g_rankings
3     eb70 pmove_msec
3     ec80 pmove_fixed
3     ed90 g_smoothClients
3     eea0 g_blueteam
3     efb0 g_redteam
3     f0c0 g_debugUp
3     f1d0 g_debugRight
3     f2e0 g_debugForward
3     f3f0 g_filterBan
3     f500 g_banIPs
3     f610 g_teamForceBalance
3     f720 g_teamAutoJoin
3     f830 g_allowVote
3     f940 g_blood
3     fa50 g_doWarmup
3     fb60 g_warmup
3     fc70 g_motd
3     fd80 g_synchronousClients
3     fe90 g_adaptRespawn
3     ffa0 g_weaponTeamRespawn
3    100b0 g_weaponRespawn
3    101c0 g_debugDamage
3    102d0 g_debugAlloc
3    103e0 g_debugMove
3    104f0 g_inactivity
3    10600 g_forcerespawn
3    10710 g_quadfactor
3    10820 g_knockback
3    10930 g_speed
3    10a40 g_gravity
3    10b50 g_needpass
3    10c60 g_password
3    10d70 g_friendlySaber
3    10e80 g_friendlyFire
3    10f90 g_saberInterpolate
3    110a0 g_capturelimit
3    111b0 g_timelimit
3    112c0 g_duel_fraglimit
3    113d0 g_fraglimit
3    114e0 g_duelWeaponDisable
3    115f0 g_weaponDisable
3    11700 g_forcePowerDisable
3    11810 g_spawnInvulnerability
3    11920 g_forceRegenTime
3    11a30 g_saberLocking
3    11b40 g_privateDuel
3    11c50 g_forceBasedTeams
3    11d60 g_maxForceRank
3    11e70 g_dmflags
3    11f80 g_autoMapCycle
3    12090 g_restarted
3    121a0 g_maxGameClients
3    122b0 g_maxclients
3    123c0 g_cheats
3    124d0 g_dedicated
3    125e0 g_gametype
3    126f0 g_entities
3    e16f0 level
3    e3a78 g_ff_objectives
3    e3b94 droppedBlueFlag
3    e3b98 droppedRedFlag
3    e3b9c gBotEventTracker
3    e3d9c regularupdate_time
3    e3da0 numbots
3    e3da4 botstates
3    e3e24 floattime
3    e3e28 eFlagBlue
3    e3e2c eFlagRed
3    e3e30 oFlagBlue
3    e3e34 flagBlue
3    e3e38 oFlagRed
3    e3e3c flagRed
3    e3e40 bot_wp_visconnect
3    e3f50 bot_wp_distconnect
3    e4060 bot_wp_clearweight
3    e4170 bot_wp_edit
3    e4280 bot_wp_info
3    e4390 bot_camp
3    e44a0 bot_attachments
3    e45b0 bot_forgimmick
3    e46c0 bot_forcepowers
3    e47d0 gBotChatBuffer
3   1247d0 nodenum
3   1247d4 nodetable
3   1447d4 gWPArray
3   1487d4 bg_pool
3   33c7d4 pml
3   33cc60 pm
3   33cc64 BGPAFtext
3   3468a4 bgGlobalAnimations
3   34dfdc podium3
3   34dfe0 podium2
3   34dfe4 podium1
3   34dfec bot_minplayers
3   34e0fc botSpawnQueue
3   34e17c g_arenaInfos
3   34f17c g_numArenas
3   34f180 g_botInfos
3   350180 g_numBots
3   350584 Client_Force
3   35448c itemRegistered
3   35488c G_WeaponLogItems
3   35508c G_WeaponLogPowerups
3   35540c G_WeaponLogClientTouch
3   35548c G_WeaponLogLastTime
3   35550c G_WeaponLogTime
3   355d0c G_WeaponLogFrags
3   356d0c G_WeaponLogDeaths
3   35750c G_WeaponLogKills
3   35880c G_WeaponLogDamage
3   359b0c G_WeaponLogFired
3   35a30c G_WeaponLogPickups
3   35ab0c allocPoint
3   35ab10 memoryPool
3   39ab10 gExplSound
3   39ab14 pushed_p
3   39ab18 pushed
3   3a2b18 imperial_attackers
3   3a2b1c rebel_attackers
3   3a2b20 rebel_goals_completed
3   3a2b24 rebel_goals_required
3   3a2b28 imperial_goals_completed
3   3a2b2c imperial_goals_required
3   3a2b30 saga_round_over
3   3a2b34 saga_valid
3   3a2b38 saga_info
3   3a4b38 numIPFilters
3   3a4b3c ipFilters
3   3a6b3c teamgame
3   3a6b58 gTrigFallSound
3   3a80fc gG2KillIndex
3   3a81fc remappedShaders
3   3ac3fc ent_list
3   3ad3fc muzzle
3   3ad408 up
3   3ad414 right
3   3ad420 forward
3   3ad42c s_quadFactor
3   3c2e48 com_lines
3   3c2e4c com_parsename
3   3c324c com_token
