0 ffffff35 trap_G2API_SetBoneAngles
0 ffffff36 trap_SP_GetStringTextString
0 ffffff37 trap_SP_Register
0 ffffff8c matrixmultiply
0 ffffff8d asin
0 ffffff8e acos
0 ffffff91 ceil
0 ffffff92 perpendicularvector
0 ffffff93 anglevectors
0 ffffff94 floor
0 ffffff95 sqrt
0 ffffff96 atan2
0 ffffff97 cos
0 ffffff98 sin
0 ffffff99 strncpy
0 ffffff9a memcpy
0 ffffff9b memset
0 ffffffa1 trap_LAN_CompareServers
0 ffffffa2 trap_LAN_ServerIsVisible
0 ffffffa3 trap_LAN_GetServerPing
0 ffffffa4 trap_LAN_ServerStatus
0 ffffffa5 trap_R_RemapShader
0 ffffffa6 trap_CIN_SetExtents
0 ffffffa7 trap_CIN_DrawCinematic
0 ffffffa8 trap_CIN_RunCinematic
0 ffffffa9 trap_CIN_StopCinematic
0 ffffffaa trap_CIN_PlayCinematic
0 ffffffab trap_LAN_RemoveServer
0 ffffffac trap_LAN_AddServer
0 ffffffad trap_LAN_SaveCachedServers
0 ffffffae trap_LAN_LoadCachedServers
0 ffffffaf trap_LAN_ResetPings
0 ffffffb0 trap_LAN_UpdateVisiblePings
0 ffffffb1 trap_LAN_MarkServerVisible
0 ffffffb2 trap_LAN_GetServerInfo
0 ffffffb3 trap_LAN_GetServerAddressString
0 ffffffb4 trap_LAN_GetServerCount
0 ffffffb5 trap_RealTime
0 ffffffb6 trap_S_StartBackgroundTrack
0 ffffffb7 trap_S_StopBackgroundTrack
0 ffffffb8 trap_PC_RemoveAllGlobalDefines
0 ffffffb9 trap_PC_LoadGlobalDefines
0 ffffffba trap_PC_SourceFileAndLine
0 ffffffbb trap_PC_ReadToken
0 ffffffbc trap_PC_FreeSource
0 ffffffbd trap_PC_LoadSource
0 ffffffbe trap_PC_AddGlobalDefine
0 ffffffbf trap_R_ModelBounds
0 ffffffc0 trap_AnyLanguage_ReadCharFromString
0 ffffffc1 trap_Language_UsesSpaces
0 ffffffc2 trap_Language_IsAsian
0 ffffffc3 trap_R_Font_DrawString
0 ffffffc4 trap_R_Font_HeightPixels
0 ffffffc5 trap_R_Font_StrLenChars
0 ffffffc6 trap_R_Font_StrLenPixels
0 ffffffc7 trap_R_RegisterFont
0 ffffffc8 trap_VerifyCDKey
0 ffffffc9 trap_SetCDKey
0 ffffffca trap_GetCDKey
0 ffffffcb trap_MemoryRemaining
0 ffffffcc trap_Cvar_Update
0 ffffffcd trap_Cvar_Register
0 ffffffce trap_LAN_GetPingInfo
0 ffffffcf trap_LAN_GetPing
0 ffffffd0 trap_LAN_ClearPing
0 ffffffd1 trap_LAN_GetPingQueueCount
0 ffffffd2 trap_GetConfigString
0 ffffffd3 trap_GetClientState
0 ffffffd4 trap_GetGlconfig
0 ffffffd5 trap_GetClipboardData
0 ffffffd6 trap_Key_SetCatcher
0 ffffffd7 trap_Key_GetCatcher
0 ffffffd8 trap_Key_ClearStates
0 ffffffd9 trap_Key_SetOverstrikeMode
0 ffffffda trap_Key_GetOverstrikeMode
0 ffffffdb trap_Key_IsDown
0 ffffffdc trap_Key_SetBinding
0 ffffffdd trap_Key_GetBindingBuf
0 ffffffde trap_Key_KeynumToStringBuf
0 ffffffdf trap_S_StartLocalSound
0 ffffffe0 trap_S_RegisterSound
0 ffffffe2 trap_CM_LerpTag
0 ffffffe3 trap_UpdateScreen
0 ffffffe4 trap_R_DrawStretchPic
0 ffffffe5 trap_R_SetColor
0 ffffffe6 trap_R_RenderScene
0 ffffffe7 trap_R_AddLightToScene
0 ffffffe8 trap_R_AddPolyToScene
0 ffffffe9 trap_R_AddRefEntityToScene
0 ffffffea trap_R_ClearScene
0 ffffffeb trap_R_RegisterShaderNoMip
0 ffffffec trap_R_RegisterSkin
0 ffffffed trap_R_RegisterModel
0 ffffffee trap_FS_GetFileList
0 ffffffef trap_FS_FCloseFile
0 fffffff0 trap_FS_Write
0 fffffff1 trap_FS_Read
0 fffffff2 trap_FS_FOpenFile
0 fffffff3 trap_Cmd_ExecuteText
0 fffffff4 trap_Argv
0 fffffff5 trap_Argc
0 fffffff6 trap_Cvar_InfoStringBuffer
0 fffffff7 trap_Cvar_Create
0 fffffff8 trap_Cvar_Reset
0 fffffff9 trap_Cvar_SetValue
0 fffffffa trap_Cvar_VariableStringBuffer
0 fffffffb trap_Cvar_VariableValue
0 fffffffc trap_Cvar_Set
0 fffffffd trap_Milliseconds
0 fffffffe trap_Print
0 ffffffff trap_Error
0        0 vmMain
0       7f UI_TeamName
0       9c GetCRDelineatedString
0       f6 GetMonthAbbrevString
0      5d9 UI_GetStripEdString
0      5f4 _UI_Refresh
0      738 _UI_Shutdown
0      73e GetMenuBuffer
0      7a4 Asset_Parse
0      a88 UI_Report
0      a8e UI_ParseMenu
0      afc Load_Menu
0      b45 UI_LoadMenus
0      be5 UI_Load
0      c4e UI_DrawHandicap
0      c98 UI_DrawClanName
0      cc5 UI_SetCapFragLimits
0      d18 UI_DrawGameType
0      d44 UI_DrawNetGameType
0      d87 UI_DrawAutoSwitch
0      def UI_DrawJoinGameType
0      e2b UI_TeamIndexFromName
0      e66 UI_DrawClanLogo
0      f13 UI_DrawClanCinematic
0     1027 UI_DrawPreviewCinematic
0     1091 UI_DrawSkill
0     10dd UI_DrawGenericNum
0     1121 UI_DrawForceMastery
0     116c UI_DrawSkinColor
0     11d1 UI_DrawForceSide
0     1355 UI_HasSetSaberOnly
0     13d9 UI_AllForceDisabled
0     1400 UI_TrueJediEnabled
0      118 GetNetSourceString
0      13a AssetCache
0      212 _UI_DrawSides
0      268 _UI_DrawTopBottom
0      2be _UI_DrawRect
0      2f0 MenuFontToHandle
0      317 Text_Width
0      335 Text_Height
0      350 Text_Paint
0      3c0 Text_PaintWithCursor
0      497 Text_Paint_Limit
0      58f UI_ShowPostGame
0      5b0 UI_DrawCenteredPic
0     1490 UI_DrawJediNonJedi
0     14f6 UI_DrawTeamName
0     1561 UI_DrawTeamMember
0     163d UI_DrawEffects
0     1665 UI_DrawMapPreview
0     1716 UI_DrawMapTimeToBeat
0     177b UI_DrawMapCinematic
0     185c UI_SetForceDisabled
0     18d2 UpdateForceStatus
0     1ad8 UI_DrawNetSource
0     1b26 UI_DrawNetMapPreview
0     1b75 UI_DrawNetMapCinematic
0     1bcd UI_DrawNetFilter
0     1c19 UI_DrawTier
0     1c65 UI_DrawTierMap
0     1ce3 UI_EnglishMapName
0     1d15 UI_DrawTierMapName
0     1d7a UI_DrawTierGameType
0     1ddd UI_AIFromName
0     1e0f UI_NextOpponent
0     1e62 UI_PriorOpponent
0     1eb9 UI_DrawPlayerLogo
0     1f5d UI_DrawPlayerLogoMetal
0     2001 UI_DrawPlayerLogoName
0     20a5 UI_DrawOpponentLogo
0     2149 UI_DrawOpponentLogoMetal
0     21ed UI_DrawOpponentLogoName
0     2291 UI_DrawAllMapsSelection
0     22d8 UI_DrawOpponentName
0     2305 UI_OwnerDrawWidth
0     260a UI_DrawBotName
0     264f UI_DrawBotSkill
0     268d UI_DrawRedBlue
0     26c0 UI_DrawCrosshair
0     26fe UI_BuildPlayerList
0     287c UI_DrawSelectedPlayer
0     28b7 UI_DrawServerRefreshDate
0     298a UI_DrawServerMOTD
0     2ad7 UI_DrawKeyBindStatus
0     2b0e UI_DrawGLInfo
0     2cc3 UI_Version
0     2d03 UI_OwnerDraw
0     3173 UI_OwnerDrawVisible
0     32fe UI_Handicap_HandleKey
0     3364 UI_Effects_HandleKey
0     33d1 UI_ClanName_HandleKey
0     345b UI_GameType_HandleKey
0     352a UI_NetGameType_HandleKey
0     35b5 UI_AutoSwitch_HandleKey
0     3610 UI_JoinGameType_HandleKey
0     3673 UI_Skill_HandleKey
0     36d0 UI_TeamName_HandleKey
0     374b UI_TeamMember_HandleKey
0     3801 UI_NetSource_HandleKey
0     386d UI_NetFilter_HandleKey
0     38bf UI_OpponentName_HandleKey
0     38e8 UI_BotName_HandleKey
0     393b UI_BotSkill_HandleKey
0     3988 UI_RedBlue_HandleKey
0     39b0 UI_Crosshair_HandleKey
0     3a0a UI_SelectedPlayer_HandleKey
0     3a88 UI_OwnerDrawHandleKey
0     3cbb UI_GetValue
0     3cc0 UI_ServersQsortCompare
0     3cdb UI_ServersSort
0     3cf9 UI_LoadMods
0     3d7a UI_LoadMovies
0     3df0 UI_LoadDemos
0     3e9a UI_SetNextMap
0     3ed2 UI_StartSkirmish
0     4341 UI_Update
0     45ec UI_DeferMenuScript
0     4674 UI_UpdateVideoSetup
0     4757 UI_GetVideoSetup
0     48ee UI_RunMenuScript
0     555a UI_GetTeamColor
0     555d UI_MapCountByGameType
0     55e3 UI_hasSkinForBase
0     5634 UI_HeadCountByTeam
0     5794 UI_HeadCountByColor
0     57ea UI_InsertServerIntoDisplayList
0     5831 UI_RemoveServerFromDisplayList
0     587c UI_BinaryServerInsertion
0     58f8 UI_BuildServerDisplayList
0     5ac4 UI_SortServerStatusInfo
0     5bc5 UI_GetServerStatusInfo
0     5f44 stristr
0     5fa6 UI_BuildFindPlayerList
0     6225 UI_BuildServerStatus
0     6286 UI_FeederCount
0     6318 UI_SelectedMap
0     6357 UI_SelectedHead
0     6396 UI_SelectedTeamHead
0     63fe UI_GetIndexFromSelection
0     642f UI_UpdatePendingPings
0     6441 UI_FeederItemText
0     686c UI_FeederItemImage
0     6a14 UI_FeederSelection
0     6d14 GameType_Parse
0     6e0f MapList_Parse
0     6f52 UI_ParseGameInfo
0     6fe8 UI_Pause
0     7013 UI_PlayCinematic
0     7032 UI_StopCinematic
0     70bf UI_DrawCinematic
0     70de UI_RunCinematicFrame
0     70e7 UI_LoadForceConfig_List
0     71b7 UI_BuildQ3Model_List
0     737f _UI_Init
0     7571 _UI_KeyEvent
0     75c1 _UI_MouseEvent
0     760f UI_LoadNonIngame
0     7634 _UI_SetActiveMenu
0     7744 _UI_IsFullscreen
0     774e UI_ReadableSize
0     7803 UI_PrintTime
0     7864 Text_PaintCenter
0     7899 UI_DisplayDownloadInfo
0     7baf UI_DrawConnectScreen
0     7d5c UI_RegisterCvars
0     7d91 UI_UpdateCvars
0     7db4 UI_StopServerRefresh
0     7df2 UI_DoServerRefresh
0     7e53 UI_StartServerRefresh
0     7f26 Com_Error
0     7f48 Com_Printf
0     7f6a UI_ClampCvar
0     7f84 UI_StartDemoLoop
0     7f8e UI_Argv
0     7f9d UI_Cvar_VariableString
0     7fac UI_SetBestScores
0     823b UI_LoadBestScores
0     82bf UI_ClearScores
0     8344 UI_Cache_f
0     8375 UI_CalcPostGameStats
0     85f4 UI_ConsoleCommand
0     8702 UI_Shutdown
0     8705 UI_DrawNamedPic
0     8737 UI_DrawHandlePic
0     8786 UI_FillRect
0     87b5 UI_DrawSides
0     8802 UI_DrawTopBottom
0     884f UI_DrawRect
0     887b UI_SetColor
0     8884 UI_UpdateScreen
0     888a UI_DrawTextBox
0     88ed UI_CursorInRect
0     8918 UI_InitForceShaders
0     8a0b UI_DrawForceStars
0     8abe UI_UpdateClientForcePowers
0     8b3a UI_TranslateFCFIndex
0     8b4f UI_SaveForceTemplate
0     8c84 UpdateForceUsed
0     8edf UI_ReadLegalForce
0     915e UI_UpdateForcePowers
0     9348 UI_SkinColor_HandleKey
0     939f UI_ForceSide_HandleKey
0     9464 UI_JediNonJedi_HandleKey
0     9523 UI_ForceMaxRank_HandleKey
0     9589 UI_ForcePowerRank_HandleKey
0     96d3 UI_ForceConfigHandle
0     9a1f UI_Alloc
0     9a59 UI_InitMemory
0     9a62 UI_OutOfMemory
0     9a68 hashForString
0     9aa8 String_Alloc
0     9b81 String_Report
0     9bca String_Init
0     9c0e PC_SourceWarning
0     9c3e PC_SourceError
0     9c6e LerpColor
0     9cc9 Float_Parse
0     9cf5 PC_Float_Parse
0     9d4a Color_Parse
0     9d77 PC_Color_Parse
0     9da4 Int_Parse
0     9dd0 PC_Int_Parse
0     9e28 Rect_Parse
0     9e6f PC_Rect_Parse
0     9eb6 String_Parse
0     9ee2 PC_String_Parse
0     9f57 PC_Script_Parse
0     9fd9 Init_Display
0     9fe0 GradientBar_Paint
0     a026 Window_Init
0     a062 Fade
0     a0d3 Window_Paint
0     a41d Item_SetScreenCoords
0     a4b1 Item_UpdatePosition
0     a504 Menu_UpdatePosition
0     a55b Menu_PostParse
0     a587 Menu_ClearFocus
0     a60a IsVisible
0     a62d Rect_ContainsPoint
0     a672 Menu_ItemsMatchingGroup
0     a6ce Menu_GetMatchingItemByNumber
0     a73b Script_SetColor
0     a7d5 Script_SetAsset
0     a7ee Script_SetBackground
0     a810 Menu_FindItemByName
0     a85f Script_SetTeamColor
0     a894 Script_SetItemColor
0     a96d Script_SetItemRect
0     a9eb Menu_ShowItemByName
0     aa5d Menu_FadeItemByName
0     aad6 Menus_FindByName
0     ab07 Menus_ShowByName
0     ab1f Menus_OpenByName
0     ab28 Menu_RunCloseScript
0     ab57 Menus_CloseByName
0     abb7 Menus_CloseAll
0     abed Script_Show
0     ac0d Script_Hide
0     ac2d Script_FadeIn
0     ac4d Script_FadeOut
0     ac6d Script_Open
0     ac85 Script_Close
0     acaf Menu_TransitionItemByName
0     ad9a Script_Defer
0     adc1 Script_RunDeferred
0     addb Script_Transition
0     ae3d Menu_OrbitItemByName
0     aeaa Script_Orbit
0     af18 Script_SetFocus
0     afa3 Script_SetPlayerModel
0     afc1 Script_SetPlayerHead
0     afdf Script_SetCvar
0     b00b Script_SetCvarToCvar
0     b044 Script_Exec
0     b06b Script_Play
0     b094 Script_playLooped
0     b0c0 Item_RunScript
0     b15d Item_EnableShowViaCvar
0     b236 Item_SetFocus
0     b3a2 Item_TextScroll_MaxScroll
0     b3d1 Item_TextScroll_ThumbPosition
0     b41b Item_TextScroll_ThumbDrawPosition
0     b484 Item_TextScroll_OverLB
0     b56c Item_TextScroll_MouseEnter
0     b59d Item_TextScroll_HandleKey
0     b733 Item_ListBox_MaxScroll
0     b78d Item_ListBox_ThumbPosition
0     b814 Item_ListBox_ThumbDrawPosition
0     b8d9 Item_Slider_ThumbPosition
0     b971 Item_Slider_OverSlider
0     b9a6 Item_ListBox_OverLB
0     bb71 Item_ListBox_MouseEnter
0     bca6 Item_MouseEnter
0     bdc8 Item_MouseLeave
0     be14 Menu_HitTest
0     be52 Item_SetMouseOver
0     be7b Item_OwnerDraw_HandleKey
0     beb5 Item_ListBox_HandleKey
0     c3d2 Item_YesNo_HandleKey
0     c458 Item_Multi_CountSettings
0     c470 Item_Multi_FindCvarByValue
0     c4f5 Item_Multi_Setting
0     c586 Item_Multi_HandleKey
0     c67e Item_TextField_HandleKey
0     ca02 Scroll_TextScroll_AutoFunc
0     ca5f Scroll_TextScroll_ThumbFunc
0     cb4e Scroll_ListBox_AutoFunc
0     cbab Scroll_ListBox_ThumbFunc
0     cd32 Scroll_Slider_ThumbFunc
0     cdcc Item_StartCapture
0     cf41 Item_StopCapture
0     cf44 Item_Slider_HandleKey
0     d040 Item_HandleKey
0     d150 Item_Action
0     d167 Menu_SetPrevCursorItem
0     d23d Menu_SetNextCursorItem
0     d30a Window_CloseCinematic
0     d332 Menu_CloseCinematics
0     d386 Display_CloseCinematics
0     d3a3 Menus_Activate
0     d3fa Display_VisibleMenuCount
0     d424 Menus_HandleOOBClick
0     d4e7 Item_CorrectedTextRect
0     d50f Menu_HandleKey
0     d833 ToWindowCoords
0     d87b Rect_ToWindowCoords
0     d890 Item_SetTextExtents
0     da34 Item_TextColor
0     db7a Item_Text_AutoWrapped_Paint
0     dd2a Item_Text_Wrapped_Paint
0     de37 Item_Text_Paint
0     df28 Item_TextField_Paint
0     e09e Item_YesNo_Paint
0     e1d2 Item_Multi_Paint
0     e2c0 Controls_GetKeyAssignment
0     e31e Controls_GetConfig
0     e350 Controls_SetConfig
0     e3a7 BindingIDFromName
0     e3d4 BindingFromName
0     e465 Item_Slider_Paint
0     e568 Item_Bind_Paint
0     e741 Display_KeyBindPending
0     e747 Item_Bind_HandleKey
0     e952 Item_Model_Paint
0     ea82 Item_Image_Paint
0     eac9 Item_TextScroll_Paint
0     ec5b Item_ListBox_Paint
0     f28c Item_OwnerDraw_Paint
0     f552 Item_Paint
0     fb3c Menu_Init
0     fb73 Menu_GetFocusedItem
0     fbb2 Menu_GetFocused
0     fbed Menu_ScrollFeeder
0     fc40 Menu_SetFeederSelection
0     fcd5 Menus_AnyFullScreenVisible
0     fd09 Menus_ActivateByName
0     fd98 Item_Init
0     fdb1 Menu_HandleMouseMove
0     ff09 Menu_Paint
0    10064 Item_ValidateTypeData
0    10128 KeywordHash_Key
0    1018c KeywordHash_Add
0    101b2 KeywordHash_Find
0    101ed ItemParse_name
0    10206 ItemParse_focusSound
0    1022e ItemParse_text
0    10247 ItemParse_descText
0    10260 ItemParse_text2
0    10279 ItemParse_text2alignx
0    10292 ItemParse_text2aligny
0    102ab ItemParse_group
0    102c4 ItemParse_asset_model
0    10304 ItemParse_asset_shader
0    1032a ItemParse_model_origin
0    10370 ItemParse_model_fovx
0    10396 ItemParse_model_fovy
0    103bc ItemParse_model_rotation
0    103e2 ItemParse_model_angle
0    10406 ItemParse_rect
0    1041f ItemParse_flag
0    1048a ItemParse_style
0    104a8 ItemParse_decoration
0    104bb ItemParse_notselectable
0    104de ItemParse_wrapped
0    104f1 ItemParse_autowrapped
0    10504 ItemParse_horizontalscroll
0    10517 ItemParse_type
0    10536 ItemParse_elementwidth
0    1055c ItemParse_elementheight
0    10582 ItemParse_feeder
0    1059b ItemParse_elementtype
0    105cc ItemParse_columns
0    1066f ItemParse_border
0    10688 ItemParse_bordersize
0    106a1 ItemParse_visible
0    106c9 ItemParse_ownerdraw
0    106e8 ItemParse_align
0    10701 ItemParse_textalign
0    1071f ItemParse_textalignx
0    10738 ItemParse_textaligny
0    10751 ItemParse_textscale
0    1076a ItemParse_textstyle
0    10783 ItemParse_backcolor
0    107b2 ItemParse_forecolor
0    107ef ItemParse_bordercolor
0    1081e ItemParse_outlinecolor
0    10837 ItemParse_background
0    1085d ItemParse_cinematic
0    10876 ItemParse_doubleClick
0    108a7 ItemParse_onFocus
0    108c0 ItemParse_leaveFocus
0    108d9 ItemParse_mouseEnter
0    108f2 ItemParse_mouseExit
0    1090b ItemParse_mouseEnterText
0    10924 ItemParse_mouseExitText
0    1093d ItemParse_action
0    10956 ItemParse_special
0    1096f ItemParse_cvarTest
0    10988 ItemParse_cvar
0    109e9 ItemParse_font
0    10a08 ItemParse_maxChars
0    10a3d ItemParse_maxPaintChars
0    10a72 ItemParse_maxLineChars
0    10aa7 ItemParse_lineHeight
0    10add ItemParse_cvarFloat
0    10b3c ItemParse_cvarStrList
0    10bfe ItemParse_cvarFloatList
0    10cbc ItemParse_addColorRange
0    10d1e ItemParse_ownerdrawFlag
0    10d43 ItemParse_enableCvar
0    10d62 ItemParse_disableCvar
0    10d81 ItemParse_showCvar
0    10da0 ItemParse_hideCvar
0    10dbf ItemParse_Appearance_slot
0    10dd8 Item_SetupKeywordHash
0    10e04 Item_Parse
0    10e83 Item_TextScroll_BuildLines
0    11025 Item_InitControls
0    11062 MenuParse_font
0    110a5 MenuParse_name
0    110d2 MenuParse_fullscreen
0    110ef MenuParse_rect
0    1110a MenuParse_style
0    1112c MenuParse_visible
0    11158 MenuParse_onOpen
0    11175 MenuParse_onClose
0    11192 MenuParse_onESC
0    111af MenuParse_border
0    111cc MenuParse_borderSize
0    111e9 MenuParse_backcolor
0    1121c MenuParse_descAlignment
0    1123e MenuParse_descX
0    1125b MenuParse_descY
0    11278 MenuParse_descScale
0    11295 MenuParse_descColor
0    112c8 MenuParse_forecolor
0    11309 MenuParse_bordercolor
0    1133c MenuParse_focuscolor
0    1136f MenuParse_disablecolor
0    113a2 MenuParse_outlinecolor
0    113bf MenuParse_background
0    113e9 MenuParse_cinematic
0    11406 MenuParse_ownerdrawFlag
0    1142f MenuParse_ownerdraw
0    1144c MenuParse_popup
0    11463 MenuParse_outOfBounds
0    1147a MenuParse_soundLoop
0    11497 MenuParse_fadeClamp
0    114b4 MenuParse_fadeAmount
0    114d1 MenuParse_fadeCycle
0    114ee MenuParse_itemDef
0    11573 MenuParse_appearanceIncrement
0    11590 Menu_SetupKeywordHash
0    115bc Menu_Parse
0    1163b Menu_New
0    1166f Menu_Count
0    11675 Menu_PaintAll
0    1170c Menu_Reset
0    11712 Display_GetContext
0    11718 Display_CaptureItem
0    1174d Display_MouseMove
0    117c5 Display_CursorType
0    11811 Display_HandleKey
0    1183e Window_CacheContents
0    11877 Item_CacheContents
0    11884 Menu_CacheContents
0    118d0 Display_CacheAll
0    118ed Menu_OverActiveItem
0    119a0 UI_ParseInfos
0    11a8e UI_LoadArenasFromFile
0    11b0e UI_LoadArenas
0    11d2c UI_LoadBotsFromFile
0    11ddd UI_LoadBots
0    11e5e UI_GetBotInfoByNumber
0    11e89 UI_GetBotInfoByName
0    11ec8 UI_GetNumBots
0    11ece UI_GetBotNameByNumber
0    11ef0 BG_LegalizedForcePowers
0    122cc vectoyaw
0    12326 BG_HasYsalamiri
0    12355 BG_CanUseFPNow
0    123d7 BG_FindItemForPowerup
0    12413 BG_FindItemForHoldable
0    1244d BG_FindItemForWeapon
0    12480 BG_FindItem
0    124a9 BG_PlayerTouchesItem
0    12509 BG_ProperForceIndex
0    1252c BG_CycleForce
0    12604 BG_GetItemIndexByTag
0    12634 BG_CycleInven
0    126a0 BG_CanItemBeGrabbed
0    12906 BG_EvaluateTrajectory
0    12ad4 BG_EvaluateTrajectoryDelta
0    12bce BG_AddPredictableEventToPlayerstate
0    12c09 BG_TouchJumpPad
0    12c6d BG_PlayerStateToEntityState
0    12f82 BG_PlayerStateToEntityStateExtraPolate
0    132a4 BG_SwingAngles
0    133a9 BG_AddPainTwitch
0    133ea BG_G2PlayerAngles
0    13587 BG_Alloc
0    135c7 BG_AllocUnaligned
0    135fa BG_TempAlloc
0    13632 BG_TempFree
0    1365f BG_StringAlloc
0    13682 BG_OutOfMemory
0    13694 swapfunc
0    1371b med3
0    1379e qsort
0    13b57 strlen
0    13b72 strcat
0    13bb5 strcpy
0    13bea strcmp
0    13c23 strchr
0    13c42 strstr
0    13c88 tolower
0    13ca0 toupper
0    13cb8 memmove
0    13cff tan
0    13d16 srand
0    13d1d rand
0    13d32 atof
0    13df7 _atof
0    13ec2 atoi
0    13f3a _atoi
0    13fbc abs
0    13fd1 fabs
0    13fe6 AddInt
0    140c1 AddFloat
0    141cf AddString
0    14266 vsprintf
0    143fe sscanf
0    14469 Q_rand
0    1447e Q_random
0    14490 Q_crandom
0    144a1 VectorCompare
0    144d9 VectorLength
0    1450c VectorLengthSquared
0    14538 Distance
0    14579 DistanceSquared
0    145c7 VectorNormalizeFast
0    14626 VectorInverse
0    1464e CrossProduct
0    146c7 ClampChar
0    146de ClampShort
0    146f5 DirToByte
0    14750 ByteToDir
0    1476e ColorBytes3
0    147dd ColorBytes4
0    1486f NormalizeColor
0    148e5 PlaneFromPoints
0    149a3 RotatePointAroundVector
0    14aae RotateAroundDirection
0    14af2 vectoangles
0    14bae AnglesToAxis
0    14be3 AxisClear
0    14c1a AxisCopy
0    14c3e ProjectPointOnPlane
0    14cf9 MakeNormalVectors
0    14da4 VectorRotate
0    14e41 Q_rsqrt
0    14e78 Q_fabs
0    14e88 LerpAngle
0    14eb9 AngleSubtract
0    14ede AnglesSubtract
0    14f2c AngleMod
0    14f3e AngleNormalize360
0    14f4c AngleNormalize180
0    14f67 AngleDelta
0    14f77 SetPlaneSignbits
0    14fa4 BoxOnPlaneSide
0    15365 RadiusFromBounds
0    153b8 ClearBounds
0    153ef AddPointToBounds
0    15488 VectorNormalize
0    154f8 VectorNormalize2
0    15586 _VectorMA
0    155c8 _DotProduct
0    155fd _VectorSubtract
0    15636 _VectorAdd
0    1566f _VectorCopy
0    15696 _VectorScale
0    156c6 Vector4Scale
0    15708 Q_log2
0    15727 MatrixMultiply
0    158fc AngleVectors
0    159f4 PerpendicularVector
0    15a60 Rand_Init
0    15a67 flrand
0    15aa2 irand
0    15ad4 powf
0    15af7 GetIDForString
0    15b3c GetStringForID
0    15b78 Com_Clamp
0    15b92 COM_SkipPath
0    15bb6 COM_StripExtension
0    15bec COM_DefaultExtension
0    15c34 ShortSwap
0    15c54 ShortNoSwap
0    15c5f LongSwap
0    15c92 LongNoSwap
0    15c98 Long64Swap
0    15cd5 Long64NoSwap
0    15cdd FloatSwap
0    15cf3 FloatNoSwap
0    15cfa COM_BeginParseSession
0    15d0c COM_GetCurrentParseLine
0    15d12 COM_Parse
0    15d21 COM_ParseError
0    15d41 COM_ParseWarning
0    15d61 SkipWhitespace
0    15d98 COM_Compress
0    15eeb COM_ParseExt
0    16037 COM_ParseString
0    16058 COM_ParseInt
0    16085 COM_ParseFloat
0    160b2 COM_ParseVec4
0    160df COM_MatchToken
0    16108 SkipBracedSection
0    16146 SkipRestOfLine
0    1617e Parse1DMatrix
0    161bd Parse2DMatrix
0    161f8 Parse3DMatrix
0    1623d Q_isprint
0    16252 Q_islower
0    16267 Q_isupper
0    1627c Q_isalpha
0    1629d Q_strrchr
0    162d1 Q_strncpyz
0    1630c Q_stricmpn
0    16397 Q_strncmp
0    163e9 Q_stricmp
0    16411 Q_strlwr
0    16437 Q_strupr
0    1645d Q_strcat
0    16489 Q_PrintStrlen
0    164dd Q_CleanStr
0    16547 Com_sprintf
0    16586 va
0    165b3 Info_ValueForKey
0    16693 Info_NextPair
0    16731 Info_RemoveKey
0    16801 Info_RemoveKey_Big
0    168d1 Info_Validate
0    168f8 Info_SetValueForKey
0    169c8 Info_SetValueForKey_Big
0    16a90 Q_irand
1       44 numServerFilters
1       48 skillLevels
1       60 teamArenaGameTypes
1       30 uiSkinColor
1       34 serverFilters
1       5c numSkillLevels
1       88 numTeamArenaGameTypes
1       8c netnames
1       9c gamecodetoui
1       b8 uitogamecode
1       f4 frameCount
1       f8 defaultMenu
1       fc handicapValues
1      150 updateModel
1      154 q3Model
1      5a0 gUISelectedMap
1      5a8 serverStatusCvars
1      694 cvarTable
1      de4 cvarTableSize
1      de8 newUI
1      dec uiForceSide
1      df0 uiJediNonJedi
1      df4 uiForceRank
1      df8 uiMaxRank
1      dfc uiMaxPoints
1      e00 uiForceUsed
1      e04 uiForceAvailable
1      e08 gTouchedForce
1      e0c uiForcePowersDisabled
1      e54 uiForcePowersRank
1      e9c uiForcePowerDarkLight
1      ef4 gCustRank
1      ef8 gCustSide
1      efc gCustPowersRank
1      f44 captureFunc
1      f48 captureData
1      f4c itemCapture
1      f50 DC
1      f54 g_waitingForKey
1      f58 g_editingField
1      f5c g_bindItem
1      f60 g_editItem
1      f64 menuCount
1      f68 openMenuCount
1      f6c debugMode
1      f70 lastListBoxClickTime
1      f74 itemFlags
1      f84 styles
1      fa0 alignment
1      fb0 types
1      ff0 strPoolIndex
1      ff4 strHandleCount
1     1000 FPMessageTime
1     1004 ui_deferredScriptItem
1     1008 commandList
1     10c8 scriptCommandCount
1     117c g_bindings
1       d4 numNetSources
1     1a4c itemParseKeywords
1     1dac menuParseKeywords
1     1f60 forceMasteryLevels
1     1f80 forceMasteryPoints
1     1fa0 bgForcePowerCost
1     20c0 forcePowerSorted
1     2108 forcePowerDarkLight
1     2150 WeaponReadyAnim
1     2190 WeaponAttackAnim
1     21d0 bg_itemlist
1     2a8c bg_numItems
1     2ae4 eventnames
1     2cbc bg_poolSize
1     2cc0 bg_poolTail
1     2cc4 WP_MuzzlePoint
1     2d84 weaponData
1     3104 ammoData
1     312c randSeed
1     31a0 vec3_origin
1     31ac axisDefault
1     31d0 colorBlack
1     31e0 colorRed
1     31f0 colorGreen
1     3200 colorBlue
1     3210 colorYellow
1     3220 colorMagenta
1     3230 colorCyan
1     3240 colorWhite
1     3250 colorLtGrey
1     3260 colorMdGrey
1     3270 colorDkGrey
1     3280 colorLtBlue
1     3290 colorDkBlue
1     32a0 g_color_table
1     3320 bytedirs
1     3ad8 holdrand
1     19d4 g_bindCount
2        0 holdSPString
2   4af67c _stackStart
2   4bf67c _stackEnd
3     8d60 s_language
3     8e70 ui_realWarmUp
3     8f80 ui_realCaptureLimit
3     9090 ui_recordSPDemo
3     91a0 ui_hudFiles
3     92b0 ui_Q3Model
3     93c0 ui_findPlayer
3     94d0 ui_scoreCaptures
3     95e0 ui_teamName
3     96f0 ui_blueteam8
3     9800 ui_blueteam7
3     9910 ui_blueteam6
3     9a20 ui_blueteam5
3     9b30 ui_blueteam4
3     9c40 ui_blueteam3
3     9d50 ui_blueteam2
3     9e60 ui_blueteam1
3     9f70 ui_blueteam
3     a080 ui_redteam8
3     a190 ui_redteam7
3     a2a0 ui_redteam6
3     a3b0 ui_redteam5
3     a4c0 ui_redteam4
3     a5d0 ui_redteam3
3     a6e0 ui_redteam2
3     a7f0 ui_redteam1
3     a900 ui_redteam
3     aa10 lastLoadingText
3     ae10 lastConnState
3     ae14 parsedFPMessage
3     b214 ui_rankChange
3     b324 startTime
3     b328 ui_initialized
3     b438 ui_debug
3     b548 uiInfo
3    228ac ui_serverStatusTimeOut
3    229bc ui_bigFont
3    22acc ui_smallFont
3    22bdc ui_scoreTime
3    22cec ui_scoreShutoutBonus
3    22dfc ui_scoreSkillBonus
3    22f0c ui_scoreTimeBonus
3    2301c ui_scoreBase
3    2312c ui_scoreTeam
3    2323c ui_scorePerfect
3    2334c ui_scoreScore
3    2345c ui_scoreGauntlets
3    2356c ui_scoreAssists
3    2367c ui_scoreDefends
3    2378c ui_scoreExcellents
3    2389c ui_scoreImpressives
3    239ac ui_scoreAccuracy
3    23abc ui_singlePlayerActive
3    23bcc ui_lastServerRefresh_3
3    23cdc ui_lastServerRefresh_2
3    23dec ui_lastServerRefresh_1
3    23efc ui_lastServerRefresh_0
3    2400c ui_selectedPlayerName
3    2411c ui_selectedPlayer
3    2422c ui_currentOpponent
3    2433c ui_mapIndex
3    2444c ui_currentNetMap
3    2455c ui_currentMap
3    2466c ui_currentTier
3    2477c ui_menuFiles
3    2488c ui_opponentName
3    2499c ui_dedicated
3    24aac ui_serverFilterType
3    24bbc ui_netSource
3    24ccc ui_joinGameType
3    24ddc ui_actualNetGameType
3    24eec ui_netGameType
3    24ffc ui_gameType
3    2510c ui_fragLimit
3    2521c ui_captureLimit
3    2532c ui_cdkeychecked
3    2543c ui_server16
3    2554c ui_server15
3    2565c ui_server14
3    2576c ui_server13
3    2587c ui_server12
3    2598c ui_server11
3    25a9c ui_server10
3    25bac ui_server9
3    25cbc ui_server8
3    25dcc ui_server7
3    25edc ui_server6
3    25fec ui_server5
3    260fc ui_server4
3    2620c ui_server3
3    2631c ui_server2
3    2642c ui_server1
3    2653c ui_marks
3    2664c ui_drawCrosshairNames
3    2675c ui_drawCrosshair
3    2686c ui_browserShowEmpty
3    2697c ui_browserShowFull
3    26a8c ui_browserSortKey
3    26b9c ui_browserGameType
3    26cac ui_browserMaster
3    26dbc ui_spSelection
3    26ecc ui_spSkill
3    26fdc ui_spVideos
3    270ec ui_spAwards
3    271fc ui_spScores5
3    2730c ui_spScores4
3    2741c ui_spScores3
3    2752c ui_spScores2
3    2763c ui_spScores1
3    2774c ui_botsFile
3    2785c ui_arenasFile
3    2796c ui_ctf_friendly
3    27a7c ui_ctf_timelimit
3    27b8c ui_ctf_capturelimit
3    27c9c ui_team_friendly
3    27dac ui_team_timelimit
3    27ebc ui_team_fraglimit
3    27fcc ui_selectedModelIndex
3    280dc ui_tourney_timelimit
3    281ec ui_tourney_fraglimit
3    282fc ui_ffa_timelimit
3    2840c ui_ffa_fraglimit
3    28d1c m_entersound
3    28d20 uiForceStarShaders
3    28d68 ui_forcePowerDisable
3    28e78 ui_freeSaber
3    28f88 uiSaberColorShaders
3    2afb0 menuParseKeywordHash
3    2b7b0 itemParseKeywordHash
3    2bfb0 g_nameBind2
3    2bfd0 g_nameBind1
3    2bff0 ui_deferredScript
3    2c7f0 strHandle
3    2e7f0 strPool
3    8e7f0 outOfMemory
3    8e7f4 allocPoint
3    8e7f8 memoryPool
3   28e7f8 menuStack
3   28e838 Menus
3   2a3438 scrollInfo
3   2a3458 ui_arenaInfos
3   2a4458 ui_numArenas
3   2a445c ui_botInfos
3   2a545c ui_numBots
3   2a5460 bg_pool
3   4aee78 com_lines
3   4aee7c com_parsename
3   4af27c com_token
