0 fffffed1 trap_CG_RegisterSharedMemory
0 fffffed2 trap_G2API_SetNewOrigin
0 fffffed3 trap_G2API_SetSurfaceOnOff
0 fffffed4 trap_G2API_SetRootSurface
0 fffffed5 trap_G2API_SetBoltInfo
0 fffffed6 trap_G2API_AddBolt
0 fffffed7 trap_G2API_RemoveGhoul2Model
0 fffffed8 trap_G2API_HasGhoul2ModelOnIndex
0 fffffed9 trap_G2API_DuplicateGhoul2Instance
0 fffffeda trap_G2API_CopySpecificGhoul2Model
0 fffffedb trap_G2API_CopyGhoul2Instance
0 fffffedc trap_G2API_GetGLAName
0 fffffedd trap_G2API_SetBoneAnim
0 fffffede trap_G2API_SetBoneAngles
0 fffffedf trap_G2API_CleanGhoul2Models
0 fffffee0 trap_G2API_CollisionDetect
0 fffffee1 trap_G2API_InitGhoul2Model
0 fffffee2 trap_G2API_GetBoltMatrix_NoRecNoRot
0 fffffee3 trap_G2API_GetBoltMatrix_NoReconstruct
0 fffffee4 trap_G2API_GetBoltMatrix
0 fffffee5 trap_G2API_GiveMeVectorFromMatrix
0 fffffee6 trap_G2_HaveWeGhoul2Models
0 fffffee7 trap_G2_SetGhoul2ModelIndexes
0 fffffee8 trap_G2_ListModelBones
0 fffffee9 trap_G2_ListModelSurfaces
0 fffffeea trap_ROFF_Purge_Ent
0 fffffeeb trap_ROFF_Play
0 fffffeec trap_ROFF_Cache
0 fffffeed trap_ROFF_UpdateEntities
0 fffffeee trap_ROFF_Clean
0 fffffeef trap_SP_Register
0 fffffef0 trap_SP_GetStringTextString
0 fffffef1 trap_SP_Print
0 fffffef2 trap_FX_AddSprite
0 fffffef3 trap_FX_AddPrimitive
0 fffffef4 trap_FX_AddBezier
0 fffffef5 trap_FX_AddPoly
0 fffffef6 trap_FX_AdjustTime
0 fffffef7 trap_FX_FreeSystem
0 fffffef8 trap_FX_InitSystem
0 fffffef9 trap_FX_AddScheduledEffects
0 fffffefa trap_FX_PlayBoltedEffectID
0 fffffefb trap_FX_PlayEntityEffectID
0 fffffefc trap_FX_PlayEffectID
0 fffffefd trap_FX_PlaySimpleEffectID
0 fffffefe trap_FX_PlayEntityEffect
0 fffffeff trap_FX_PlayEffect
0 ffffff00 trap_FX_PlaySimpleEffect
0 ffffff01 trap_FX_RegisterEffect
0 ffffff02 trap_R_inPVS
0 ffffff03 trap_GetEntityToken
0 ffffff04 trap_CIN_SetExtents
0 ffffff05 trap_CIN_DrawCinematic
0 ffffff06 trap_CIN_RunCinematic
0 ffffff07 trap_CIN_StopCinematic
0 ffffff08 trap_CIN_PlayCinematic
0 ffffff09 trap_SnapVector
0 ffffff0a trap_RealTime
0 ffffff0b trap_S_StopBackgroundTrack
0 ffffff0c trap_PC_RemoveAllGlobalDefines
0 ffffff0d trap_PC_LoadGlobalDefines
0 ffffff0e trap_PC_SourceFileAndLine
0 ffffff0f trap_PC_ReadToken
0 ffffff10 trap_PC_FreeSource
0 ffffff11 trap_PC_LoadSource
0 ffffff12 trap_PC_AddGlobalDefine
0 ffffff13 trap_Key_GetKey
0 ffffff14 trap_Key_SetCatcher
0 ffffff15 trap_Key_GetCatcher
0 ffffff16 trap_Key_IsDown
0 ffffff17 trap_MemoryRemaining
0 ffffff1a trap_OpenUIMenu
0 ffffff1b trap_SetClientTurnExtent
0 ffffff1c trap_SetClientForceAngle
0 ffffff1d trap_SetUserCmdValue
0 ffffff1e trap_GetUserCmd
0 ffffff1f trap_GetCurrentCmdNumber
0 ffffff20 trap_GetServerCommand
0 ffffff21 trap_GetSnapshot
0 ffffff22 trap_GetCurrentSnapshotNumber
0 ffffff23 trap_GetGameState
0 ffffff24 trap_GetGlconfig
0 ffffff25 trap_FX_AddLine
0 ffffff26 trap_R_GetBModelVerts
0 ffffff27 trap_R_SetLightStyle
0 ffffff28 trap_R_GetLightStyle
0 ffffff29 trap_R_RemapShader
0 ffffff2a trap_R_DrawRotatePic2
0 ffffff2b trap_R_DrawRotatePic
0 ffffff2c trap_R_LerpTag
0 ffffff2d trap_R_ModelBounds
0 ffffff2e trap_R_DrawStretchPic
0 ffffff2f trap_R_SetColor
0 ffffff30 trap_R_RenderScene
0 ffffff31 trap_R_AddAdditiveLightToScene
0 ffffff32 trap_R_AddLightToScene
0 ffffff33 trap_R_LightForPoint
0 ffffff34 trap_R_AddPolysToScene
0 ffffff35 trap_R_AddPolyToScene
0 ffffff36 trap_R_AddRefEntityToScene
0 ffffff37 trap_R_ClearScene
0 ffffff8e asin
0 ffffff8f acos
0 ffffff90 ceil
0 ffffff91 floor
0 ffffff92 perpendicularvector
0 ffffff93 anglevectors
0 ffffff94 matrixmultiply
0 ffffff95 sqrt
0 ffffff96 atan2
0 ffffff97 cos
0 ffffff98 sin
0 ffffff99 strncpy
0 ffffff9a memcpy
0 ffffff9b memset
0 ffffffc9 trap_AnyLanguage_ReadCharFromString
0 ffffffca trap_Language_UsesSpaces
0 ffffffcb trap_Language_IsAsian
0 ffffffcc trap_R_Font_DrawString
0 ffffffcd trap_R_Font_HeightPixels
0 ffffffce trap_R_Font_StrLenChars
0 ffffffcf trap_R_Font_StrLenPixels
0 ffffffd0 trap_R_RegisterFont
0 ffffffd1 trap_R_RegisterShaderNoMip
0 ffffffd2 trap_R_RegisterShader
0 ffffffd3 trap_R_RegisterSkin
0 ffffffd4 trap_R_RegisterModel
0 ffffffd5 trap_R_LoadWorldMap
0 ffffffd6 trap_S_StartBackgroundTrack
0 ffffffd7 trap_S_RegisterSound
0 ffffffd8 trap_S_Respatialize
0 ffffffd9 trap_S_StopLoopingSound
0 ffffffda trap_S_AddRealLoopingSound
0 ffffffdb trap_S_UpdateEntityPosition
0 ffffffdc trap_S_AddLoopingSound
0 ffffffdd trap_S_ClearLoopingSounds
0 ffffffde trap_S_StartLocalSound
0 ffffffdf trap_S_StartSound
0 ffffffe0 trap_S_MuteSound
0 ffffffe1 trap_CM_MarkFragments
0 ffffffe2 trap_CM_TransformedCapsuleTrace
0 ffffffe3 trap_CM_TransformedBoxTrace
0 ffffffe4 trap_CM_CapsuleTrace
0 ffffffe5 trap_CM_BoxTrace
0 ffffffe6 trap_CM_TransformedPointContents
0 ffffffe7 trap_CM_PointContents
0 ffffffe8 trap_CM_TempCapsuleModel
0 ffffffe9 trap_CM_TempBoxModel
0 ffffffea trap_CM_InlineModel
0 ffffffeb trap_CM_NumInlineModels
0 ffffffec trap_CM_LoadMap
0 ffffffed trap_UpdateScreen
0 ffffffee trap_SendClientCommand
0 ffffffef trap_RemoveCommand
0 fffffff0 trap_AddCommand
0 fffffff1 trap_SendConsoleCommand
0 fffffff2 trap_FS_FCloseFile
0 fffffff3 trap_FS_Write
0 fffffff4 trap_FS_Read
0 fffffff5 trap_FS_FOpenFile
0 fffffff6 trap_Args
0 fffffff7 trap_Argv
0 fffffff8 trap_Argc
0 fffffff9 trap_Cvar_VariableStringBuffer
0 fffffffa trap_Cvar_Set
0 fffffffb trap_Cvar_Update
0 fffffffc trap_Cvar_Register
0 fffffffd trap_Milliseconds
0 fffffffe trap_Error
0 ffffffff trap_Print
0        0 vmMain
0      122 C_PointContents
0      138 C_GetLerpOrigin
0      14a C_GetLerpAngles
0      15c C_GetModelScale
0      16e C_Trace
0      19a C_GetBoltPos
0      20d C_ImpactMark
0      24c CG_RegisterCvars
0      332 CG_ForceModelChange
0      368 CG_UpdateCvars
0      3bb CG_CrosshairPlayer
0      3d4 CG_LastAttacker
0      3e5 CG_Printf
0      3fe CG_Error
0      417 Com_Error
0      432 Com_Printf
0      44d CG_Argv
0      45c CG_RegisterItemSounds
0      4f5 CG_RegisterSounds
0      a8e CG_RegisterEffects
0      abc CG_RegisterGraphics
0     1119 CG_GetStripEdString
0     1149 CG_BuildSpectatorString
0     119d CG_RegisterClients
0     11e8 CG_ConfigString
0     1209 CG_StartMusic
0     124c CG_GetMenuBuffer
0     12b0 CG_Asset_Parse
0     154f CG_ParseMenu
0     15ba CG_Load_Menu
0     160a CG_OwnerDrawHandleKey
0     160f CG_FeederCount
0     166b CG_SetScoreSelection
0     1702 CG_InfoFromScoreIndex
0     1755 CG_FeederItemText
0     18d3 CG_FeederItemImage
0     18d8 CG_FeederSelection
0     1923 CG_Cvar_Get
0     1942 CG_Text_PaintWithCursor
0     1966 CG_OwnerDrawWidth
0     19f7 CG_PlayCinematic
0     1a16 CG_StopCinematic
0     1a1f CG_DrawCinematic
0     1a3e CG_RunCinematicFrame
0     1a47 CG_LoadHudMenu
0     1ae8 CG_AssetCache
0     1b95 CG_Init_CG
0     1ba1 CG_Init_CGents
0     1bad CG_InitItems
0     1bb9 CG_Init
0     1f82 CG_Shutdown
0     1f8e CG_NextForcePower_f
0     1fd2 CG_PrevForcePower_f
0     2016 CG_NextInventory_f
0     2060 CG_PrevInventory_f
0     20aa CG_TargetCommand_f
0     20dc CG_SizeUp_f
0     20f2 CG_SizeDown_f
0     2108 CG_Viewpos_f
0     2122 CG_ScoresDown_f
0     2147 CG_ScoresUp_f
0     2155 CG_scrollScoresDown_f
0     217e CG_scrollScoresUp_f
0     21a7 CG_spWin_f
0     21dc CG_spLose_f
0     2211 CG_TellTarget_f
0     223c CG_TellAttacker_f
0     2267 CG_VoiceTellTarget_f
0     2292 CG_VoiceTellAttacker_f
0     22bd CG_NextTeamMember_f
0     22c3 CG_PrevTeamMember_f
0     22c9 CG_NextOrder_f
0     233c CG_ConfirmOrder_f
0     236c CG_DenyOrder_f
0     238d CG_TaskOffense_f
0     23c4 CG_TaskDefense_f
0     23e3 CG_TaskPatrol_f
0     2402 CG_TaskCamp_f
0     2421 CG_TaskFollow_f
0     2440 CG_TaskRetrieve_f
0     245f CG_TaskEscort_f
0     247e CG_TaskOwnFlag_f
0     248f CG_TauntKillInsult_f
0     2497 CG_TauntPraise_f
0     249f CG_TauntTaunt_f
0     24a7 CG_TauntDeathInsult_f
0     24af CG_TauntGauntlet_f
0     24b7 CG_TaskSuicide_f
0     24d9 CG_StartOrbit_f
0     2521 CG_ConsoleCommand
0     255f CG_InitConsoleCommands
0     2685 MenuFontToHandle
0     26ac CG_Text_Width
0     26ca CG_Text_Height
0     26e5 CG_Text_Paint
0     2755 CG_DrawZoomMask
0     2aad CG_Draw3DModel
0     2b1b CG_DrawHead
0     2b54 CG_DrawFlagModel
0     2c39 DrawAmmo
0     2c42 CG_DrawHUDLeftFrame1
0     2c62 CG_DrawHUDLeftFrame2
0     2c82 DrawHealthArmor
0     2ee8 CG_DrawHealth
0     2f8f CG_DrawArmor
0     30d6 CG_DrawHUDRightFrame1
0     30f6 CG_DrawHUDRightFrame2
0     3116 CG_DrawAmmo
0     327c CG_DrawForcePower
0     3318 CG_DrawHUD
0     35be ForcePower_Valid
0     35eb CG_DrawForceSelect
0     383f CG_DrawInvenSelect
0     3ada CG_DrawStats
0     3aee CG_DrawTeamBackground
0     3b2b CG_DrawMiniScoreboard
0     3bb8 CG_DrawEnemyInfo
0     3dd2 CG_DrawSnapshot
0     3e12 CG_DrawFPS
0     3e9f CG_DrawTimer
0     3f07 CG_DrawTeamOverlay
0     4246 CG_DrawPowerupIcons
0     432a CG_DrawUpperRight
0     4396 CG_AddLagometerFrameInfo
0     43b6 CG_AddLagometerSnapshotInfo
0     43f9 CG_DrawDisconnect
0     44d2 CG_DrawLagometer
0     46e1 CG_CenterPrint
0     471f CG_DrawCenterString
0     4801 CG_DrawCrosshair
0     4a13 CG_WorldCoordToScreenCoordFloat
0     4abc CG_WorldCoordToScreenCoord
0     4add CG_SaberClashFlare
0     4baf CG_DrawHolocronIcons
0     4c39 CG_IsDurationPower
0     4c62 CG_DrawActivePowers
0     4d28 CG_DrawRocketLocking
0     4ee0 CG_ScanForCrosshairEntity
0     502f CG_DrawCrosshairNames
0     50d8 CG_DrawSpectator
0     52e6 CG_DrawVote
0     5357 CG_DrawTeamVote
0     54a7 CG_DrawScoreboard
0     54b1 CG_DrawIntermission
0     54c0 CG_DrawFollow
0     554b CG_DrawAmmoWarning
0     554e CG_DrawWarmup
0     5766 CG_DrawTimedMenus
0     5787 CG_DrawFlagStatus
0     5859 CG_Draw2D
0     5e69 CG_DrawTourneyScoreboard
0     5e6c CG_DrawActive
0     5ef7 CG_DrawRect
0     5f29 CG_GetColorForHealth
0     5fc7 CG_DrawSides
0     601d CG_DrawTopBottom
0     6073 CG_FillRect2
0     60a2 CG_FillRect
0     60d1 CG_DrawPic
0     60f8 CG_DrawRotatePic
0     6122 CG_DrawRotatePic2
0     614c CG_DrawChar
0     61b3 CG_DrawStringExt
0     630f CG_DrawBigString
0     6347 CG_DrawBigStringColor
0     636d CG_DrawSmallString
0     63a1 CG_DrawSmallStringColor
0     63c2 CG_DrawStrlen
0     6412 CG_TileClearBox
0     6459 CG_TileClear
0     64f0 CG_FadeColor
0     6534 CG_ColorForGivenHealth
0     6583 CG_ColorForHealth
0     65e8 CG_DrawNumField
0     6818 UI_DrawProportionalString
0     68a1 UI_DrawScaledProportionalString
0     6918 CG_BubbleTrail
0     6ab6 CG_SmokePuff
0     6c19 CG_TestLine
0     6cea CG_ThrowChunk
0     6d9d CG_DoGlassQuad
0     6f0a CG_CalcBiLerp
0     7507 CG_CalcHeightWidth
0     76b4 CG_InitGlass
0     770b Vector2Set
0     771a CG_DoGlass
0     7996 CG_GlassShatter
0     79ce CG_GlassShatter_Old
0     7b64 CG_CreateDebris
0     7e27 CG_ScorePlum
0     7eef CG_ExplosionEffects
0     7f35 CG_MakeExplosion
0     80f4 CG_SurfaceExplosion
0     8399 CG_Bleed
0     8400 CG_LaunchGib
0     847f CG_PositionEntityOnTag
0     8553 CG_PositionRotatedEntityOnTag
0     8624 CG_SetEntitySoundPosition
0     8681 CG_EntityEffects
0     8775 FX_AddOrientedLine
0     883d FX_DrawPortableShield
0     8951 CG_Special
0     8974 CG_SetGhoul2Info
0     899d CG_CreateBBRefEnts
0     89a0 G2_BoltToGhoul2Model
0     8a51 ScaleModelAxis
0     8b59 CG_General
0     997e CG_Speaker
0     99ef CG_GreyItem
0     9a1c CG_Item
0     a0f4 CG_Missile
0     a4b5 CG_Mover
0     a52f CG_Beam
0     a563 CG_Portal
0     a5da CG_AdjustPositionForMover
0     a691 LerpBoneAngleOverrides
0     a694 CG_InterpolateEntityPosition
0     a75a CG_CalcEntityLerpPositions
0     a7ff CG_TeamBase
0     a856 CG_AddCEntity
0     a911 CG_ManualEntityRender
0     a91a CG_AddPacketEntities
0     aa03 CG_ROFF_NotetrackCallback
0     acdd CG_PlaceString
0     adf9 CG_Obituary
0     b15a CG_ToggleBinoculars
0     b1c4 CG_UseItem
0     b277 CG_ItemPickup
0     b392 CG_PainEvent
0     b3ed CG_ReattachLimb
0     b475 CG_BodyQueueCopy
0     b653 CG_TeamName
0     b670 CG_PrintCTFMessage
0     b78c CG_GetCTFMessageEvent
0     b7cd DoFall
0     b89b CG_InClientBitflags
0     b8ea CG_EntityEvent
0     d283 CG_CheckEvents
0     d319 CG_LoadingString
0     d329 CG_LoadingItem
0     d344 CG_LoadingClient
0     d371 CG_DrawInformation
0     da27 CG_LoadBar
0     dae5 CG_ClearLightStyles
0     db07 CG_RunLightStyles
0     dbd1 CG_SetLightstyle
0     dc5c CG_InitLocalEntities
0     dc92 CG_FreeLocalEntity
0     dccb CG_AllocLocalEntity
0     dd09 CG_BloodTrail
0     dd7e CG_FragmentBounceMark
0     de21 CG_FragmentBounceSound
0     de3a CG_ReflectVelocity
0     df30 CG_AddFragment
0     e0ab CG_AddFadeRGB
0     e17d CG_AddFadeScaleModel
0     e334 CG_AddMoveScaleFade
0     e41f CG_AddPuff
0     e52b CG_AddScaleFade
0     e5c4 CG_AddFallScaleFade
0     e676 CG_AddExplosion
0     e6e7 CG_AddSpriteExplosion
0     e7b3 CG_AddRefEntity
0     e7ce CG_AddScorePlum
0     ea04 CG_AddOLine
0     eb28 CG_AddLine
0     eb3b CG_AddLocalEntities
0     ebeb CG_InitMarkPolys
0     ec21 CG_FreeMarkPoly
0     ec5a CG_AllocMark
0     ecb1 CG_ImpactMark
0     ef8b CG_AddMarks
0     f255 CG_ClearParticles
0     f2f8 CG_AddParticleToScene
0    10b14 CG_AddParticles
0    10d19 CG_ParticleSnowFlurry
0    10eb5 CG_ParticleSnow
0    1100b CG_ParticleBubble
0    1118a CG_ParticleSmoke
0    11289 CG_ParticleBulletDebris
0    1134a CG_ParticleExplosion
0    11455 CG_AddParticleShrapnel
0    11458 CG_NewParticleArea
0    11599 CG_SnowLink
0    115df CG_ParticleImpactSmokePuff
0    116c2 CG_Particle_Bleed
0    117a6 CG_Particle_OilParticle
0    118a8 CG_Particle_OilSlick
0    119e9 CG_OilSlickRemove
0    11a34 ValidBloodPool
0    11b3a CG_BloodPool
0    11c33 CG_ParticleBloodCloud
0    11d6f CG_ParticleSparks
0    11ee5 CG_ParticleDust
0    120eb CG_ParticleMisc
0    1218b CG_CustomSound
0    121f9 CG_NeedAnimSequence
0    1222e CG_IsValidCharacterModel
0    122ab CG_ParseSurfsFile
0    123c6 CG_RegisterClientModelname
0    12989 CG_ColorFromString
0    129ed CG_LoadClientInfo
0    12d4d CG_CopyClientInfoModel
0    12e7c CG_ScanForExistingClientInfo
0    13069 CG_SetDeferredClientInfo
0    13193 CG_NewClientInfo
0    13605 CG_ActualLoadDeferredPlayers
0    1364d CG_LoadDeferredPlayers
0    13653 CG_InRoll
0    1367d CG_InRollAnim
0    1369f CG_SetLerpFrameAnimation
0    13b90 CG_FirstAnimFrame
0    13bd3 CG_InWalkingAnim
0    13c2a CG_FootstepForSurface
0    13cc4 CG_FootStep
0    13d42 CG_RunLerpFrame
0    141f9 CG_ClearLerpFrame
0    1423e CG_PlayerAnimation
0    14324 CG_SwingAngles
0    1442e CG_SwingAnglesATST
0    1455f CG_AddPainTwitch
0    145a6 CG_G2SetBoneAngles
0    145dd CG_InKnockDown
0    14600 CG_G2ClientSpineAngles
0    14906 CG_G2PlayerAngles
0    1520e CG_HasteTrail
0    1528b CG_PlayerFlag
0    153a8 CG_PlayerPowerups
0    15476 CG_PlayerFloatSprite
0    154c2 CG_PlayerSprites
0    1551b CG_PlayerShadow
0    155d8 CG_PlayerSplash
0    156cb CG_ForcePushBlur
0    157ca CG_ForceGripEffect
0    158e7 CG_AddRefEntityWithPowerups
0    15955 CG_PlayerShieldHit
0    159c9 CG_DrawPlayerShield
0    15a7d CG_PlayerHitFX
0    15aa8 CG_LightVerts
0    15bd8 CG_DoSaber
0    15df9 CG_GetTagWorldPosition
0    15ec2 CG_CreateSaberMarks
0    16304 CG_G2TraceCollide
0    163c3 CG_G2SaberEffects
0    1642d CG_AddSaberBlade
0    16abc CG_IsMindTricked
0    16b0e CG_DrawPlayerSphere
0    16bab CG_AddLightningBeam
0    16d4e CG_AddRandomLightning
0    16e44 CG_ThereIsAMaster
0    16e6f CG_FootStepGeneric
0    16ed5 CG_G2EntSetLerpFrameAnimation
0    17174 CG_G2EntRunLerpFrame
0    1760d CG_G2EntAnimation
0    176c1 CG_G2AnimEntSpineAngles
0    17824 CG_G2AnimEntAngles
0    17c23 CG_DrawNoForceSphere
0    17cef CG_G2Animated
0    180bc CG_ForceFPLSPlayerModel
0    18349 CG_Player
0    1a39f CG_ResetPlayerEntity
0    1a504 CG_CheckAmmo
0    1a507 CG_DamageFeedback
0    1a64a CG_Respawn
0    1a65b CG_CheckPlayerstateEvents
0    1a73d CG_CheckChangedPredictableEvents
0    1a7ca CG_CheckLocalSounds
0    1a9c6 CG_TransitionPlayerState
0    1aa7c CG_BuildSolidList
0    1ab0b CG_ClipMoveToEntities
0    1ac1c CG_Trace
0    1ac60 CG_PointContents
0    1acd0 CG_InterpolatePlayerState
0    1ae05 CG_TouchItem
0    1aef7 CG_TouchTriggerPrediction
0    1afae CG_EntityStateToPlayerState
0    1b148 CG_PredictPlayerState
0    1b4c3 CGSagaGetValueGroup
0    1b5be CGSagaGetPairedValue
0    1b796 CG_InitSagaMode
0    1b829 CG_SagaRoundOver
0    1b900 CG_SagaObjectiveCompleted
0    1ba23 CG_DrawClientScore
0    1bce8 CG_TeamScoreboard
0    1bd65 CG_GetTeamCount
0    1bda7 CG_DrawOldScoreboard
0    1c389 CG_ValidOrder
0    1c3bb CG_ParseScores
0    1c5f3 CG_ParseTeamInfo
0    1c6c2 CG_ParseServerinfo
0    1c8cf CG_ParseWarmup
0    1c8ee CG_SetConfigValues
0    1ca0a CG_ShaderStateChanged
0    1cac2 CG_ConfigStringModified
0    1cd79 CG_AddToTeamChat
0    1cefc CG_KillCEntityInstances
0    1d005 CG_MapRestart
0    1d08f CG_ParseVoiceChats
0    1d2f2 CG_LoadVoiceChats
0    1d354 CG_HeadModelVoiceChats
0    1d3ee CG_GetVoiceChat
0    1d462 CG_VoiceChatListForClient
0    1d47e CG_PlayVoiceChat
0    1d4f8 CG_PlayBufferedVoiceChats
0    1d526 CG_AddBufferedVoiceChat
0    1d565 CG_VoiceChatLocal
0    1d617 CG_VoiceChat
0    1d6b0 CG_RemoveChatEscapeChar
0    1d6f6 CG_CheckSVStripEdRef
0    1d823 CG_ServerCommand
0    1db42 CG_ExecuteNewServerCommands
0    1db69 CG_ResetEntity
0    1dbad CG_TransitionEntity
0    1dbda CG_SetInitialSnapshot
0    1dc9b CG_TransitionSnapshot
0    1dda1 CG_SetNextSnap
0    1de88 CG_ReadNextSnapshot
0    1def7 CG_ProcessSnapshots
0    1dfa7 CreepToPosition
0    1e174 TurretClientRun
0    1e476 CG_TestModel_f
0    1e501 CG_TestGun_f
0    1e50d CG_TestModelNextFrame_f
0    1e523 CG_TestModelPrevFrame_f
0    1e540 CG_TestModelNextSkin_f
0    1e556 CG_TestModelPrevSkin_f
0    1e573 CG_AddTestModel
0    1e5fe CG_CalcVrect
0    1e66b CG_StepOffset
0    1e68d CG_CalcIdealThirdPersonViewTarget
0    1e6cd CG_CalcIdealThirdPersonViewLocation
0    1e706 CG_ResetThirdPersonViewDamp
0    1e773 CG_UpdateThirdPersonTargetDamp
0    1e7fa CG_UpdateThirdPersonCameraDamp
0    1e8c0 CG_OffsetThirdPersonView
0    1e9e6 CG_OffsetFirstPersonView
0    1ec13 CG_ZoomDown_f
0    1ec23 CG_ZoomUp_f
0    1ec33 CG_CalcFOVFromX
0    1ec6e CG_CalcFov
0    1edeb CG_DamageBlendBlob
0    1f033 CheckOutOfConstrict
0    1f09e CG_CalcViewValues
0    1f1c5 CG_PowerupTimerSounds
0    1f205 CG_AddBufferedSound
0    1f22f CG_PlayBufferedSounds
0    1f268 CG_UpdateSoundTrackers
0    1f2c1 CG_SE_UpdateShake
0    1f3a4 CG_SE_UpdateMusic
0    1f40d CG_CalcScreenEffects
0    1f41a CGCam_Shake
0    1f430 CGCam_SetMusicMult
0    1f44f CG_DrawActiveFrame
0    1f676 CG_RegisterWeapon
0    201c3 CG_SetGhoul2InfoRef
0    20200 CG_RegisterItemVisuals
0    20362 CG_MapTorsoToWeaponFrame
0    20464 CG_CalculateWeaponPosition
0    20549 CG_LightningBolt
0    2056e CG_AddWeaponWithPowerups
0    2059d CG_AddPlayerWeapon
0    20aa2 CG_AddViewWeapon
0    20c53 CG_DrawIconBackground
0    20e2a CG_WeaponCheck
0    20e63 CG_WeaponSelectable
0    20ec4 CG_DrawWeaponSelect
0    21214 CG_NextWeapon_f
0    2127a CG_PrevWeapon_f
0    212e0 CG_Weapon_f
0    213ec CG_OutOfAmmoChange
0    21435 CG_FireATST
0    21453 CG_GetClientWeaponMuzzleBoltPoint
0    214c9 CG_FireWeapon
0    21691 CG_MissileHitWall
0    21771 CG_MissileHitPlayer
0    2186a CG_Tracer
0    21a77 CG_CalcMuzzlePoint
0    21c65 CG_InitG2Weapons
0    21cf1 CG_ShutDownG2Weapons
0    21d0b CG_CopyG2WeaponInstance
0    21d42 CG_CheckPlayerG2Weapons
0    21e66 FX_BlasterProjectileThink
0    21e88 FX_BlasterAltFireThink
0    21eaa FX_BlasterWeaponHitWall
0    21eb9 FX_BlasterWeaponHitPlayer
0    21eda FX_BowcasterProjectileThink
0    21efc FX_BowcasterHitWall
0    21f0b FX_BowcasterHitPlayer
0    21f1a FX_BowcasterAltProjectileThink
0    21f3c FX_BryarProjectileThink
0    21f5e FX_BryarHitWall
0    21f6d FX_BryarHitPlayer
0    21f8e FX_BryarAltProjectileThink
0    21fd0 FX_BryarAltHitWall
0    22014 FX_BryarAltHitPlayer
0    22035 FX_TurretProjectileThink
0    22057 FX_TurretHitWall
0    22066 FX_TurretHitPlayer
0    22087 FX_DEMP2_ProjectileThink
0    220a9 FX_DEMP2_HitWall
0    220b8 FX_DEMP2_HitPlayer
0    220c7 FX_DEMP2_AltBeam
0    220ca FX_DEMP2_AltDetonate
0    2213c FX_DisruptorMainShot
0    22173 FX_DisruptorAltShot
0    221e0 FX_DisruptorAltMiss
0    222bc FX_DisruptorAltHit
0    222cb FX_DisruptorHitWall
0    222da FX_DisruptorHitPlayer
0    222e9 FX_FlechetteProjectileThink
0    2230b FX_FlechetteWeaponHitWall
0    2231a FX_FlechetteWeaponHitPlayer
0    22329 FX_FlechetteAltProjectileThink
0    2234b FX_RepeaterProjectileThink
0    2236d FX_RepeaterHitWall
0    2237c FX_RepeaterHitPlayer
0    2238b FX_RepeaterAltProjectileThink
0    223ad FX_RepeaterAltHitWall
0    223bc FX_RepeaterAltHitPlayer
0    223cb FX_RocketProjectileThink
0    223ed FX_RocketHitWall
0    223fc FX_RocketHitPlayer
0    2240b FX_RocketAltProjectileThink
0    2242d FX_ForceDrained
0    22464 PM_SlideMove
0    22854 PM_StepSlideMove
0    22ba3 BG_InSpecialJump
0    22bc8 BG_InSaberStandAnim
0    22bee BG_DirectFlippingAnim
0    22c0d BG_SaberInAttack
0    22c3a BG_SaberInSpecial
0    22c57 BG_SaberInIdle
0    22c74 BG_FlippingAnim
0    22cb0 BG_SpinningSaberAnim
0    22d9a BG_SaberInSpecialAttack
0    22dd4 BG_BrokenParryForAttack
0    22e12 BG_BrokenParryForParry
0    22e64 BG_KnockawayForParry
0    22e8d BG_InRoll
0    22eb3 BG_InDeathAnim
0    22ee8 PM_SaberBounceForAttack
0    22f22 PM_SaberDeflectionForQuad
0    22f5b PM_SaberInDeflect
0    22f70 PM_SaberInParry
0    22f85 PM_SaberInKnockaway
0    22f9a PM_SaberInReflect
0    22faf PM_SaberInStart
0    22fc4 PM_SaberInReturn
0    22fde PM_InSaberAnim
0    22ff5 PM_InKnockDown
0    23022 PM_PainAnim
0    23041 PM_JumpingAnim
0    23060 PM_LandingAnim
0    230a7 PM_SpinningAnim
0    230b4 PM_InOnGroundAnim
0    23111 PM_InRollComplete
0    23137 PM_AnimLength
0    23164 PM_DebugLegsAnim
0    231af BG_ParseAnimationFile
0    23327 PM_StartLegsAnim
0    233ac PM_ContinueLegsAnim
0    233cc PM_ForceLegsAnim
0    2343c PM_StartTorsoAnim
0    23497 PM_SetLegsAnimTimer
0    234b5 PM_SetTorsoAnimTimer
0    234d3 BG_SaberStartTransAnim
0    23522 PM_SetAnimFinal
0    2373a PM_SetAnim
0    237b3 PM_GetSaberStance
0    237d0 PM_DoSlowFall
0    237f3 PM_AddEvent
0    23802 PM_AddEventWithParm
0    23812 PM_AddTouchEnt
0    23867 PM_ClipVelocity
0    238e0 PM_Friction
0    239dc PM_Accelerate
0    23a58 PM_CmdScale
0    23aef PM_SetMovementDir
0    23c3b PM_ForceJumpingUp
0    23cfa PM_JumpForDir
0    23d9d PM_SetPMViewAngle
0    23dde PM_AdjustAngleForWallRun
0    23fe2 PM_SetForceJumpZStart
0    24004 PM_CheckJump
0    24f36 PM_CheckWaterJump
0    2501d PM_WaterJumpMove
0    2505e PM_WaterMove
0    2518f PM_FlyMove
0    25249 PM_AirMove
0    2530c PM_WalkMove
0    255ae PM_DeadMove
0    25627 PM_NoclipMove
0    25799 PM_FootstepForSurface
0    257b2 PM_TryRoll
0    259b3 PM_CrashLand
0    25cd1 PM_CorrectAllSolid
0    25db8 PM_GroundTraceMissed
0    25f49 PM_GroundTrace
0    260dc PM_SetWaterLevel
0    261a9 PM_CheckDuck
0    2637f PM_Use
0    263c8 PM_RunningAnim
0    263f6 PM_Footsteps
0    267c4 PM_WaterEvents
0    2681b PM_BeginWeaponChange
0    26881 PM_FinishWeaponChange
0    268d4 PM_DoChargedWeapons
0    26dae PM_ItemUsable
0    26fe4 PM_Weapon
0    2799d PM_Animate
0    27a0a PM_DropTimers
0    27a94 PM_UpdateViewAngles
0    27b38 PM_AdjustAttackStates
0    27eb0 BG_CmdForRoll
0    27f05 BG_AdjustClientSpeed
0    2836f PmoveSingle
0    288b0 Pmove
0    2895c swapfunc
0    289e3 med3
0    28a66 qsort
0    28e1f strlen
0    28e3a strcat
0    28e7d strcpy
0    28eb2 strcmp
0    28eeb strchr
0    28f0a strstr
0    28f50 tolower
0    28f68 toupper
0    28f80 memmove
0    28fc7 tan
0    28fde srand
0    28fe5 rand
0    28ffa atof
0    290bf _atof
0    2918a atoi
0    29202 _atoi
0    29284 abs
0    29299 fabs
0    292ae AddInt
0    29389 AddFloat
0    29497 AddString
0    2952e vsprintf
0    296c6 sscanf
0    29731 BG_LegalizedForcePowers
0    29b2d vectoyaw
0    29b87 BG_HasYsalamiri
0    29bb6 BG_CanUseFPNow
0    29c34 BG_FindItemForPowerup
0    29c70 BG_FindItemForHoldable
0    29caa BG_FindItemForWeapon
0    29cdd BG_FindItem
0    29d06 BG_PlayerTouchesItem
0    29d66 BG_ProperForceIndex
0    29d89 BG_CycleForce
0    29e61 BG_GetItemIndexByTag
0    29e91 BG_CycleInven
0    29efd BG_CanItemBeGrabbed
0    2a163 BG_EvaluateTrajectory
0    2a331 BG_EvaluateTrajectoryDelta
0    2a42b BG_AddPredictableEventToPlayerstate
0    2a466 BG_TouchJumpPad
0    2a4ca BG_PlayerStateToEntityState
0    2a7df BG_PlayerStateToEntityStateExtraPolate
0    2ab01 BG_Alloc
0    2ab41 BG_AllocUnaligned
0    2ab74 BG_TempAlloc
0    2abac BG_TempFree
0    2abd9 BG_StringAlloc
0    2abfc BG_OutOfMemory
0    2ac0e PM_irand_timesync
0    2ac43 BG_ForcePowerDrain
0    2ad01 PM_AttackMoveForQuad
0    2ad36 PM_SaberAnimTransitionAnim
0    2ae57 PM_SaberMoveQuadrantForMovement
0    2aebc PM_SaberInBounce
0    2aee1 PM_SaberInTransition
0    2aef6 PM_SaberAttackChainAngle
0    2af26 PM_SaberKataDone
0    2b027 PM_SetAnimFrame
0    2b031 PM_SaberLockBreak
0    2b306 PM_SaberLocked
0    2b52a PM_SaberInBrokenParry
0    2b54f PM_BrokenParryForParry
0    2b591 PM_CanBackstab
0    2b612 PM_SaberFlipOverAttackMove
0    2b6ff PM_SomeoneInFront
0    2b78f PM_SaberLungeAttackMove
0    2b7d9 PM_SaberJumpAttackMove
0    2b841 PM_GroundDistance
0    2b8aa PM_SaberAttackForMovement
0    2ba37 PM_WeaponLightsaber
0    2c2cd PM_SetSaberMove
0    2c565 Q_rand
0    2c57a Q_random
0    2c58c Q_crandom
0    2c59d VectorCompare
0    2c5d5 VectorLength
0    2c608 VectorLengthSquared
0    2c634 Distance
0    2c675 DistanceSquared
0    2c6c3 VectorNormalizeFast
0    2c722 VectorInverse
0    2c74a CrossProduct
0    2c7c3 ClampChar
0    2c7da ClampShort
0    2c7f1 DirToByte
0    2c84c ByteToDir
0    2c86a ColorBytes3
0    2c8d9 ColorBytes4
0    2c96b NormalizeColor
0    2c9e1 PlaneFromPoints
0    2ca9f RotatePointAroundVector
0    2cbaa RotateAroundDirection
0    2cbee vectoangles
0    2ccaa AnglesToAxis
0    2ccdf AxisClear
0    2cd16 AxisCopy
0    2cd3a ProjectPointOnPlane
0    2cdf5 MakeNormalVectors
0    2cea0 VectorRotate
0    2cf3d Q_rsqrt
0    2cf74 Q_fabs
0    2cf84 LerpAngle
0    2cfb5 AngleSubtract
0    2cfda AnglesSubtract
0    2d028 AngleMod
0    2d03a AngleNormalize360
0    2d048 AngleNormalize180
0    2d063 AngleDelta
0    2d073 SetPlaneSignbits
0    2d0a0 BoxOnPlaneSide
0    2d461 RadiusFromBounds
0    2d4b4 ClearBounds
0    2d4eb AddPointToBounds
0    2d584 VectorNormalize
0    2d5f4 VectorNormalize2
0    2d682 _VectorMA
0    2d6c4 _DotProduct
0    2d6f9 _VectorSubtract
0    2d732 _VectorAdd
0    2d76b _VectorCopy
0    2d792 _VectorScale
0    2d7c2 Vector4Scale
0    2d804 Q_log2
0    2d823 MatrixMultiply
0    2d9f8 AngleVectors
0    2daf0 PerpendicularVector
0    2db5c Rand_Init
0    2db63 flrand
0    2db9e irand
0    2dbd0 powf
0    2dbf3 GetIDForString
0    2dc38 GetStringForID
0    2dc74 Com_Clamp
0    2dc8e COM_SkipPath
0    2dcb2 COM_StripExtension
0    2dce8 COM_DefaultExtension
0    2dd30 ShortSwap
0    2dd50 ShortNoSwap
0    2dd5b LongSwap
0    2dd8e LongNoSwap
0    2dd94 Long64Swap
0    2ddd1 Long64NoSwap
0    2ddd9 FloatSwap
0    2ddef FloatNoSwap
0    2ddf6 COM_BeginParseSession
0    2de08 COM_GetCurrentParseLine
0    2de0e COM_Parse
0    2de1d COM_ParseError
0    2de3d COM_ParseWarning
0    2de5d SkipWhitespace
0    2de94 COM_Compress
0    2dfe7 COM_ParseExt
0    2e133 COM_ParseString
0    2e154 COM_ParseInt
0    2e181 COM_ParseFloat
0    2e1ae COM_ParseVec4
0    2e1db COM_MatchToken
0    2e204 SkipBracedSection
0    2e242 SkipRestOfLine
0    2e27a Parse1DMatrix
0    2e2b9 Parse2DMatrix
0    2e2f4 Parse3DMatrix
0    2e339 Q_isprint
0    2e34e Q_islower
0    2e363 Q_isupper
0    2e378 Q_isalpha
0    2e399 Q_strrchr
0    2e3cd Q_strncpyz
0    2e408 Q_stricmpn
0    2e493 Q_strncmp
0    2e4e5 Q_stricmp
0    2e50d Q_strlwr
0    2e533 Q_strupr
0    2e559 Q_strcat
0    2e585 Q_PrintStrlen
0    2e5dd Q_CleanStr
0    2e64b Com_sprintf
0    2e68a va
0    2e6b7 Info_ValueForKey
0    2e797 Info_NextPair
0    2e835 Info_RemoveKey
0    2e905 Info_RemoveKey_Big
0    2e9d5 Info_Validate
0    2e9fc Info_SetValueForKey
0    2eacc Info_SetValueForKey_Big
0    2eb94 Q_irand
0    2ebac UI_Alloc
0    2ebe6 UI_InitMemory
0    2ebef UI_OutOfMemory
0    2ebf5 hashForString
0    2ec35 String_Alloc
0    2ed0e String_Report
0    2ed57 String_Init
0    2ed9b PC_SourceWarning
0    2edcb PC_SourceError
0    2edfb LerpColor
0    2ee56 Float_Parse
0    2ee82 PC_Float_Parse
0    2eed7 Color_Parse
0    2ef04 PC_Color_Parse
0    2ef31 Int_Parse
0    2ef5d PC_Int_Parse
0    2efb5 Rect_Parse
0    2effc PC_Rect_Parse
0    2f043 String_Parse
0    2f06f PC_String_Parse
0    2f0e4 PC_Script_Parse
0    2f166 Init_Display
0    2f16d GradientBar_Paint
0    2f1b3 Window_Init
0    2f1ef Fade
0    2f260 Window_Paint
0    2f5aa Item_SetScreenCoords
0    2f63e Item_UpdatePosition
0    2f691 Menu_UpdatePosition
0    2f6e8 Menu_PostParse
0    2f714 Menu_ClearFocus
0    2f797 IsVisible
0    2f7ba Rect_ContainsPoint
0    2f7ff Menu_ItemsMatchingGroup
0    2f85b Menu_GetMatchingItemByNumber
0    2f8c8 Script_SetColor
0    2f962 Script_SetAsset
0    2f97b Script_SetBackground
0    2f99d Menu_FindItemByName
0    2f9ec Script_SetTeamColor
0    2fa21 Script_SetItemColor
0    2fafa Script_SetItemRect
0    2fb78 Menu_ShowItemByName
0    2fbea Menu_FadeItemByName
0    2fc63 Menus_FindByName
0    2fc94 Menus_ShowByName
0    2fcac Menus_OpenByName
0    2fcb5 Menu_RunCloseScript
0    2fce4 Menus_CloseByName
0    2fd44 Menus_CloseAll
0    2fd7a Script_Show
0    2fd9a Script_Hide
0    2fdba Script_FadeIn
0    2fdda Script_FadeOut
0    2fdfa Script_Open
0    2fe12 Script_Close
0    2fe3c Menu_TransitionItemByName
0    2ff27 Script_Defer
0    2ff4e Script_RunDeferred
0    2ff68 Script_Transition
0    2ffca Menu_OrbitItemByName
0    30037 Script_Orbit
0    300a5 Script_SetFocus
0    30130 Script_SetPlayerModel
0    3014e Script_SetPlayerHead
0    3016c Script_SetCvar
0    30198 Script_SetCvarToCvar
0    301d1 Script_Exec
0    301f8 Script_Play
0    30221 Script_playLooped
0    3024d Item_RunScript
0    302ea Item_EnableShowViaCvar
0    303c3 Item_SetFocus
0    3052f Item_TextScroll_MaxScroll
0    3055e Item_TextScroll_ThumbPosition
0    305a8 Item_TextScroll_ThumbDrawPosition
0    30611 Item_TextScroll_OverLB
0    306f9 Item_TextScroll_MouseEnter
0    3072a Item_TextScroll_HandleKey
0    308c0 Item_ListBox_MaxScroll
0    3091a Item_ListBox_ThumbPosition
0    309a1 Item_ListBox_ThumbDrawPosition
0    30a66 Item_Slider_ThumbPosition
0    30afe Item_Slider_OverSlider
0    30b33 Item_ListBox_OverLB
0    30cfe Item_ListBox_MouseEnter
0    30e33 Item_MouseEnter
0    30f55 Item_MouseLeave
0    30fa1 Menu_HitTest
0    30fdf Item_SetMouseOver
0    31008 Item_OwnerDraw_HandleKey
0    31042 Item_ListBox_HandleKey
0    3155f Item_YesNo_HandleKey
0    315e5 Item_Multi_CountSettings
0    315fd Item_Multi_FindCvarByValue
0    31682 Item_Multi_Setting
0    31713 Item_Multi_HandleKey
0    3180b Item_TextField_HandleKey
0    31b8f Scroll_TextScroll_AutoFunc
0    31bec Scroll_TextScroll_ThumbFunc
0    31cdb Scroll_ListBox_AutoFunc
0    31d38 Scroll_ListBox_ThumbFunc
0    31ebf Scroll_Slider_ThumbFunc
0    31f59 Item_StartCapture
0    320ce Item_StopCapture
0    320d1 Item_Slider_HandleKey
0    321cd Item_HandleKey
0    322dd Item_Action
0    322f4 Menu_SetPrevCursorItem
0    323ca Menu_SetNextCursorItem
0    32497 Window_CloseCinematic
0    324bf Menu_CloseCinematics
0    32513 Display_CloseCinematics
0    32530 Menus_Activate
0    32587 Display_VisibleMenuCount
0    325b1 Menus_HandleOOBClick
0    32674 Item_CorrectedTextRect
0    3269c Menu_HandleKey
0    329c0 ToWindowCoords
0    32a08 Rect_ToWindowCoords
0    32a1d Item_SetTextExtents
0    32bc1 Item_TextColor
0    32d07 Item_Text_AutoWrapped_Paint
0    32eb7 Item_Text_Wrapped_Paint
0    32fc4 Item_Text_Paint
0    330b5 Item_TextField_Paint
0    3322b Item_YesNo_Paint
0    3335f Item_Multi_Paint
0    3344d Controls_GetKeyAssignment
0    334ab Controls_GetConfig
0    334dd Controls_SetConfig
0    33534 BindingIDFromName
0    33561 BindingFromName
0    335e8 Item_Slider_Paint
0    336eb Item_Bind_Paint
0    338c4 Display_KeyBindPending
0    338ca Item_Bind_HandleKey
0    33ad5 Item_Model_Paint
0    33c05 Item_Image_Paint
0    33c4c Item_TextScroll_Paint
0    33dde Item_ListBox_Paint
0    34418 Item_OwnerDraw_Paint
0    346de Item_Paint
0    34cc8 Menu_Init
0    34cff Menu_GetFocusedItem
0    34d3e Menu_GetFocused
0    34d79 Menu_ScrollFeeder
0    34dcc Menu_SetFeederSelection
0    34e61 Menus_AnyFullScreenVisible
0    34e95 Menus_ActivateByName
0    34f24 Item_Init
0    34f3d Menu_HandleMouseMove
0    35095 Menu_Paint
0    351f0 Item_ValidateTypeData
0    352b4 KeywordHash_Key
0    35318 KeywordHash_Add
0    3533e KeywordHash_Find
0    35379 ItemParse_name
0    35392 ItemParse_focusSound
0    353ba ItemParse_text
0    353d3 ItemParse_descText
0    353ec ItemParse_text2
0    35405 ItemParse_text2alignx
0    3541e ItemParse_text2aligny
0    35437 ItemParse_group
0    35450 ItemParse_asset_model
0    35490 ItemParse_asset_shader
0    354b6 ItemParse_model_origin
0    354fc ItemParse_model_fovx
0    35522 ItemParse_model_fovy
0    35548 ItemParse_model_rotation
0    3556e ItemParse_model_angle
0    35592 ItemParse_rect
0    355ab ItemParse_flag
0    35616 ItemParse_style
0    35634 ItemParse_decoration
0    35647 ItemParse_notselectable
0    3566a ItemParse_wrapped
0    3567d ItemParse_autowrapped
0    35690 ItemParse_horizontalscroll
0    356a3 ItemParse_type
0    356c2 ItemParse_elementwidth
0    356e8 ItemParse_elementheight
0    3570e ItemParse_feeder
0    35727 ItemParse_elementtype
0    35758 ItemParse_columns
0    357fb ItemParse_border
0    35814 ItemParse_bordersize
0    3582d ItemParse_visible
0    35855 ItemParse_ownerdraw
0    35874 ItemParse_align
0    3588d ItemParse_textalign
0    358ab ItemParse_textalignx
0    358c4 ItemParse_textaligny
0    358dd ItemParse_textscale
0    358f6 ItemParse_textstyle
0    3590f ItemParse_backcolor
0    3593e ItemParse_forecolor
0    3597b ItemParse_bordercolor
0    359aa ItemParse_outlinecolor
0    359c3 ItemParse_background
0    359e9 ItemParse_cinematic
0    35a02 ItemParse_doubleClick
0    35a33 ItemParse_onFocus
0    35a4c ItemParse_leaveFocus
0    35a65 ItemParse_mouseEnter
0    35a7e ItemParse_mouseExit
0    35a97 ItemParse_mouseEnterText
0    35ab0 ItemParse_mouseExitText
0    35ac9 ItemParse_action
0    35ae2 ItemParse_special
0    35afb ItemParse_cvarTest
0    35b14 ItemParse_cvar
0    35b75 ItemParse_font
0    35b94 ItemParse_maxChars
0    35bc9 ItemParse_maxPaintChars
0    35bfe ItemParse_maxLineChars
0    35c33 ItemParse_lineHeight
0    35c69 ItemParse_cvarFloat
0    35cc8 ItemParse_cvarStrList
0    35d8a ItemParse_cvarFloatList
0    35e48 ItemParse_addColorRange
0    35eaa ItemParse_ownerdrawFlag
0    35ecf ItemParse_enableCvar
0    35eee ItemParse_disableCvar
0    35f0d ItemParse_showCvar
0    35f2c ItemParse_hideCvar
0    35f4b ItemParse_Appearance_slot
0    35f64 Item_SetupKeywordHash
0    35f90 Item_Parse
0    3600f Item_TextScroll_BuildLines
0    361b1 Item_InitControls
0    361ee MenuParse_font
0    36231 MenuParse_name
0    3625e MenuParse_fullscreen
0    3627b MenuParse_rect
0    36296 MenuParse_style
0    362b8 MenuParse_visible
0    362e4 MenuParse_onOpen
0    36301 MenuParse_onClose
0    3631e MenuParse_onESC
0    3633b MenuParse_border
0    36358 MenuParse_borderSize
0    36375 MenuParse_backcolor
0    363a8 MenuParse_descAlignment
0    363ca MenuParse_descX
0    363e7 MenuParse_descY
0    36404 MenuParse_descScale
0    36421 MenuParse_descColor
0    36454 MenuParse_forecolor
0    36495 MenuParse_bordercolor
0    364c8 MenuParse_focuscolor
0    364fb MenuParse_disablecolor
0    3652e MenuParse_outlinecolor
0    3654b MenuParse_background
0    36575 MenuParse_cinematic
0    36592 MenuParse_ownerdrawFlag
0    365bb MenuParse_ownerdraw
0    365d8 MenuParse_popup
0    365ef MenuParse_outOfBounds
0    36606 MenuParse_soundLoop
0    36623 MenuParse_fadeClamp
0    36640 MenuParse_fadeAmount
0    3665d MenuParse_fadeCycle
0    3667a MenuParse_itemDef
0    366ff MenuParse_appearanceIncrement
0    3671c Menu_SetupKeywordHash
0    36748 Menu_Parse
0    367c7 Menu_New
0    367fb Menu_Count
0    36801 Menu_PaintAll
0    36898 Menu_Reset
0    3689e Display_GetContext
0    368a4 Display_CaptureItem
0    368d9 Display_MouseMove
0    36951 Display_CursorType
0    3699d Display_HandleKey
0    369ca Window_CacheContents
0    36a03 Item_CacheContents
0    36a10 Menu_CacheContents
0    36a5c Display_CacheAll
0    36a79 Menu_OverActiveItem
0    36b2c CG_InitTeamChat
0    36b4a CG_SetPrintString
0    36b6a CG_CheckOrderPending
0    36c4b CG_SetSelectedPlayerName
0    36c98 CG_GetSelectedPlayer
0    36caa CG_SelectNextPlayer
0    36ccc CG_SelectPrevPlayer
0    36cef CG_StatusHandle
0    36d3b CG_GetValue
0    36e21 CG_OtherTeamHasFlag
0    36e56 CG_YourTeamHasFlag
0    36e8b CG_OwnerDrawVisible
0    36fa8 CG_GetKillerText
0    36fca CG_GetGameStatusText
0    37042 CG_GameTypeString
0    3707f CG_Text_Paint_Limit
0    37177 CG_DrawNewTeamInfo
0    373e2 CG_DrawTeamSpectators
0    3752d CG_DrawMedal
0    37675 CG_OwnerDraw
0    37678 CG_MouseEvent
0    3770a CG_HideTeamMenu
0    37717 CG_ShowTeamMenu
0    3771f CG_EventHandling
0    37739 CG_KeyEvent
0    37792 CG_ClientNumFromName
0    377c9 CG_ShowResponseHead
0    377dc CG_RunMenuScript
0    377df CG_DeferMenuScript
0    377e4 CG_GetTeamColor
1        4 colorTable
1      434 HolocronIcons
1      47c forceModelModificationCount
1      4e4 cvarTable
1      c34 cvarTableSize
1      cdc forceTicPos
1      e2c ammoTicPos
1      f7c commands
1     10fc menuScoreboard
1     1100 bluehudtint
1     1110 redhudtint
1     1120 showPowersName
1     11ac g_saberFlashTime
1     11b0 g_saberFlashPos
1     11d0 cgRageTime
1     11d4 cgRageFadeTime
1     11d8 cgRageFadeVal
1     11dc cgRageRecTime
1     11e0 cgRageRecFadeTime
1     11e4 cgRageRecFadeVal
1     11e8 cgAbsorbTime
1     11ec cgAbsorbFadeTime
1     11f0 cgAbsorbFadeVal
1     11f4 cgProtectTime
1     11f8 cgProtectFadeTime
1     11fc cgProtectFadeVal
1     1200 cgYsalTime
1     1204 cgYsalFadeTime
1     1208 cgYsalFadeVal
1     120c gCGHasFallVector
1     1230 forceHolocronModels
1     1760 shaderAnimNames
1     17e0 shaderAnimCounts
1     1860 shaderAnimSTRatio
1     18e0 cl_numparticles
1     18e4 initparticles
1     18e8 roll
1     18ec cg_customSoundNames
1     1978 cgQueueLoad
1     1ae8 cgFPLSState
1     1aec cgAnnouncerTime
1     1b38 numValidOrders
1     1b3c cameramins
1     1b48 cameramaxs
1     1b54 cameraCurTarget
1     1b60 cameraCurLoc
1     1b6c cameraOldLoc
1     1b78 cameraNewLoc
1     1b84 cameraLastFrame
1     1b88 cameraLastYaw
1     1b8c cameraStiffFactor
1     1bcc cgWeapFrame
1     1bd0 cgWeapFrameTime
1     1cc8 WHITE
1     1ce0 WP_MuzzlePoint
1     1da0 weaponData
1     2120 ammoData
1     2148 animTable
1     4b9c BGPAFtextLoaded
1     4ba0 gPMDoSlowFall
1     4ba4 pm_stopspeed
1     4ba8 pm_duckScale
1     4bac pm_swimScale
1     4bb0 pm_wadeScale
1     4bb4 pm_accelerate
1     4bb8 pm_airaccelerate
1     4bbc pm_wateraccelerate
1     4bc0 pm_flyaccelerate
1     4bc4 pm_friction
1     4bc8 pm_waterfriction
1     4bcc pm_flightfriction
1     4bd0 pm_spectatorfriction
1     4bd4 c_pmove
1     4bd8 forceSpeedLevels
1     4be8 forcePowerNeeded
1     4d08 forceJumpHeight
1     4d18 forceJumpStrength
1     4dbc randSeed
1     4e30 forceMasteryLevels
1     4e50 forceMasteryPoints
1     4e70 bgForcePowerCost
1     4f90 forcePowerSorted
1     4fd8 forcePowerDarkLight
1     5020 WeaponReadyAnim
1     5060 WeaponAttackAnim
1     50a0 bg_itemlist
1     595c bg_numItems
1     59b4 eventnames
1     5b6c bg_poolSize
1     5b70 bg_poolTail
1     5b74 saberMoveData
1     6de4 transitionMove
1     1af0 validOrders
1     7068 saberMoveTransitionAngle
1     71fc vec3_origin
1     7208 axisDefault
1     722c colorBlack
1     723c colorRed
1     724c colorGreen
1     725c colorBlue
1     726c colorYellow
1     727c colorMagenta
1     728c colorCyan
1     729c colorWhite
1     72ac colorLtGrey
1     72bc colorMdGrey
1     72cc colorDkGrey
1     72dc colorLtBlue
1     72ec colorDkBlue
1     72fc g_color_table
1     737c bytedirs
1     7b34 holdrand
1     7b40 captureFunc
1     7b44 captureData
1     7b48 itemCapture
1     7b4c DC
1     7b50 g_waitingForKey
1     7b54 g_editingField
1     7b58 g_bindItem
1     7b5c g_editItem
1     7b60 menuCount
1     7b64 openMenuCount
1     7b68 debugMode
1     7b6c lastListBoxClickTime
1     7b70 itemFlags
1     7b80 styles
1     7b9c alignment
1     7bac types
1     7bec strPoolIndex
1     7bf0 strHandleCount
1     7bfc FPMessageTime
1     7c00 ui_deferredScriptItem
1     7c04 commandList
1     7cc4 scriptCommandCount
1     7d78 g_bindings
1     8648 itemParseKeywords
1     89a8 menuParseKeywords
1     8b5c drawTeamOverlayModificationCount
1     85d0 g_bindCount
2   753f84 _stackStart
2   763f84 _stackEnd
3     8400 cg_pmove_msec
3     8510 cg_debugSaber
3     8620 cgDC
3     b448 cg_debugBB
3     b558 ui_myteam
3     b668 cg_recordSPDemoName
3     b778 cg_recordSPDemo
3     b888 cg_singlePlayerActive
3     b998 cg_enableBreath
3     baa8 cg_enableDust
3     bbb8 cg_singlePlayer
3     bcc8 cg_currentSelectedPlayerName
3     bdd8 cg_currentSelectedPlayer
3     bee8 cg_blueTeamName
3     bff8 cg_redTeamName
3     c108 cg_trueLightning
3     c218 cg_noProjectileTrail
3     c328 cg_noTaunt
3     c438 cg_bigFont
3     c548 cg_smallFont
3     c658 cg_cameraMode
3     c768 cg_timescale
3     c878 cg_timescaleFadeSpeed
3     c988 cg_timescaleFadeEnd
3     ca98 cg_cameraOrbitDelay
3     cba8 cg_cameraOrbit
3     ccb8 pmove_msec
3     cdc8 pmove_fixed
3     ced8 cg_smoothClients
3     cfe8 cg_hudFiles
3     d0f8 cg_scorePlum
3     d208 cg_noVoiceText
3     d318 cg_noVoiceChats
3     d428 cg_teamChatsOnly
3     d538 cg_drawFriend
3     d648 cg_deferPlayers
3     d758 cg_predictItems
3     d868 cg_blood
3     d978 cg_paused
3     da88 cg_buildScript
3     db98 cg_forceModel
3     dca8 cg_stats
3     ddb8 cg_teamChatHeight
3     dec8 cg_teamChatTime
3     dfd8 cg_synchronousClients
3     e0e8 cg_drawEnemyInfo
3     e1f8 cg_lagometer
3     e308 cg_stereoSeparation
3     e418 cg_thirdPersonHorzOffset
3     e528 cg_thirdPersonAlpha
3     e638 cg_thirdPersonTargetDamp
3     e748 cg_thirdPersonCameraDamp
3     e858 cg_thirdPersonVertOffset
3     e968 cg_thirdPersonPitchOffset
3     ea78 cg_thirdPersonAngle
3     eb88 cg_thirdPersonRange
3     ec98 cg_thirdPerson
3     eda8 cg_dismember
3     eeb8 cg_animBlend
3     efc8 cg_auraShell
3     f0d8 cg_speedTrail
3     f1e8 cg_duelHeadAngles
3     f2f8 cg_saberTrail
3     f408 cg_saberContact
3     f518 cg_saberDynamicMarkTime
3     f628 cg_saberDynamicMarks
3     f738 cg_fpls
3     f848 cg_saberModelTraceEffect
3     f958 cg_oldPainSounds
3     fa68 cg_swingAngles
3     fb78 cg_zoomFov
3     fc88 cg_fov
3     fd98 cg_simpleItems
3     fea8 cg_ignore
3     ffb8 cg_autoswitch
3    100c8 cg_tracerLength
3    101d8 cg_tracerWidth
3    102e8 cg_tracerChance
3    103f8 cg_viewsize
3    10508 cg_drawGun
3    10618 cg_gun_z
3    10728 cg_gun_y
3    10838 cg_gun_x
3    10948 cg_gun_frame
3    10a58 cg_addMarks
3    10b68 cg_footsteps
3    10c78 cg_showmiss
3    10d88 cg_noPlayerAnims
3    10e98 cg_nopredict
3    10fa8 cg_errorDecay
3    110b8 cg_debugEvents
3    111c8 cg_debugPosition
3    112d8 cg_debugAnim
3    113e8 cg_animSpeed
3    114f8 cg_draw2D
3    11608 cg_drawStatus
3    11718 cg_crosshairHealth
3    11828 cg_crosshairSize
3    11938 cg_crosshairY
3    11a48 cg_crosshairX
3    11b58 cg_teamOverlayUserinfo
3    11c68 cg_drawTeamOverlay
3    11d78 cg_drawRewards
3    11e88 cg_dynamicCrosshair
3    11f98 cg_drawScores
3    120a8 cg_drawCrosshairNames
3    121b8 cg_drawCrosshair
3    122c8 cg_drawAmmoWarning
3    123d8 cg_drawIcons
3    124e8 cg_draw3dIcons
3    125f8 cg_drawSnapshot
3    12708 cg_drawFPS
3    12818 cg_drawTimer
3    12928 cg_shadows
3    12a38 cg_bobroll
3    12b48 cg_bobpitch
3    12c58 cg_bobup
3    12d68 cg_runroll
3    12e78 cg_runpitch
3    12f88 cg_centertime
3    13098 cg_items
3    16898 cg_weapons
3    17598 cg_entities
3   1f7598 cg
3   220ec4 cgs
3   232710 gCGFallVector
3   23271c lagometer
3   232d24 lastvalidlockdif
3   232d28 hudTintColor
3   232d2c teamChat2
3   232e2c teamChat1
3   232f2c systemChat
3   23302c numSortedTeamPlayers
3   233030 sortedTeamPlayers
3   2330cc dbModels_Rocks
3   2330dc dbModels_Chunks
3   2330e8 dbModels_Wood
3   233108 dbModels_Glass
3   233128 offZ
3   233768 offX
3   233de8 lastofs
3   233dec cl_lightstyle
3   237fec cg_freeLocalEntities
3   237ff0 cg_activeLocalEntities
3   2381bc cg_localEntities
3   2719bc oldtime
3   2719c0 rup
3   2719cc rright
3   2719d8 rforward
3   2719e4 pvup
3   2719f0 pvright
3   2719fc pvforward
3   271a08 particles
3   290a08 free_particles
3   290a0c active_particles
3   290a10 numShaderAnims
3   290a14 shaderAnims
3   292a14 markTotal
3   292a18 cg_freeMarkPolys
3   292a1c cg_activeMarkPolys
3   292b3c cg_markPolys
3   2a4b3c cgBoneAnglePostSet
3   2a4b74 cgSendPS
3   2af7f4 cg_triggerEntities
3   2afbf4 cg_numTriggerEntities
3   2afbf8 cg_solidEntities
3   2afff8 cg_numSolidEntities
3   2afffc cg_pmove
3   2b0178 cg_saga_valid
3   2b017c cg_saga_info
3   2b217c localClient
3   2b2180 voiceChatBuffer
3   2b4880 voiceChatLists
3   4dd2c0 zoomFov
3   4dd2c4 cameraIdealLoc
3   4dd2d0 cameraIdealTarget
3   4dd2dc cameraFocusLoc
3   4dd2e8 cameraFocusAngles
3   4dd2f4 cameraup
3   4dd300 camerafwd
3   4dd30c cgScreenEffects
3   4dd32c g2WeaponInstances
3   4dd36c BGPAFtext
3   4e6fac bgGlobalAnimations
3   4ef420 pml
3   4ef8ac pm
3   4ef8b0 bg_pool
3   6f92c8 com_lines
3   6f92cc com_parsename
3   6f96cc com_token
3   6fbadc menuParseKeywordHash
3   6fc2dc itemParseKeywordHash
3   6fcadc g_nameBind2
3   6fcafc g_nameBind1
3   6fcb1c ui_deferredScript
3   6fd31c strHandle
3   6ff31c strPool
3   71f31c outOfMemory
3   71f320 allocPoint
3   71f324 memoryPool
3   73f324 menuStack
3   73f364 Menus
3   753f64 scrollInfo
