0 fffffda6 trap_G2API_CollisionDetect
0 fffffda7 trap_G2API_CleanGhoul2Models
0 fffffda8 trap_G2API_RemoveGhoul2Model
0 fffffda9 trap_G2API_HasGhoul2ModelOnIndex
0 fffffdaa trap_G2API_DuplicateGhoul2Instance
0 fffffdab trap_G2API_CopySpecificGhoul2Model
0 fffffdac trap_G2API_CopyGhoul2Instance
0 fffffdad trap_G2API_GetGLAName
0 fffffdae trap_G2API_SetBoneAnim
0 fffffdaf trap_G2API_SetBoneAngles
0 fffffdb0 trap_G2API_SetBoltInfo
0 fffffdb1 trap_G2API_AddBolt
0 fffffdb2 trap_G2API_InitGhoul2Model
0 fffffdb3 trap_G2API_GetBoltMatrix_NoRecNoRot
0 fffffdb4 trap_G2API_GetBoltMatrix_NoReconstruct
0 fffffdb5 trap_G2API_GetBoltMatrix
0 fffffdb6 trap_G2_SetGhoul2ModelIndexes
0 fffffdb7 trap_G2_HaveWeGhoul2Models
0 fffffdb8 trap_G2_ListModelSurfaces
0 fffffdb9 trap_G2_ListModelBones
0 fffffdba trap_PC_SourceFileAndLine
0 fffffdbb trap_PC_ReadToken
0 fffffdbc trap_PC_FreeSource
0 fffffdbd trap_PC_LoadSource
0 fffffdbe trap_AAS_PointReachabilityAreaIndex
0 fffffdbf trap_AAS_PredictRoute
0 fffffdc0 trap_AAS_AlternativeRouteGoals
0 fffffdc1 trap_BotAddAvoidSpot
0 fffffdc2 trap_BotSetAvoidGoalTime
0 fffffdc3 trap_BotPredictVisiblePosition
0 fffffdc4 trap_BotRemoveFromAvoidGoals
0 fffffdc5 trap_BotGetChatMessage
0 fffffdc6 trap_BotNumInitialChats
0 fffffdc7 trap_BotGetMapLocationGoal
0 fffffdc8 trap_BotGetNextCampSpotGoal
0 fffffdc9 trap_BotMutateGoalFuzzyLogic
0 fffffdca trap_BotInterbreedGoalFuzzyLogic
0 fffffdcb trap_GeneticParentsAndChildSelection
0 fffffdcc trap_BotResetWeaponState
0 fffffdcd trap_BotFreeWeaponState
0 fffffdce trap_BotAllocWeaponState
0 fffffdcf trap_BotLoadWeaponWeights
0 fffffdd0 trap_BotGetWeaponInfo
0 fffffdd1 trap_BotChooseBestFightWeapon
0 fffffdd2 trap_BotInitMoveState
0 fffffdd3 trap_BotFreeMoveState
0 fffffdd4 trap_BotAllocMoveState
0 fffffdd5 trap_BotMovementViewTarget
0 fffffdd6 trap_BotReachabilityArea
0 fffffdd7 trap_BotResetLastAvoidReach
0 fffffdd8 trap_BotResetAvoidReach
0 fffffdd9 trap_BotMoveInDirection
0 fffffdda trap_BotMoveToGoal
0 fffffddb trap_BotResetMoveState
0 fffffddc trap_BotFreeGoalState
0 fffffddd trap_BotAllocGoalState
0 fffffdde trap_BotSaveGoalFuzzyLogic
0 fffffddf trap_BotFreeItemWeights
0 fffffde0 trap_BotLoadItemWeights
0 fffffde1 trap_BotUpdateEntityItems
0 fffffde2 trap_BotInitLevelItems
0 fffffde3 trap_BotAvoidGoalTime
0 fffffde4 trap_BotGetLevelItemGoal
0 fffffde5 trap_BotItemGoalInVisButNotVisible
0 fffffde6 trap_BotTouchingGoal
0 fffffde7 trap_BotChooseNBGItem
0 fffffde8 trap_BotChooseLTGItem
0 fffffde9 trap_BotGetSecondGoal
0 fffffdea trap_BotGetTopGoal
0 fffffdeb trap_BotGoalName
0 fffffdec trap_BotDumpGoalStack
0 fffffded trap_BotDumpAvoidGoals
0 fffffdee trap_BotEmptyGoalStack
0 fffffdef trap_BotPopGoal
0 fffffdf0 trap_BotPushGoal
0 fffffdf1 trap_BotResetAvoidGoals
0 fffffdf2 trap_BotResetGoalState
0 fffffdf3 trap_BotSetChatName
0 fffffdf4 trap_BotSetChatGender
0 fffffdf5 trap_BotLoadChatFile
0 fffffdf6 trap_BotReplaceSynonyms
0 fffffdf7 trap_UnifyWhiteSpaces
0 fffffdf8 trap_BotMatchVariable
0 fffffdf9 trap_BotFindMatch
0 fffffdfa trap_StringContains
0 fffffdfb trap_BotEnterChat
0 fffffdfc trap_BotChatLength
0 fffffdfd trap_BotReplyChat
0 fffffdfe trap_BotInitialChat
0 fffffdff trap_BotNumConsoleMessages
0 fffffe00 trap_BotNextConsoleMessage
0 fffffe01 trap_BotRemoveConsoleMessage
0 fffffe02 trap_BotQueueConsoleMessage
0 fffffe03 trap_BotFreeChatState
0 fffffe04 trap_BotAllocChatState
0 fffffe05 trap_Characteristic_String
0 fffffe06 trap_Characteristic_BInteger
0 fffffe07 trap_Characteristic_Integer
0 fffffe08 trap_Characteristic_BFloat
0 fffffe09 trap_Characteristic_Float
0 fffffe0a trap_BotFreeCharacter
0 fffffe0b trap_BotLoadCharacter
0 fffffe56 trap_EA_ResetInput
0 fffffe57 trap_EA_GetInput
0 fffffe58 trap_EA_EndRegular
0 fffffe59 trap_EA_View
0 fffffe5a trap_EA_Move
0 fffffe5b trap_EA_DelayedJump
0 fffffe5c trap_EA_Jump
0 fffffe5d trap_EA_SelectWeapon
0 fffffe5e trap_EA_MoveRight
0 fffffe5f trap_EA_MoveLeft
0 fffffe60 trap_EA_MoveBack
0 fffffe61 trap_EA_MoveForward
0 fffffe62 trap_EA_MoveDown
0 fffffe63 trap_EA_MoveUp
0 fffffe64 trap_EA_Crouch
0 fffffe65 trap_EA_Respawn
0 fffffe66 trap_EA_Use
0 fffffe67 trap_EA_ForcePower
0 fffffe68 trap_EA_Alt_Attack
0 fffffe69 trap_EA_Attack
0 fffffe6a trap_EA_Talk
0 fffffe6b trap_EA_Gesture
0 fffffe6c trap_EA_Action
0 fffffe6d trap_EA_Command
0 fffffe6e trap_EA_SayTeam
0 fffffe6f trap_EA_Say
0 fffffec1 trap_AAS_PredictClientMovement
0 fffffec2 trap_AAS_Swimming
0 fffffec3 trap_AAS_AreaTravelTimeToGoalArea
0 fffffec4 trap_AAS_AreaReachability
0 fffffec5 trap_AAS_IntForBSPEpairKey
0 fffffec6 trap_AAS_FloatForBSPEpairKey
0 fffffec7 trap_AAS_VectorForBSPEpairKey
0 fffffec8 trap_AAS_ValueForBSPEpairKey
0 fffffec9 trap_AAS_NextBSPEntity
0 fffffeca trap_AAS_PointContents
0 fffffecb trap_AAS_TraceAreas
0 fffffecc trap_AAS_PointAreaNum
0 fffffecd trap_AAS_Time
0 fffffece trap_AAS_PresenceTypeBoundingBox
0 fffffecf trap_AAS_Initialized
0 fffffed0 trap_AAS_EntityInfo
0 fffffed1 trap_AAS_AreaInfo
0 fffffed2 trap_AAS_BBoxAreas
0 fffffed3 trap_AAS_EnableRoutingArea
0 ffffff2c trap_BotUserCommand
0 ffffff2d trap_BotGetServerCommand
0 ffffff2e trap_BotGetSnapshotEntity
0 ffffff2f trap_BotLibTest
0 ffffff30 trap_BotLibUpdateEntity
0 ffffff31 trap_BotLibLoadMap
0 ffffff32 trap_BotLibStartFrame
0 ffffff33 trap_BotLibDefine
0 ffffff34 trap_BotLibVarGet
0 ffffff35 trap_BotLibVarSet
0 ffffff36 trap_BotLibShutdown
0 ffffff37 trap_BotLibSetup
0 ffffff8c asin
0 ffffff8d acos
0 ffffff90 ceil
0 ffffff91 floor
0 ffffff92 perpendicularvector
0 ffffff93 anglevectors
0 ffffff94 matrixmultiply
0 ffffff95 sqrt
0 ffffff96 atan2
0 ffffff97 cos
0 ffffff98 sin
0 ffffff99 strncpy
0 ffffff9a memcpy
0 ffffff9b memset
0 ffffffcc trap_ROFF_Purge_Ent
0 ffffffcd trap_ROFF_Play
0 ffffffce trap_ROFF_Cache
0 ffffffcf trap_ROFF_UpdateEntities
0 ffffffd0 trap_ROFF_Clean
0 ffffffd1 trap_SP_GetStringTextString
0 ffffffd2 trap_SP_RegisterServer
0 ffffffd3 trap_EntityContactCapsule
0 ffffffd4 trap_TraceCapsule
0 ffffffd5 trap_SnapVector
0 ffffffd6 trap_RealTime
0 ffffffd7 trap_DebugPolygonDelete
0 ffffffd8 trap_DebugPolygonCreate
0 ffffffd9 trap_FS_GetFileList
0 ffffffda trap_GetEntityToken
0 ffffffdb trap_GetUsercmd
0 ffffffdc trap_BotFreeClient
0 ffffffdd trap_BotAllocateClient
0 ffffffde trap_EntityContact
0 ffffffdf trap_EntitiesInBox
0 ffffffe0 trap_UnlinkEntity
0 ffffffe1 trap_LinkEntity
0 ffffffe2 trap_AreasConnected
0 ffffffe3 trap_AdjustAreaPortalState
0 ffffffe4 trap_InPVSIgnorePortals
0 ffffffe5 trap_InPVS
0 ffffffe6 trap_PointContents
0 ffffffe7 trap_Trace
0 ffffffe8 trap_SetBrushModel
0 ffffffe9 trap_GetServerinfo
0 ffffffea trap_SetUserinfo
0 ffffffeb trap_GetUserinfo
0 ffffffec trap_GetConfigstring
0 ffffffed trap_SetConfigstring
0 ffffffee trap_SendServerCommand
0 ffffffef trap_DropClient
0 fffffff0 trap_LocateGameData
0 fffffff1 trap_SendConsoleCommand
0 fffffff2 trap_FS_FCloseFile
0 fffffff3 trap_FS_Write
0 fffffff4 trap_FS_Read
0 fffffff5 trap_FS_FOpenFile
0 fffffff6 trap_Argv
0 fffffff7 trap_Argc
0 fffffff8 trap_Cvar_VariableStringBuffer
0 fffffff9 trap_Cvar_VariableIntegerValue
0 fffffffa trap_Cvar_Set
0 fffffffb trap_Cvar_Update
0 fffffffc trap_Cvar_Register
0 fffffffd trap_Milliseconds
0 fffffffe trap_Error
0 ffffffff trap_Printf
0        0 vmMain
0       a5 G_Printf
0       be G_Error
0       d7 G_FindTeams
0      1db G_RemapTeamShaders
0      1de G_RegisterCvars
0      252 G_UpdateCvars
0      2c6 G_InitGame
0      438 G_ShutdownGame
0      470 Com_Error
0      48b Com_Printf
0      4a6 AddTournamentPlayer
0      51f RemoveTournamentLoser
0      546 RemoveDuelDrawLoser
0      5e8 RemoveTournamentWinner
0      60f AdjustTournamentScores
0      7da SortRanks
0      8af CalculateRanks
0      b69 SendScoreboardMessageToAllClients
0      b92 MoveClientToIntermission
0      c02 FindIntermissionPoint
0      c70 BeginIntermission
0      ce3 DuelLimitHit
0      d1a DuelResetWinsLosses
0      d4b ExitLevel
0      dd8 G_LogPrintf
0      e44 LogExit
0      f2d CheckIntermissionExit
0     124e ScoreIsTied
0     1297 CheckExitRules
0     1491 CheckTournament
0     1618 CheckVote
0     16fc PrintTeam
0     1727 SetLeader
0     17ea CheckTeamLeader
0     1882 CheckTeamVote
0     197b CheckCvars
0     19a8 G_RunThink
0     19e1 G_RunFrame
0     1bda G_GetStripEdString
0     1beb BotStraightTPOrderCheck
0     1c55 BotSelectWeapon
0     1c67 BotReportStatus
0     1cc6 BotOrder
0     1e61 BotMindTricked
0     1ed8 BotAI_Print
0     1edb IsTeamplay
0     1ee8 BotAI_GetClientState
0     1f19 BotAI_GetEntityState
0     1f5e BotAI_GetSnapshotEntity
0     1f8f BotEntityInfo
0     1f9b NumBots
0     1fa1 AngleDifference
0     1fc9 BotChangeViewAngle
0     2035 BotChangeViewAngles
0     21d4 BotInputToUserCommand
0     2480 BotUpdateInput
0     2543 BotAIRegularUpdate
0     2554 RemoveColorEscapeSequences
0     25cc BotAI
0     271d BotScheduleBotThink
0     275b PlayersInGame
0     279c BotAISetupClient
0     28bc BotAIShutdownClient
0     290b BotResetState
0     29f6 BotAILoadMap
0     2a30 OrgVisible
0     2a56 WPOrgVisible
0     2aeb OrgVisibleBox
0     2b1b CheckForFunc
0     2b6e GetNearestVisibleWP
0     2c34 PassWayCheck
0     2cce TotalTrailDistance
0     2da7 CheckForShorterRoutes
0     2ef9 WPConstantRoutine
0     3053 BotCTFGuardDuty
0     306f WPTouchRoutine
0     3236 MoveTowardIdealAngles
0     3246 BotTrace_Strafe
0     33e4 BotTrace_Jump
0     351d BotTrace_Duck
0     3601 PassStandardEnemyChecks
0     37d6 BotDamageNotification
0     38d7 BotCanHear
0     39d5 UpdateEventTracker
0     3a38 InFieldOfVision
0     3aba PassLovedOneCheck
0     3b8a ScanForEnemies
0     3d9c WaitingForNow
0     3e72 BotGetWeaponRange
0     3ec2 BotIsAChickenWuss
0     3fbc GetNearestBadThing
0     426b BotDefendFlag
0     42e0 BotGetEnemyFlag
0     4355 BotGetFlagBack
0     444d BotGuardFlagCarrier
0     4545 BotGetFlagHome
0     45ba GetNewFlagPoint
0     46d1 CTFTakesPriority
0     49dc EntityVisibleBox
0     4a19 Saga_TargetClosestObjective
0     4c3d Saga_DefendFromAttackers
0     4d33 Saga_CountDefenders
0     4d99 Saga_CountTeammates
0     4dea SagaTakesPriority
0     5102 JMTakesPriority
0     51e9 BotHasAssociated
0     52a8 GetBestIdleGoal
0     5393 GetIdealDestination
0     5952 CommanderBotCTFAI
0     5c28 CommanderBotSagaAI
0     5d53 BotDoTeamplayAI
0     5d7e CommanderBotTeamplayAI
0     5f25 CommanderBotAI
0     5f4e MeleeCombatHandling
0     60ac SaberCombatHandling
0     645c BotWeaponCanLead
0     64a0 BotAimLeading
0     65f7 BotAimOffsetGoalAngles
0     67f9 ShouldSecondaryFire
0     6901 CombatBotAI
0     6ae3 BotFallbackNavigation
0     6b86 BotTryAnotherWeapon
0     6c06 BotWeaponSelectable
0     6c3c BotSelectIdealWeapon
0     6dda BotSelectChoiceWeapon
0     6e68 BotSelectMelee
0     6e99 GetLoveLevel
0     6f2e BotLovedOneDied
0     707b BotDeathNotify
0     7101 StrafeTracing
0     71e7 PrimFiring
0     7218 KeepPrimFromFiring
0     724d AltFiring
0     727e KeepAltFromFiring
0     72b3 CheckForFriendInLOF
0     737a BotScanForLeader
0     740a BotReplyGreetings
0     7479 CTFFlagMovement
0     765b BotCheckDetPacks
0     77a1 BotUseInventoryItem
0     787b BotSurfaceNear
0     78e0 BotWeaponBlockable
0     7915 StandardBotAI
0     9913 BotAIStartFrame
0     9a11 BotAISetup
0     9aa6 BotAIShutdown
0     9ae4 B_TempAlloc
0     9af1 B_TempFree
0     9afa B_Alloc
0     9b07 B_Free
0     9b0a B_InitAlloc
0     9b16 B_CleanupAlloc
0     9b19 GetValueGroup
0     9c14 GetPairedValue
0     9dba BotDoChat
0     a087 ParseEmotionalAttachments
0     a1ca ReadChatGroups
0     a25a BotUtilizePersonality
0     a6fe GetFlagStr
0     a9f9 G_TestLine
0     aa33 BotWaypointRender
0     ac61 TransferWPData
0     ad85 CreateNewWP
0     ae23 CreateNewWP_FromObject
0     af8e RemoveWP
0     afe4 RemoveWP_InTrail
0     b0c9 CreateNewWP_InTrail
0     b218 TeleportToWP
0     b29e WPFlagsModify
0     b2dd NotWithinRange
0     b312 NodeHere
0     b3a4 CanGetToVector
0     b3d3 CanGetToVectorTravel
0     b4f7 ConnectTrail
0     bb08 OpposingEnds
0     bb86 DoorBlockingSection
0     bc69 RepairPaths
0     bd9b OrgVisibleCurve
0     bdfb CanForceJumpTo
0     bee6 CalculatePaths
0     c160 GetObjectThatTargets
0     c18f CalculateSagaGoals
0     c2bc GetNearestVisibleWPToItem
0     c3a8 CalculateWeightGoals
0     c578 CalculateJumpRoutes
0     c69c LoadPathData
0     ca43 FlagObjects
0     cc6f SavePathData
0     cfb0 LoadPath_ThisLevel
0     d04b GetClosestSpawn
0     d0e9 GetNextSpawnInIndex
0     d18d AcceptBotCommand
0     d600 swapfunc
0     d687 med3
0     d70a qsort
0     dac3 strlen
0     dade strcat
0     db21 strcpy
0     db56 strcmp
0     db8f strchr
0     dbae strstr
0     dbf4 tolower
0     dc0c toupper
0     dc24 memmove
0     dc6b tan
0     dc82 srand
0     dc89 rand
0     dc9e atof
0     dd63 _atof
0     de2e atoi
0     dea6 _atoi
0     df28 abs
0     df3d fabs
0     df52 AddInt
0     e02d AddFloat
0     e13b AddString
0     e1d2 vsprintf
0     e36a sscanf
0     e3d5 BG_LegalizedForcePowers
0     e7b1 vectoyaw
0     e80b BG_HasYsalamiri
0     e83a BG_CanUseFPNow
0     e8bc BG_FindItemForPowerup
0     e8f8 BG_FindItemForHoldable
0     e932 BG_FindItemForWeapon
0     e965 BG_FindItem
0     e98e BG_PlayerTouchesItem
0     e9ee BG_ProperForceIndex
0     ea11 BG_CycleForce
0     eae9 BG_GetItemIndexByTag
0     eb19 BG_CycleInven
0     eb85 BG_CanItemBeGrabbed
0     edeb BG_EvaluateTrajectory
0     efb9 BG_EvaluateTrajectoryDelta
0     f0b3 BG_AddPredictableEventToPlayerstate
0     f0ee BG_TouchJumpPad
0     f152 BG_PlayerStateToEntityState
0     f467 BG_PlayerStateToEntityStateExtraPolate
0     f789 BG_SwingAngles
0     f88e BG_AddPainTwitch
0     f8cf BG_G2PlayerAngles
0     fa6c BG_Alloc
0     faac BG_AllocUnaligned
0     fadf BG_TempAlloc
0     fb17 BG_TempFree
0     fb44 BG_StringAlloc
0     fb67 BG_OutOfMemory
0     fb79 PM_GetSaberStance
0     fb96 PM_DoSlowFall
0     fbb9 PM_AddEvent
0     fbc8 PM_AddEventWithParm
0     fbd8 PM_AddTouchEnt
0     fc2d PM_ClipVelocity
0     fca6 PM_Friction
0     fda2 PM_Accelerate
0     fe1e PM_CmdScale
0     feb5 PM_SetMovementDir
0    10001 PM_ForceJumpingUp
0    100c0 PM_JumpForDir
0    10163 PM_SetPMViewAngle
0    101a4 PM_AdjustAngleForWallRun
0    103a8 PM_CheckJump
0    112e3 PM_CheckWaterJump
0    113ca PM_WaterJumpMove
0    1140b PM_WaterMove
0    1153c PM_FlyMove
0    115f6 PM_AirMove
0    116b9 PM_WalkMove
0    1195b PM_DeadMove
0    119d4 PM_NoclipMove
0    11b46 PM_FootstepForSurface
0    11b5f PM_TryRoll
0    11d60 PM_CrashLand
0    12071 PM_CorrectAllSolid
0    12158 PM_GroundTraceMissed
0    122e9 PM_GroundTrace
0    1247c PM_SetWaterLevel
0    12549 PM_CheckDuck
0    1271f PM_Use
0    12768 PM_RunningAnim
0    12796 PM_Footsteps
0    12b64 PM_WaterEvents
0    12bbb PM_BeginWeaponChange
0    12c21 PM_FinishWeaponChange
0    12c74 PM_DoChargedWeapons
0    1314e PM_ItemUsable
0    13379 PM_Weapon
0    13ccd PM_Animate
0    13d3a PM_DropTimers
0    13dc4 PM_UpdateViewAngles
0    13e68 PM_AdjustAttackStates
0    141e0 BG_CmdForRoll
0    14235 BG_AdjustClientSpeed
0    14666 PmoveSingle
0    14b4f Pmove
0    14bfb BG_InSpecialJump
0    14c20 BG_InSaberStandAnim
0    14c46 BG_DirectFlippingAnim
0    14c65 BG_SaberInAttack
0    14c92 BG_SaberInSpecial
0    14caf BG_SaberInIdle
0    14ccc BG_FlippingAnim
0    14d08 BG_SpinningSaberAnim
0    14df2 BG_SaberInSpecialAttack
0    14e2c BG_BrokenParryForAttack
0    14e6a BG_BrokenParryForParry
0    14ebc BG_KnockawayForParry
0    14ee5 BG_InRoll
0    14f0b BG_InDeathAnim
0    14f40 PM_SaberBounceForAttack
0    14f7a PM_SaberDeflectionForQuad
0    14fb3 PM_SaberInDeflect
0    14fc8 PM_SaberInParry
0    14fdd PM_SaberInKnockaway
0    14ff2 PM_SaberInReflect
0    15007 PM_SaberInStart
0    1501c PM_SaberInReturn
0    15036 PM_InSaberAnim
0    1504d PM_InKnockDown
0    1507a PM_PainAnim
0    15099 PM_JumpingAnim
0    150b8 PM_LandingAnim
0    150ff PM_SpinningAnim
0    1510c PM_InOnGroundAnim
0    15169 PM_InRollComplete
0    1518f PM_AnimLength
0    151bc PM_DebugLegsAnim
0    15207 BG_ParseAnimationFile
0    1537f PM_StartLegsAnim
0    15404 PM_ContinueLegsAnim
0    15424 PM_ForceLegsAnim
0    15494 PM_StartTorsoAnim
0    154ef PM_SetLegsAnimTimer
0    1550d PM_SetTorsoAnimTimer
0    1552b BG_SaberStartTransAnim
0    1557a PM_SetAnimFinal
0    15792 PM_SetAnim
0    1580b PM_SlideMove
0    15bfb PM_StepSlideMove
0    15f4a PM_irand_timesync
0    15f7f BG_ForcePowerDrain
0    1603d PM_AttackMoveForQuad
0    16072 PM_SaberAnimTransitionAnim
0    16193 PM_SaberMoveQuadrantForMovement
0    161f8 PM_SaberInBounce
0    1621d PM_SaberInTransition
0    16232 PM_SaberAttackChainAngle
0    16262 PM_SaberKataDone
0    16363 PM_SetAnimFrame
0    1636d PM_SaberLockBreak
0    16642 PM_SaberLocked
0    16866 PM_SaberInBrokenParry
0    1688b PM_BrokenParryForParry
0    168cd PM_CanBackstab
0    1694e PM_SaberFlipOverAttackMove
0    16a4f PM_SomeoneInFront
0    16adf PM_SaberLungeAttackMove
0    16b29 PM_SaberJumpAttackMove
0    16b96 PM_GroundDistance
0    16bff PM_SaberAttackForMovement
0    16d59 PM_WeaponLightsaber
0    175ef PM_SetSaberMove
0    17887 P_SetTwitchInfo
0    1789f P_DamageFeedback
0    179a9 P_WorldEffects
0    17b50 DoImpact
0    17dca G_SetClientSound
0    17dfb ClientImpacts
0    17e9e G_TouchTriggers
0    18080 G_MoverTouchPushTriggers
0    18230 SpectatorThink
0    182d7 ClientInactivityTimer
0    18379 ClientTimerActions
0    183db ClientIntermissionThink
0    18436 ClientEvents
0    185ce SendPendingPredictableEvents
0    18675 G_UpdateForceSightBroadcasts
0    18755 G_UpdateJediMasterBroadcasts
0    18837 G_UpdateClientBroadcasts
0    18852 ClientThink_real
0    19683 G_CheckClientTimeouts
0    196b0 ClientThink
0    196eb G_RunClient
0    19712 SpectatorClientEndFrame
0    197e9 ClientEndFrame
0    198c1 UpdateTournamentInfo
0    19aa6 trap_Cvar_VariableValue
0    19abc G_ParseInfos
0    19baa G_LoadArenasFromFile
0    19c2a G_GetMapTypeBits
0    19ccc G_DoesMapSupportGametype
0    19d5f G_RefreshNextMap
0    19e6c G_LoadArenas
0    19f1e G_GetArenaInfoByMap
0    19f59 G_AddRandomBot
0    1a0c6 G_RemoveRandomBot
0    1a132 G_CountHumanPlayers
0    1a185 G_CountBotPlayers
0    1a202 G_CheckMinimumPlayers
0    1a37f G_CheckBotSpawn
0    1a3be AddBotToSpawnQueue
0    1a3fb G_RemoveQueuedBotBegin
0    1a41f G_BotConnect
0    1a481 G_AddBot
0    1a79a Svcmd_AddBot_f
0    1a831 Svcmd_BotList_f
0    1a8e5 G_LoadBotsFromFile
0    1a965 G_LoadBots
0    1a9f2 G_GetBotInfoByNumber
0    1aa1d G_GetBotInfoByName
0    1aa5c G_InitBots
0    1aa73 SP_info_player_deathmatch
0    1aaac SP_info_player_start
0    1aabb SP_info_player_imperial
0    1aace SP_info_player_rebel
0    1aae1 SP_info_player_intermission
0    1aae4 ThrowSaberToAttacker
0    1acab JMSaberThink
0    1ada6 JMSaberTouch
0    1af26 SP_info_jedimaster_start
0    1afe0 SpotWouldTelefrag
0    1b061 SelectNearestDeathmatchSpawnPoint
0    1b0c5 SelectRandomDeathmatchSpawnPoint
0    1b125 SelectRandomFurthestSpawnPoint
0    1b295 SelectSpawnPoint
0    1b2a8 SelectInitialSpawnPoint
0    1b30d SelectSpectatorSpawnPoint
0    1b31d InitBodyQue
0    1b34d BodySink
0    1b37f CopyToBodyQue
0    1b56b SetClientViewAngle
0    1b5c3 respawn
0    1b621 TeamCount
0    1b662 TeamLeader
0    1b6a3 PickTeam
0    1b6dd ClientCleanName
0    1b7d2 SetupGameGhoul2Model
0    1b981 ClientUserinfoChanged
0    1bc52 ClientConnect
0    1bdb9 ClientBegin
0    1c07e AllForceDisabled
0    1c0a5 ClientSpawn
0    1c64b ClientDisconnect
0    1c80e DeathmatchScoreboardMessage
0    1c947 Cmd_Score_f
0    1c950 CheatsOk
0    1c9a4 ConcatArgs
0    1ca0f SanitizeString
0    1ca61 ClientNumberFromString
0    1cb2d Cmd_Give_f
0    1cdd9 Cmd_God_f
0    1ce1e Cmd_Notarget_f
0    1ce63 Cmd_Noclip_f
0    1ceb6 Cmd_LevelShot_f
0    1cee7 Cmd_TeamTask_f
0    1cf3e Cmd_Kill_f
0    1cfbc G_GetDuelWinner
0    1d001 BroadcastTeamChange
0    1d0d7 SetTeam
0    1d35d StopFollowing
0    1d3b5 Cmd_Team_f
0    1d4c8 Cmd_ForceChanged_f
0    1d536 Cmd_Follow_f
0    1d5d0 Cmd_FollowCycle_f
0    1d675 G_SayTo
0    1d706 G_Say
0    1d868 Cmd_Say_f
0    1d8a1 Cmd_Tell_f
0    1d94b G_VoiceTo
0    1d9c1 G_Voice
0    1da25 Cmd_Voice_f
0    1da61 Cmd_VoiceTell_f
0    1db11 Cmd_VoiceTaunt_f
0    1dcd0 Cmd_GameCommand_f
0    1dd45 Cmd_Where_f
0    1dd67 Cmd_CallVote_f
0    1e0ae Cmd_Vote_f
0    1e1ac Cmd_CallTeamVote_f
0    1e51a Cmd_TeamVote_f
0    1e651 Cmd_SetViewpos_f
0    1e6e9 Cmd_Stats_f
0    1e6ec G_ItemUsable
0    1e921 Cmd_ToggleSaber_f
0    1e9d2 Cmd_SaberAttackCycle_f
0    1ea42 G_OtherPlayersDueling
0    1ea89 Cmd_EngageDuel_f
0    1ed97 ClientCommand
0    1f328 ObjectDie
0    1f341 G_GetHitLocation
0    1f597 ExplodeDeath
0    1f629 ScorePlum
0    1f65e AddScore
0    1f6a0 TossClientWeapon
0    1f83c TossClientItems
0    1f944 LookAtKiller
0    1fa16 GibEntity
0    1fa36 BodyRid
0    1fa45 body_die
0    1faee CheckAlmostCapture
0    1faf1 G_PickDeathAnim
0    1fdb5 G_GetJediMaster
0    1fdfd player_die
0    205d1 CheckArmor
0    20655 G_ApplyKnockback
0    207ec RaySphereIntersections
0    20996 LimbTouch
0    20999 LimbThink
0    20a0f G_GetDismemberLoc
0    20c93 G_GetDismemberBolt
0    20e8b G_Dismember
0    2107b DismembermentTest
0    2109d DismembermentByNum
0    210f4 G_GetHitQuad
0    211dd G_CheckForDismemberment
0    212c8 G_ThereIsAMaster
0    21303 G_Damage
0    21d0a CanDamage
0    21e35 G_RadiusDamage
0    21fb2 adjustRespawnTime
0    22013 ShieldRemove
0    22036 ShieldThink
0    22063 ShieldDie
0    22077 ShieldPain
0    2209a ShieldGoSolid
0    2213b ShieldGoNotSolid
0    2217e ShieldTouch
0    221da CreateShield
0    22445 PlaceShield
0    22610 ItemUse_Binoculars
0    22685 ItemUse_Shield
0    2268e SentryTouch
0    22691 pas_fire
0    2270d G_SetEnemy
0    22720 pas_find_enemies
0    228bd pas_adjust_enemy
0    2298c sentryExpire
0    229a3 pas_think
0    22d98 turret_die
0    22e40 SP_PAS
0    22ecb ItemUse_Sentry
0    23092 ItemUse_Seeker
0    230c0 ItemUse_MedPack
0    23148 Pickup_Powerup
0    232d0 Pickup_Holdable
0    2332a Add_Ammo
0    23380 Pickup_Ammo
0    233cb Pickup_Weapon
0    234c8 Pickup_Health
0    23568 Pickup_Armor
0    235d4 RespawnItem
0    236b5 Touch_Item
0    23a3c LaunchItem
0    23ba5 Drop_Item
0    23c08 Use_Item
0    23c11 FinishSpawningItem
0    23e72 G_CheckTeamItems
0    23ec8 ClearRegisteredItems
0    23ef8 RegisterItem
0    23f10 SaveRegisteredItems
0    23f58 G_ItemDisabled
0    23f71 G_SpawnItem
0    24015 G_BounceItem
0    2420a G_RunItem
0    242d8 G_LogWeaponInit
0    24335 G_LogWeaponPickup
0    24355 G_LogWeaponFire
0    243bb G_LogWeaponDamage
0    243e2 G_LogWeaponKill
0    24408 G_LogWeaponFrag
0    24437 G_LogWeaponDeath
0    2445d G_LogWeaponPowerup
0    24483 G_LogWeaponItem
0    244a9 G_LogWeaponOutput
0    25341 CalculateEfficiency
0    253cf CalculateSharpshooter
0    25459 CalculateUntouchable
0    254a4 CalculateLogistics
0    2557d CalculateTactician
0    256f3 CalculateDemolitionist
0    257d2 CalculateStreak
0    257d7 CalculateTeamMVP
0    2584d CalculateTeamMVPByRank
0    258db CalculateTeamDefender
0    25951 CalculateTeamWarrior
0    259c7 CalculateTeamCarrier
0    25a3d CalculateTeamInterceptor
0    25ac0 CalculateTeamRedShirt
0    25b43 CalculateTeamAward
0    25bbe CalculateSection31Award
0    25c1a CalculateAwards
0    25dbb GetMaxDeathsForClient
0    25e01 GetMaxKillsForClient
0    25e47 GetFavoriteTargetForClient
0    25e94 GetWorstEnemyForClient
0    25ef7 GetFavoriteWeaponForClient
0    25f7f G_ClearClientLog
0    26099 G_Alloc
0    260e4 G_InitMemory
0    260ea Svcmd_GameMem_f
0    260f7 SP_info_camp
0    26109 SP_info_null
0    26112 SP_info_notnull
0    26124 SP_light
0    2612d TeleportPlayer
0    26258 SP_misc_teleporter_dest
0    2625b SP_misc_model
0    26264 SP_misc_G2model
0    2626d locateCamera
0    2634c SP_misc_portal_surface
0    263be SP_misc_portal_camera
0    26414 HolocronRespawn
0    26427 HolocronPopOut
0    264a0 HolocronTouch
0    26614 HolocronThink
0    268bc SP_misc_holocron
0    26a66 Use_Shooter
0    26b60 InitShooter_Finish
0    26b84 InitShooter
0    26bf2 SP_shooter_blaster
0    26bfd check_recharge
0    26c3c EnergyShieldStationSettings
0    26c71 shield_power_converter_use
0    26d75 SP_misc_shield_floor_unit
0    26ee1 SP_misc_model_shield_power_converter
0    26fa7 EnergyAmmoStationSettings
0    26fc3 ammo_power_converter_use
0    270c5 SP_misc_model_ammo_power_converter
0    2717e EnergyHealthStationSettings
0    2719a health_power_converter_use
0    27243 SP_misc_model_health_power_converter
0    272fc DmgBoxHit
0    272ff DmgBoxUpdateSelf
0    27396 DmgBoxAbsorb_Die
0    2739f DmgBoxAbsorb_Pain
0    273a8 CreateNewDamageBox
0    27425 ATST_ManageDamageBoxes
0    275f5 G_PlayerBecomeATST
0    2766c fx_runner_think
0    276ba fx_runner_use
0    27703 fx_runner_link
0    277f6 SP_fx_runner
0    27905 ExampleAnimEntAlertOthers
0    27982 ExampleAnimEnt_Die
0    27aff ExampleAnimEnt_Pain
0    27be4 ExampleAnimEntTouch
0    27be7 ExampleAnimEntMove
0    27df4 ExampleAnimEntYaw
0    27e52 ExampleAnimEntLook
0    27ebc ExampleAnimEntClearLOS
0    27ef1 ExampleAnimEntWeaponHandling
0    27f56 ExampleAnimEntWayValidCheck
0    27fcc ExampleAnimEntNavigation
0    2811a ExampleAnimEntEnemyHandling
0    28294 ExampleAnimEntUpdateSelf
0    28742 G_SpawnExampleAnimEnt
0    2896d AESpawner_CountAnimEnts
0    2899f AESpawner_NoClientInPVS
0    289e0 AESpawner_PassAnimEntPVSCheck
0    28a38 AESpawner_Think
0    28ae1 SP_misc_animent_spawner
0    28c48 Use_Target_Screenshake
0    28c75 SP_target_screenshake
0    28cae Use_Target_Escapetrig
0    28d60 SP_target_escapetrig
0    28d8d G_CreateExampleAnimEnt
0    28dda G_ReflectMissile
0    29070 G_DeflectMissile
0    2919b G_BounceMissile
0    29383 G_ExplodeMissile
0    29451 G_RunStuckMissile
0    294d2 G_BounceProjectile
0    29591 CreateMissile
0    29674 G_MissileImpact
0    29be3 G_RunMissile
0    29e04 G_TestEntityPosition
0    29e8b G_CreateRotationMatrix
0    29ead G_TransposeMatrix
0    29eee G_RotatePoint
0    29f5a G_TryPushingEntity
0    2a24c G_MoverPush
0    2a599 G_MoverTeam
0    2a6cc G_RunMover
0    2a6fd SetMoverState
0    2a83c MatchTeam
0    2a85c ReturnToPos1
0    2a891 Reached_BinaryMover
0    2a99a Use_BinaryMover
0    2aadf InitMover
0    2ac6f Blocked_Door
0    2adc2 Touch_DoorTriggerSpectator
0    2ae9b Touch_DoorTrigger
0    2aeed Think_SpawnNewDoorTrigger
0    2afef Think_MatchTeam
0    2b005 SP_func_door
0    2b223 Touch_Plat
0    2b2a7 Touch_PlatCenterTrigger
0    2b2e8 SpawnPlatTrigger
0    2b3d6 SP_func_plat
0    2b549 Touch_Button
0    2b56c SP_func_button
0    2b6f0 Think_BeginMoving
0    2b700 Reached_Train
0    2b7e5 Think_SetupTrainTargets
0    2b89c SP_path_corner
0    2b8bd SP_func_train
0    2b952 SP_func_static
0    2b985 SP_func_rotating
0    2ba2b SP_func_bobbing
0    2badd SP_func_pendulum
0    2bb96 BreakableBrushDie
0    2bc96 BreakableBrushPain
0    2bc99 BrushThink
0    2bcbc BreakableBrushUse
0    2bce6 SP_func_breakable
0    2bec7 GlassDie
0    2bf61 GlassDie_Old
0    2bfd2 GlassPain
0    2bfd5 GlassUse
0    2c0ca SP_func_glass
0    2c157 func_wait_return_solid
0    2c1e7 func_usable_think
0    2c20d func_usable_use
0    2c2da func_usable_pain
0    2c2f5 func_usable_die
0    2c312 SP_func_usable
0    2c3bb pitch_roll_for_slope
0    2c549 G_BounceObject
0    2c688 G_RunObject
0    2c91f G_StopObjectMoving
0    2c95e G_StartObjectMoving
0    2c9bd InitSagaMode
0    2ca99 UseSagaTarget
0    2cb10 SagaBroadcast_OBJECTIVECOMPLETE
0    2cb51 SagaBroadcast_ROUNDOVER
0    2cb8b BroadcastObjectiveCompletion
0    2cbd2 AddSagaWinningTeamPoints
0    2cc2f SagaRoundComplete
0    2cc89 SagaObjectiveCompleted
0    2cceb StripTabs
0    2cd2b sagaTriggerUse
0    2ce31 SP_info_saga_objective
0    2ce84 G_WriteClientSessionData
0    2ceec G_ReadSessionData
0    2cf70 G_InitSessionData
0    2d04d G_InitWorldSession
0    2d070 G_WriteSessionData
0    2d0ab G_SpawnString
0    2d0ef G_SpawnFloat
0    2d111 G_SpawnInt
0    2d133 G_SpawnVector
0    2d162 SP_item_botroam
0    2d165 G_CallSpawn
0    2d1e4 G_NewString
0    2d268 G_ParseField
0    2d350 G_SpawnGEntityFromSpawnVars
0    2d43b G_AddSpawnVarToken
0    2d47c G_ParseSpawnVars
0    2d50c SP_worldspawn
0    2d719 G_SpawnEntitiesFromString
0    2d742 StringToFilter
0    2d7f5 UpdateIPBans
0    2d84d G_FilterPacket
0    2d900 AddIP
0    2d956 G_ProcessIPBans
0    2d9ac Svcmd_AddIP_f
0    2d9cc Svcmd_RemoveIP_f
0    2da34 Svcmd_EntityList_f
0    2daee ClientForString
0    2db85 Svcmd_ForceTeam_f
0    2dbbb ConsoleCommand
0    2dcab Use_Target_Give
0    2dd05 SP_target_give
0    2dd0e Use_target_remove_powerups
0    2dd5a SP_target_remove_powerups
0    2dd63 Think_Target_Delay
0    2dd76 Use_Target_Delay
0    2ddc8 SP_target_delay
0    2ddfb Use_Target_Score
0    2de13 SP_target_score
0    2de29 Use_Target_Print
0    2deb0 SP_target_print
0    2deb9 Use_Target_Speaker
0    2df38 SP_target_speaker
0    2e01a target_laser_think
0    2e176 target_laser_on
0    2e191 target_laser_off
0    2e1a0 target_laser_use
0    2e1bf target_laser_start
0    2e250 SP_target_laser
0    2e262 target_teleporter_use
0    2e297 SP_target_teleporter
0    2e2be target_relay_use
0    2e34f SP_target_relay
0    2e358 target_kill_use
0    2e379 SP_target_kill
0    2e382 SP_target_position
0    2e394 target_location_linkup
0    2e404 SP_target_location
0    2e425 Team_InitGame
0    2e458 OtherTeam
0    2e46e TeamName
0    2e48b OtherTeamName
0    2e4a8 TeamColorString
0    2e4c5 PrintCTFMessage
0    2e51d AddTeamScore
0    2e5a8 OnSameTeam
0    2e5f8 Team_SetFlagStatus
0    2e65c Team_CheckDroppedItem
0    2e696 Team_ForceGesture
0    2e6db Team_FragBonuses
0    2ec3a Team_CheckHurtCarrier
0    2ecd0 Team_ResetFlag
0    2ed3a Team_ResetFlags
0    2ed4f Team_ReturnFlagSound
0    2ed8c Team_TakeFlagSound
0    2edfb Team_CaptureFlagSound
0    2ee38 Team_ReturnFlag
0    2ee5b Team_FreeEntity
0    2ee8f Team_DroppedFlagThink
0    2eed0 Team_TouchOurFlag
0    2f128 Team_TouchEnemyFlag
0    2f178 Pickup_Team
0    2f1ef Team_GetLocation
0    2f269 Team_GetLocationMsg
0    2f2d0 SelectRandomTeamSpawnPoint
0    2f37e SelectCTFSpawnPoint
0    2f3c3 SelectSagaSpawnPoint
0    2f408 SortClients
0    2f413 TeamplayInfoMessage
0    2f571 CheckTeamStatus
0    2f626 SP_team_CTF_redplayer
0    2f629 SP_team_CTF_blueplayer
0    2f62c SP_team_CTF_redspawn
0    2f62f SP_team_CTF_bluespawn
0    2f632 InitTrigger
0    2f671 multi_wait
0    2f67a multi_trigger
0    2f835 Use_Multi
0    2f841 Touch_Multi
0    2f856 SP_trigger_multiple
0    2f8d9 trigger_always_think
0    2f8ef SP_trigger_always
0    2f901 trigger_push_touch
0    2f919 AimAtTarget
0    2fa1e SP_trigger_push
0    2fa5b Use_target_push
0    2faad SP_target_push
0    2fb64 trigger_teleporter_touch
0    2fbbf SP_trigger_teleport
0    2fc06 hurt_use
0    2fc48 hurt_touch
0    2fde7 SP_trigger_hurt
0    2fe4d func_timer_think
0    2fe8b func_timer_use
0    2feaa SP_func_timer
0    2ff24 AddRemap
0    2ff93 BuildShaderStateConfig
0    2ffd9 G_FindConfigstringIndex
0    30045 G_SkinIndex
0    30058 G_ModelIndex
0    3006b G_SoundIndex
0    3007e G_EffectIndex
0    30091 G_TeamCommand
0    300cf G_Find
0    3011e G_RadiusList
0    3023e G_PickTarget
0    302a4 G_UseTargets
0    30343 tv
0    30371 vtos
0    303ad G_SetMovedir
0    30402 G_InitGentity
0    3042a G_Spawn
0    304d8 G_EntitiesFree
0    30503 G_SendG2KillQueue
0    30547 G_KillG2Queue
0    30575 G_FreeEntity
0    30620 G_TempEntity
0    3066e GetTrackerEnt
0    306a4 G_SoundTempEntity
0    306f8 G_KillBox
0    307c4 G_AddPredictableEvent
0    307df G_AddEvent
0    30858 G_PlayEffect
0    30880 G_ScreenShake
0    308d0 G_MuteSound
0    30914 G_Sound
0    309e7 G_SoundAtLoc
0    309fe G_EntitySound
0    30a26 ValidUseTarget
0    30a43 TryUse
0    30af7 G_PointInBounds
0    30b37 G_BoxInBounds
0    30bea G_SetAngles
0    30c02 G_ClearTrace
0    30c33 G_SetOrigin
0    30c72 DebugLine
0    30d75 G_ROFF_NotetrackCallback
0    30e28 touch_NULL
0    30e2b W_TraceSetStart
0    30eed WP_FireBryarPistol
0    30fc3 WP_FireTurretMissile
0    3101a WP_FireGenericBlasterMissile
0    31063 WP_FireBlasterMissile
0    310bb WP_FireEmplacedMissile
0    3111e WP_FireBlaster
0    31175 WP_DisruptorMainFire
0    3139f WP_DisruptorAltFire
0    31767 WP_FireDisruptor
0    317c1 WP_BowcasterAltFire
0    3184b WP_BowcasterMainFire
0    31990 WP_FireBowcaster
0    319a5 WP_RepeaterMainFire
0    319ec WP_RepeaterAltFire
0    31a8e WP_FireRepeater
0    31ae8 WP_DEMP2_MainFire
0    31b64 DEMP2_AltRadiusDamage
0    31da8 DEMP2_AltDetonate
0    31e29 WP_DEMP2_AltFire
0    31f22 WP_FireDEMP2
0    31f37 WP_FlechetteMainFire
0    3201c prox_mine_think
0    320aa WP_TraceSetStart
0    32162 WP_ExplosiveDie
0    3216b WP_flechette_alt_blow
0    32186 WP_CreateFlechetteBouncyThing
0    32257 WP_FlechetteAltFire
0    322ce WP_FireFlechette
0    322e3 rocketThink
0    32564 WP_FireRocket
0    326c4 thermalDetonatorExplode
0    327a2 thermalThinkStandard
0    327c9 WP_FireThermalDetonator
0    3295b WP_DropThermal
0    3297b laserTrapExplode
0    32a05 laserTrapDelayedExplode
0    32a4d touchLaserTrap
0    32ab4 laserTrapThink
0    32b7b laserTrapStick
0    32c8e TrapThink
0    32ca0 CreateLaserTrap
0    32e41 WP_PlaceLaserTrap
0    32f75 VectorNPos
0    32fdc charge_stick
0    33239 DetPackBlow
0    332a2 DetPackPain
0    332c3 DetPackDie
0    332e4 drop_charge
0    33487 BlowDetpacks
0    334f6 CheatsOn
0    33503 WP_DropDetPack
0    33645 WP_FireStunBaton
0    337aa SnapVectorTowards
0    337f3 LogAccuracyHit
0    33842 CalcMuzzlePoint
0    33977 CalcMuzzlePointOrigin
0    33a01 FireWeapon
0    33b94 AnimEntCalcMuzzlePoint
0    33c78 AnimEntFireWeapon
0    33d48 WP_FireEmplaced
0    33e4c emplaced_gun_use
0    34045 emplaced_gun_realuse
0    34053 emplaced_gun_pain
0    3405d emplaced_gun_update
0    34341 emplaced_gun_die
0    34362 SP_emplaced_gun
0    344e0 G_PreDefSound
0    34501 InFront
0    3457b WP_InitForcePowers
0    34aa9 WP_SpawnInitForcePowers
0    34cc0 ForcePowerUsableOn
0    34d88 WP_ForcePowerAvailable
0    34dda WP_ForcePowerInUse
0    34df2 WP_ForcePowerUsable
0    34ecb WP_AbsorbConversion
0    34f92 WP_ForcePowerRegenerate
0    34fea WP_ForcePowerStart
0    352ff ForceHeal
0    35420 WP_AddToClientBitflags
0    35485 ForceTeamHeal
0    356c7 ForceTeamForceReplenish
0    358a5 ForceGrip
0    359e6 ForceSpeed
0    35a68 ForceSeeing
0    35ad7 ForceProtect
0    35b6a ForceAbsorb
0    35bfd ForceRage
0    35caa ForceLightning
0    35d28 ForceLightningDamage
0    35e5a ForceShootLightning
0    3614a ForceDrain
0    361c8 ForceDrainDamage
0    363e3 ForceShootDrain
0    36726 ForceJumpCharge
0    36860 WP_GetVelocityForForceJump
0    36a14 ForceJump
0    36ae5 WP_AddAsMindtricked
0    36b4a ForceTelepathy
0    36f86 GEntity_UseFunc
0    36f9d CanCounterThrow
0    37007 ForceThrow
0    37d7e WP_ForcePowerStop
0    37fbf DoGripAction
0    38564 G_IsMindTricked
0    385cb RemoveTrickedEnt
0    38634 WP_UpdateMindtrickEnts
0    3877e WP_ForcePowerRun
0    38b52 WP_DoSpecificPower
0    38d67 FindGenericEnemyIndex
0    38e9e SeekerDroneUpdate
0    39280 HolocronUpdate
0    39417 JediMasterUpdate
0    39515 WP_HasForcePowers
0    3954f WP_ForcePowersUpdate
0    39ee8 Jedi_DodgeEvasion
0    3a04f RandFloat
0    3a069 SaberUpdateSelf
0    3a15e SaberGotHit
0    3a17c WP_SaberInitBladeData
0    3a235 G_G2ClientSpineAngles
0    3a3b0 G_G2PlayerAngles
0    3a6b5 SaberAttacking
0    3a74d WP_SabersCheckLock2
0    3aaf2 WP_SabersCheckLock
0    3b1e8 G_GetParryForBlock
0    3b229 WP_GetSaberDeflectionAngle
0    3b727 G_KnockawayForParry
0    3b750 G_GetAttackDamage
0    3b817 G_GetAnimPoint
0    3b88a G_ClientIdleInWorld
0    3b8f0 G_G2TraceCollide
0    3ba12 CheckSaberDamage
0    3cc1d CheckThrownSaberDamaged
0    3d0a6 saberCheckRadiusDamage
0    3d111 saberMoveBack
0    3d147 SaberBounceSound
0    3d15d DeadSaberThink
0    3d17e MakeDeadSaber
0    3d2cc saberBackToOwner
0    3d549 thrownSaberTouch
0    3d61e saberFirstThrown
0    3d92d WP_SaberPositionUpdate
0    3e4e6 WP_MissileBlockForBlock
0    3e514 WP_SaberBlockNonRandom
0    3e620 WP_SaberBlock
0    3e77f WP_SaberCanBlock
0    3e941 HasSetSaberOnly
0    3e988 Q_rand
0    3e99d Q_random
0    3e9af Q_crandom
0    3e9c0 VectorCompare
0    3e9f8 VectorLength
0    3ea2b VectorLengthSquared
0    3ea57 Distance
0    3ea98 DistanceSquared
0    3eae6 VectorNormalizeFast
0    3eb45 VectorInverse
0    3eb6d CrossProduct
0    3ebe6 ClampChar
0    3ebfd ClampShort
0    3ec14 DirToByte
0    3ec6f ByteToDir
0    3ec8d ColorBytes3
0    3ecfc ColorBytes4
0    3ed8e NormalizeColor
0    3ee04 PlaneFromPoints
0    3eec2 RotatePointAroundVector
0    3efcd RotateAroundDirection
0    3f011 vectoangles
0    3f0cd AnglesToAxis
0    3f102 AxisClear
0    3f139 AxisCopy
0    3f15d ProjectPointOnPlane
0    3f218 MakeNormalVectors
0    3f2c3 VectorRotate
0    3f360 Q_rsqrt
0    3f397 Q_fabs
0    3f3a7 LerpAngle
0    3f3d8 AngleSubtract
0    3f3fd AnglesSubtract
0    3f44b AngleMod
0    3f45d AngleNormalize360
0    3f46b AngleNormalize180
0    3f486 AngleDelta
0    3f496 SetPlaneSignbits
0    3f4c3 BoxOnPlaneSide
0    3f884 RadiusFromBounds
0    3f8d7 ClearBounds
0    3f90e AddPointToBounds
0    3f9a7 VectorNormalize
0    3fa17 VectorNormalize2
0    3faa5 _VectorMA
0    3fae7 _DotProduct
0    3fb1c _VectorSubtract
0    3fb55 _VectorAdd
0    3fb8e _VectorCopy
0    3fbb5 _VectorScale
0    3fbe5 Vector4Scale
0    3fc27 Q_log2
0    3fc46 MatrixMultiply
0    3fe1b AngleVectors
0    3ff13 PerpendicularVector
0    3ff7f Rand_Init
0    3ff86 flrand
0    3ffc1 irand
0    3fff3 powf
0    40016 GetIDForString
0    4005b GetStringForID
0    40097 Com_Clamp
0    400b1 COM_SkipPath
0    400d5 COM_StripExtension
0    4010b COM_DefaultExtension
0    40153 ShortSwap
0    40173 ShortNoSwap
0    4017e LongSwap
0    401b1 LongNoSwap
0    401b7 Long64Swap
0    401f4 Long64NoSwap
0    401fc FloatSwap
0    40212 FloatNoSwap
0    40219 COM_BeginParseSession
0    4022b COM_GetCurrentParseLine
0    40231 COM_Parse
0    40240 COM_ParseError
0    40260 COM_ParseWarning
0    40280 SkipWhitespace
0    402b7 COM_Compress
0    4040a COM_ParseExt
0    40556 COM_ParseString
0    40577 COM_ParseInt
0    405a4 COM_ParseFloat
0    405d1 COM_ParseVec4
0    405fe COM_MatchToken
0    40627 SkipBracedSection
0    40665 SkipRestOfLine
0    4069d Parse1DMatrix
0    406dc Parse2DMatrix
0    40717 Parse3DMatrix
0    4075c Q_isprint
0    40771 Q_islower
0    40786 Q_isupper
0    4079b Q_isalpha
0    407bc Q_strrchr
0    407f0 Q_strncpyz
0    4082b Q_stricmpn
0    408b6 Q_strncmp
0    40908 Q_stricmp
0    40930 Q_strlwr
0    40956 Q_strupr
0    4097c Q_strcat
0    409a8 Q_PrintStrlen
0    409fc Q_CleanStr
0    40a66 Com_sprintf
0    40aa5 va
0    40ad2 Info_ValueForKey
0    40bb2 Info_NextPair
0    40c50 Info_RemoveKey
0    40d20 Info_RemoveKey_Big
0    40df0 Info_Validate
0    40e17 Info_SetValueForKey
0    40ee7 Info_SetValueForKey_Big
0    40faf Q_irand
1        4 gDuelExit
1        8 gDuelist1
1        c gDuelist2
1       10 gameCvarTable
1      924 gameCvarTableSize
1      958 gQueueScoreMessage
1      95c gQueueScoreMessageTime
1      960 gDidDuelStuff
1      968 g_LastFrameTime
1      96c g_TimeSinceLastFrame
1      970 ctfStateNames
1      98c ctfStateDescriptions
1      9a4 sagaStateDescriptions
1      9b0 teamplayStateDescriptions
1      a78 gWPRenderTime
1      a7c gDeactivated
1      a80 gBotEdit
1      a84 gWPRenderedFrame
1      a88 gWPNum
1      a8c gLastPrintedIndex
1      a90 gLevelFlags
1      a94 botGlobalNavWeaponWeights
1      ad4 randSeed
1      b48 forceMasteryLevels
1      b68 forceMasteryPoints
1      b88 bgForcePowerCost
1      ca8 forcePowerSorted
1      cf0 forcePowerDarkLight
1      d38 WeaponReadyAnim
1      d78 WeaponAttackAnim
1      db8 bg_itemlist
1     1674 bg_numItems
1     16cc eventnames
1     18a4 bg_poolSize
1     18a8 bg_poolTail
1     18ac gPMDoSlowFall
1     18b0 pm_stopspeed
1     18b4 pm_duckScale
1     18b8 pm_swimScale
1     18bc pm_wadeScale
1     18c0 pm_accelerate
1     18c4 pm_airaccelerate
1     18c8 pm_wateraccelerate
1     18cc pm_flyaccelerate
1     18d0 pm_friction
1     18d4 pm_waterfriction
1     18d8 pm_flightfriction
1     18dc pm_spectatorfriction
1     18e0 c_pmove
1     18e4 forceSpeedLevels
1     18f4 forcePowerNeeded
1     1a14 forceJumpHeight
1     1a24 forceJumpStrength
1     1ac8 animTable
1     451c BGPAFtextLoaded
1     4520 WP_MuzzlePoint
1     45e0 weaponData
1     4960 ammoData
1     4988 saberMoveData
1     5bf8 transitionMove
1     5e7c saberMoveTransitionAngle
1     6094 playerMins
1     60a0 playerMaxs
1     60ac gJMSaberEnt
1     60b0 g2SaberInstance
1     60d0 gc_orders
1     60ec gameNames
1     6128 modNames
1     633c hitLocName
1     63f8 gGAvoidDismember
1     6478 shieldLoopSound
1     647c shieldAttachSound
1     6480 shieldActivateSound
1     6484 shieldDeactivateSound
1     6488 shieldDamageSound
1     64c8 weaponFromMOD
1     6560 weaponNameFromIndex
1     65a0 gEscaping
1     65a4 gEscapeTime
1     65d8 fields
1     6758 spawns
1     69ac defaultStyles
1     6b2c precachedKyle
1     6b68 remapCount
1     6b9c gG2KillNum
1     8c34 speedLoopSound
1     8c38 rageLoopSound
1     8c3c protectLoopSound
1     8c40 absorbLoopSound
1     8c44 seeLoopSound
1     8c48 ysalamiriLoopSound
1     8c4c forcePowerMinRank
1     8ee4 saberSpinSound
1     8ee8 saberOffSound
1     8eec saberOnSound
1     8ef0 saberHumSound
1     8fdc vec3_origin
1     8fe8 axisDefault
1     900c colorBlack
1     901c colorRed
1     902c colorGreen
1     903c colorBlue
1     904c colorYellow
1     905c colorMagenta
1     906c colorCyan
1     907c colorWhite
1     908c colorLtGrey
1     909c colorMdGrey
1     90ac colorDkGrey
1     90bc colorLtBlue
1     90cc colorDkBlue
1     90dc g_color_table
1     915c bytedirs
1     9914 holdrand
2     c07c ctfFlagStatusRemap
2   3c5628 _stackStart
2   3d5628 _stackEnd
3        0 g_listEntity
3      110 g_podiumDrop
3      220 g_podiumDist
3      330 g_statLogFile
3      440 g_statLog
3      550 g_logSync
3      660 g_log
3      770 g_MaxHolocronCarry
3      880 g_clients
3     e980 g_austrian
3     ea90 g_saberDebugPrint
3     eba0 g_saberDmgDelay_Wound
3     ecb0 g_saberDmgDelay_Idle
3     edc0 g_saberDmgVelocityScale
3     eed0 g_timeouttospec
3     efe0 g_forceDodge
3     f0f0 g_dismember
3     f200 g_singlePlayer
3     f310 g_enableBreath
3     f420 g_enableDust
3     f530 g_rankings
3     f640 pmove_msec
3     f750 pmove_fixed
3     f860 g_smoothClients
3     f970 g_blueteam
3     fa80 g_redteam
3     fb90 g_debugUp
3     fca0 g_debugRight
3     fdb0 g_debugForward
3     fec0 g_filterBan
3     ffd0 g_banIPs
3    100e0 g_teamForceBalance
3    101f0 g_teamAutoJoin
3    10300 g_allowVote
3    10410 g_blood
3    10520 g_doWarmup
3    10630 g_warmup
3    10740 g_motd
3    10850 g_synchronousClients
3    10960 g_adaptRespawn
3    10a70 g_weaponTeamRespawn
3    10b80 g_weaponRespawn
3    10c90 g_debugDamage
3    10da0 g_debugAlloc
3    10eb0 g_debugMove
3    10fc0 g_inactivity
3    110d0 g_forcerespawn
3    111e0 g_quadfactor
3    112f0 g_knockback
3    11400 g_speed
3    11510 g_gravity
3    11620 g_needpass
3    11730 g_password
3    11840 g_friendlySaber
3    11950 g_friendlyFire
3    11a60 g_saberInterpolate
3    11b70 g_capturelimit
3    11c80 g_timelimit
3    11d90 g_duel_fraglimit
3    11ea0 g_fraglimit
3    11fb0 g_duelWeaponDisable
3    120c0 g_weaponDisable
3    121d0 g_forcePowerDisable
3    122e0 g_spawnInvulnerability
3    123f0 g_forceRegenTime
3    12500 g_saberBoxTraceSize
3    12610 g_saberAlwaysBoxTrace
3    12720 g_saberGhoul2Collision
3    12830 g_saberTraceSaberFirst
3    12940 g_saberLockFactor
3    12a50 g_saberLocking
3    12b60 g_privateDuel
3    12c70 g_forceBasedTeams
3    12d80 g_maxForceRank
3    12e90 g_dmflags
3    12fa0 g_autoMapCycle
3    130b0 g_trueJedi
3    131c0 g_restarted
3    132d0 g_maxGameClients
3    133e0 g_maxclients
3    134f0 g_cheats
3    13600 g_dedicated
3    13710 g_gametype
3    13820 g_entities
3    e2820 level
3    e4ba8 g_ff_objectives
3    e4cc4 droppedBlueFlag
3    e4cc8 droppedRedFlag
3    e4ccc gBotEventTracker
3    e4ecc regularupdate_time
3    e4ed0 numbots
3    e4ed4 botstates
3    e4f54 floattime
3    e4f58 eFlagBlue
3    e4f5c eFlagRed
3    e4f60 oFlagBlue
3    e4f64 flagBlue
3    e4f68 oFlagRed
3    e4f6c flagRed
3    e4f70 bot_wp_visconnect
3    e5080 bot_wp_distconnect
3    e5190 bot_wp_clearweight
3    e52a0 bot_wp_edit
3    e53b0 bot_wp_info
3    e54c0 bot_camp
3    e55d0 bot_attachments
3    e56e0 bot_honorableduelacceptance
3    e57f0 bot_forgimmick
3    e5900 bot_forcepowers
3    e5a10 gBotChatBuffer
3   125a10 nodenum
3   125a14 nodetable
3   145a14 gWPArray
3   149a14 bg_pool
3   33da14 pml
3   33dea0 pm
3   33dea4 BGPAFtext
3   347ae4 bgGlobalAnimations
3   34ff58 podium3
3   34ff5c podium2
3   34ff60 podium1
3   34ff68 bot_minplayers
3   350078 botSpawnQueue
3   3500f8 g_arenaInfos
3   3510f8 g_numArenas
3   3510fc g_botInfos
3   3520fc g_numBots
3   352500 Client_Force
3   356408 itemRegistered
3   356808 G_WeaponLogItems
3   357008 G_WeaponLogPowerups
3   357388 G_WeaponLogClientTouch
3   357408 G_WeaponLogLastTime
3   357488 G_WeaponLogTime
3   357c88 G_WeaponLogFrags
3   358c88 G_WeaponLogDeaths
3   359488 G_WeaponLogKills
3   35a788 G_WeaponLogDamage
3   35ba88 G_WeaponLogFired
3   35c288 G_WeaponLogPickups
3   35ca88 allocPoint
3   35ca8c memoryPool
3   39ca8c gRodianSound_Alert
3   39caa0 gRodianSound_Death
3   39caac gRodianSound_Pain
3   39cabc gTrooperSound_Alert
3   39cad0 gTrooperSound_Death
3   39cadc gTrooperSound_Pain
3   39caec gExplSound
3   39caf0 pushed_p
3   39caf4 pushed
3   3a4af4 imperial_attackers
3   3a4af8 rebel_attackers
3   3a4afc rebel_goals_completed
3   3a4b00 rebel_goals_required
3   3a4b04 imperial_goals_completed
3   3a4b08 imperial_goals_required
3   3a4b0c saga_round_over
3   3a4b10 saga_valid
3   3a4b14 saga_info
3   3a6b14 numIPFilters
3   3a6b18 ipFilters
3   3a8b18 teamgame
3   3a8b34 gTrigFallSound
3   3aa0d8 gG2KillIndex
3   3aa1d8 remappedShaders
3   3ae3d8 ent_list
3   3af3d8 muzzle
3   3af3e4 up
3   3af3f0 right
3   3af3fc forward
3   3af408 s_quadFactor
3   3c4e24 com_lines
3   3c4e28 com_parsename
3   3c5228 com_token
