0 ffffff35 trap_G2API_SetBoneAngles
0 ffffff36 trap_SP_GetStringTextString
0 ffffff37 trap_SP_Register
0 ffffff8c matrixmultiply
0 ffffff8d asin
0 ffffff8e acos
0 ffffff91 ceil
0 ffffff92 perpendicularvector
0 ffffff93 anglevectors
0 ffffff94 floor
0 ffffff95 sqrt
0 ffffff96 atan2
0 ffffff97 cos
0 ffffff98 sin
0 ffffff99 strncpy
0 ffffff9a memcpy
0 ffffff9b memset
0 ffffffa3 trap_LAN_CompareServers
0 ffffffa4 trap_LAN_ServerIsVisible
0 ffffffa5 trap_LAN_GetServerPing
0 ffffffa6 trap_LAN_ServerStatus
0 ffffffa7 trap_R_RemapShader
0 ffffffa8 trap_CIN_SetExtents
0 ffffffa9 trap_CIN_DrawCinematic
0 ffffffaa trap_CIN_RunCinematic
0 ffffffab trap_CIN_StopCinematic
0 ffffffac trap_CIN_PlayCinematic
0 ffffffad trap_LAN_RemoveServer
0 ffffffae trap_LAN_AddServer
0 ffffffaf trap_LAN_SaveCachedServers
0 ffffffb0 trap_LAN_LoadCachedServers
0 ffffffb1 trap_LAN_ResetPings
0 ffffffb2 trap_LAN_UpdateVisiblePings
0 ffffffb3 trap_LAN_MarkServerVisible
0 ffffffb4 trap_LAN_GetServerInfo
0 ffffffb5 trap_LAN_GetServerAddressString
0 ffffffb6 trap_LAN_GetServerCount
0 ffffffb7 trap_RealTime
0 ffffffb8 trap_S_StartBackgroundTrack
0 ffffffb9 trap_S_StopBackgroundTrack
0 ffffffba trap_PC_RemoveAllGlobalDefines
0 ffffffbb trap_PC_LoadGlobalDefines
0 ffffffbc trap_PC_SourceFileAndLine
0 ffffffbd trap_PC_ReadToken
0 ffffffbe trap_PC_FreeSource
0 ffffffbf trap_PC_LoadSource
0 ffffffc0 trap_PC_AddGlobalDefine
0 ffffffc1 trap_R_ModelBounds
0 ffffffc2 trap_AnyLanguage_ReadCharFromString
0 ffffffc3 trap_R_Font_DrawString
0 ffffffc4 trap_R_Font_HeightPixels
0 ffffffc5 trap_R_Font_StrLenChars
0 ffffffc6 trap_R_Font_StrLenPixels
0 ffffffc7 trap_R_RegisterFont
0 ffffffc8 trap_VerifyCDKey
0 ffffffc9 trap_SetCDKey
0 ffffffca trap_GetCDKey
0 ffffffcb trap_MemoryRemaining
0 ffffffcc trap_Cvar_Update
0 ffffffcd trap_Cvar_Register
0 ffffffce trap_LAN_GetPingInfo
0 ffffffcf trap_LAN_GetPing
0 ffffffd0 trap_LAN_ClearPing
0 ffffffd1 trap_LAN_GetPingQueueCount
0 ffffffd2 trap_GetConfigString
0 ffffffd3 trap_GetClientState
0 ffffffd4 trap_GetGlconfig
0 ffffffd5 trap_GetClipboardData
0 ffffffd6 trap_Key_SetCatcher
0 ffffffd7 trap_Key_GetCatcher
0 ffffffd8 trap_Key_ClearStates
0 ffffffd9 trap_Key_SetOverstrikeMode
0 ffffffda trap_Key_GetOverstrikeMode
0 ffffffdb trap_Key_IsDown
0 ffffffdc trap_Key_SetBinding
0 ffffffdd trap_Key_GetBindingBuf
0 ffffffde trap_Key_KeynumToStringBuf
0 ffffffdf trap_S_StartLocalSound
0 ffffffe0 trap_S_RegisterSound
0 ffffffe2 trap_CM_LerpTag
0 ffffffe3 trap_UpdateScreen
0 ffffffe4 trap_R_DrawStretchPic
0 ffffffe5 trap_R_SetColor
0 ffffffe6 trap_R_RenderScene
0 ffffffe7 trap_R_AddLightToScene
0 ffffffe8 trap_R_AddPolyToScene
0 ffffffe9 trap_R_AddRefEntityToScene
0 ffffffea trap_R_ClearScene
0 ffffffeb trap_R_RegisterShaderNoMip
0 ffffffec trap_R_RegisterSkin
0 ffffffed trap_R_RegisterModel
0 ffffffee trap_FS_GetFileList
0 ffffffef trap_FS_FCloseFile
0 fffffff0 trap_FS_Write
0 fffffff1 trap_FS_Read
0 fffffff2 trap_FS_FOpenFile
0 fffffff3 trap_Cmd_ExecuteText
0 fffffff4 trap_Argv
0 fffffff5 trap_Argc
0 fffffff6 trap_Cvar_InfoStringBuffer
0 fffffff7 trap_Cvar_Create
0 fffffff8 trap_Cvar_Reset
0 fffffff9 trap_Cvar_SetValue
0 fffffffa trap_Cvar_VariableStringBuffer
0 fffffffb trap_Cvar_VariableValue
0 fffffffc trap_Cvar_Set
0 fffffffd trap_Milliseconds
0 fffffffe trap_Print
0 ffffffff trap_Error
0        0 vmMain
0       7f GetCRDelineatedString
0       d9 GetMonthAbbrevString
0      5b0 UI_GetStripEdString
0      5cb _UI_Refresh
0      70f _UI_Shutdown
0      715 GetMenuBuffer
0      77b Asset_Parse
0      a5f UI_Report
0      a65 UI_ParseMenu
0      ad3 Load_Menu
0      b1c UI_LoadMenus
0      bbc UI_Load
0      c25 UI_DrawHandicap
0      c6f UI_DrawClanName
0      c9c UI_SetCapFragLimits
0      cef UI_DrawGameType
0      d1b UI_DrawNetGameType
0      d5e UI_DrawAutoSwitch
0      dc6 UI_DrawJoinGameType
0      e02 UI_TeamIndexFromName
0      e3d UI_DrawClanLogo
0      eea UI_DrawClanCinematic
0      ffe UI_DrawPreviewCinematic
0     1068 UI_DrawSkill
0     10b4 UI_DrawGenericNum
0     10f8 UI_DrawForceMastery
0     1143 UI_DrawSkinColor
0     11a8 UI_DrawForceSide
0     132c UI_DrawTeamName
0     1397 UI_DrawTeamMember
0       fb GetNetSourceString
0      11d AssetCache
0      1f5 _UI_DrawSides
0      24b _UI_DrawTopBottom
0      2a1 _UI_DrawRect
0      2d3 MenuFontToHandle
0      2fa Text_Width
0      318 Text_Height
0      333 Text_Paint
0      3a3 Text_PaintWithCursor
0      47a Text_Paint_Limit
0      566 UI_ShowPostGame
0      587 UI_DrawCenteredPic
0     1473 UI_DrawEffects
0     149b UI_DrawMapPreview
0     154c UI_DrawMapTimeToBeat
0     15b1 UI_DrawMapCinematic
0     1692 UpdateForceStatus
0     1842 UI_DrawNetSource
0     1890 UI_DrawNetMapPreview
0     18df UI_DrawNetMapCinematic
0     1937 UI_DrawNetFilter
0     1983 UI_DrawTier
0     19cf UI_DrawTierMap
0     1a4d UI_EnglishMapName
0     1a7f UI_DrawTierMapName
0     1ae4 UI_DrawTierGameType
0     1b47 UI_AIFromName
0     1b79 UI_NextOpponent
0     1bcc UI_PriorOpponent
0     1c23 UI_DrawPlayerLogo
0     1cc7 UI_DrawPlayerLogoMetal
0     1d6b UI_DrawPlayerLogoName
0     1e0f UI_DrawOpponentLogo
0     1eb3 UI_DrawOpponentLogoMetal
0     1f57 UI_DrawOpponentLogoName
0     1ffb UI_DrawAllMapsSelection
0     2042 UI_DrawOpponentName
0     206f UI_OwnerDrawWidth
0     235d UI_DrawBotName
0     23a2 UI_DrawBotSkill
0     23e0 UI_DrawRedBlue
0     2413 UI_DrawCrosshair
0     2451 UI_BuildPlayerList
0     25cf UI_DrawSelectedPlayer
0     260a UI_DrawServerRefreshDate
0     26dd UI_DrawServerMOTD
0     282a UI_DrawKeyBindStatus
0     2861 UI_DrawGLInfo
0     2a16 UI_Version
0     2a56 UI_OwnerDraw
0     2eac UI_OwnerDrawVisible
0     3037 UI_Handicap_HandleKey
0     309d UI_Effects_HandleKey
0     310a UI_ClanName_HandleKey
0     3194 UI_GameType_HandleKey
0     3263 UI_NetGameType_HandleKey
0     32ee UI_AutoSwitch_HandleKey
0     3349 UI_JoinGameType_HandleKey
0     33ac UI_Skill_HandleKey
0     3409 UI_TeamName_HandleKey
0     3484 UI_TeamMember_HandleKey
0     353a UI_NetSource_HandleKey
0     35a6 UI_NetFilter_HandleKey
0     35f8 UI_OpponentName_HandleKey
0     3621 UI_BotName_HandleKey
0     3674 UI_BotSkill_HandleKey
0     36c1 UI_RedBlue_HandleKey
0     36e9 UI_Crosshair_HandleKey
0     3743 UI_SelectedPlayer_HandleKey
0     37c1 UI_OwnerDrawHandleKey
0     39d8 UI_GetValue
0     39dd UI_ServersQsortCompare
0     39f8 UI_ServersSort
0     3a16 UI_LoadMods
0     3a97 UI_LoadMovies
0     3b0d UI_LoadDemos
0     3bb7 UI_SetNextMap
0     3bef UI_StartSkirmish
0     405e UI_Update
0     4309 UI_DeferMenuScript
0     4391 UI_UpdateVideoSetup
0     4474 UI_GetVideoSetup
0     460b UI_RunMenuScript
0     5243 UI_GetTeamColor
0     5246 UI_MapCountByGameType
0     52cc UI_hasSkinForBase
0     531d UI_HeadCountByTeam
0     547d UI_HeadCountByColor
0     54d3 UI_InsertServerIntoDisplayList
0     551a UI_RemoveServerFromDisplayList
0     5565 UI_BinaryServerInsertion
0     55e1 UI_BuildServerDisplayList
0     57ad UI_SortServerStatusInfo
0     58ae UI_GetServerStatusInfo
0     5c2d stristr
0     5c8f UI_BuildFindPlayerList
0     5f0e UI_BuildServerStatus
0     5f6f UI_FeederCount
0     6001 UI_SelectedMap
0     6040 UI_SelectedHead
0     607f UI_SelectedTeamHead
0     60e7 UI_GetIndexFromSelection
0     6118 UI_UpdatePendingPings
0     612a UI_FeederItemText
0     642b UI_FeederItemImage
0     65d3 UI_FeederSelection
0     68d3 GameType_Parse
0     69ce MapList_Parse
0     6b11 UI_ParseGameInfo
0     6ba7 UI_Pause
0     6bd2 UI_PlayCinematic
0     6bf1 UI_StopCinematic
0     6c7e UI_DrawCinematic
0     6c9d UI_RunCinematicFrame
0     6ca6 UI_LoadForceConfig_List
0     6d76 UI_BuildQ3Model_List
0     6f3e _UI_Init
0     711f _UI_KeyEvent
0     716f _UI_MouseEvent
0     71bd UI_LoadNonIngame
0     71e2 _UI_SetActiveMenu
0     72f2 _UI_IsFullscreen
0     72fc UI_ReadableSize
0     73b1 UI_PrintTime
0     7412 Text_PaintCenter
0     7447 UI_DisplayDownloadInfo
0     775d UI_DrawConnectScreen
0     790a UI_RegisterCvars
0     793f UI_UpdateCvars
0     7962 UI_StopServerRefresh
0     79a0 UI_DoServerRefresh
0     7a01 UI_StartServerRefresh
0     7ad4 Com_Error
0     7af6 Com_Printf
0     7b18 UI_ClampCvar
0     7b32 UI_StartDemoLoop
0     7b3c UI_Argv
0     7b4b UI_Cvar_VariableString
0     7b5a UI_SetBestScores
0     7de9 UI_LoadBestScores
0     7e6d UI_ClearScores
0     7ef2 UI_Cache_f
0     7f23 UI_CalcPostGameStats
0     81a2 UI_ConsoleCommand
0     82b0 UI_Shutdown
0     82b3 UI_DrawNamedPic
0     82e5 UI_DrawHandlePic
0     8334 UI_FillRect
0     8363 UI_DrawSides
0     83b0 UI_DrawTopBottom
0     83fd UI_DrawRect
0     8429 UI_SetColor
0     8432 UI_UpdateScreen
0     8438 UI_DrawTextBox
0     849b UI_CursorInRect
0     84c6 UI_InitForceShaders
0     85b9 UI_DrawForceStars
0     864d UI_UpdateClientForcePowers
0     86c9 UI_TranslateFCFIndex
0     86de UI_SaveForceTemplate
0     8813 UpdateForceUsed
0     89c3 UI_ReadLegalForce
0     8c42 UI_UpdateForcePowers
0     8e2c UI_SkinColor_HandleKey
0     8e83 UI_ForceSide_HandleKey
0     8f48 UI_ForceMaxRank_HandleKey
0     8fae UI_ForcePowerRank_HandleKey
0     90eb UI_ForceConfigHandle
0     9437 UI_Alloc
0     9471 UI_InitMemory
0     947a UI_OutOfMemory
0     9480 hashForString
0     94c0 String_Alloc
0     9599 String_Report
0     95e2 String_Init
0     9626 PC_SourceWarning
0     9656 PC_SourceError
0     9686 LerpColor
0     96e1 Float_Parse
0     970d PC_Float_Parse
0     9762 Color_Parse
0     978f PC_Color_Parse
0     97bc Int_Parse
0     97e8 PC_Int_Parse
0     9840 Rect_Parse
0     9887 PC_Rect_Parse
0     98ce String_Parse
0     98fa PC_String_Parse
0     996f PC_Script_Parse
0     99f1 Init_Display
0     99f8 GradientBar_Paint
0     9a3e Window_Init
0     9a7a Fade
0     9aeb Window_Paint
0     9e35 Item_SetScreenCoords
0     9ec9 Item_UpdatePosition
0     9f1c Menu_UpdatePosition
0     9f73 Menu_PostParse
0     9f9f Menu_ClearFocus
0     a022 IsVisible
0     a045 Rect_ContainsPoint
0     a08a Menu_ItemsMatchingGroup
0     a0e6 Menu_GetMatchingItemByNumber
0     a153 Script_SetColor
0     a1ed Script_SetAsset
0     a206 Script_SetBackground
0     a228 Menu_FindItemByName
0     a277 Script_SetTeamColor
0     a2ac Script_SetItemColor
0     a385 Script_SetItemRect
0     a403 Menu_ShowItemByName
0     a475 Menu_FadeItemByName
0     a4ee Menus_FindByName
0     a51f Menus_ShowByName
0     a537 Menus_OpenByName
0     a540 Menu_RunCloseScript
0     a56f Menus_CloseByName
0     a5cf Menus_CloseAll
0     a605 Script_Show
0     a625 Script_Hide
0     a645 Script_FadeIn
0     a665 Script_FadeOut
0     a685 Script_Open
0     a69d Script_Close
0     a6c7 Menu_TransitionItemByName
0     a7b2 Script_Defer
0     a7d9 Script_RunDeferred
0     a7f3 Script_Transition
0     a855 Menu_OrbitItemByName
0     a8c2 Script_Orbit
0     a930 Script_SetFocus
0     a9bb Script_SetPlayerModel
0     a9d9 Script_SetPlayerHead
0     a9f7 Script_SetCvar
0     aa23 Script_SetCvarToCvar
0     aa5c Script_Exec
0     aa83 Script_Play
0     aaac Script_playLooped
0     aad8 Item_RunScript
0     ab75 Item_EnableShowViaCvar
0     ac4e Item_SetFocus
0     adba Item_TextScroll_MaxScroll
0     ade9 Item_TextScroll_ThumbPosition
0     ae33 Item_TextScroll_ThumbDrawPosition
0     ae9c Item_TextScroll_OverLB
0     af84 Item_TextScroll_MouseEnter
0     afb5 Item_TextScroll_HandleKey
0     b14b Item_ListBox_MaxScroll
0     b1a5 Item_ListBox_ThumbPosition
0     b22c Item_ListBox_ThumbDrawPosition
0     b2f1 Item_Slider_ThumbPosition
0     b389 Item_Slider_OverSlider
0     b3be Item_ListBox_OverLB
0     b589 Item_ListBox_MouseEnter
0     b6be Item_MouseEnter
0     b7e0 Item_MouseLeave
0     b82c Menu_HitTest
0     b86a Item_SetMouseOver
0     b893 Item_OwnerDraw_HandleKey
0     b8cd Item_ListBox_HandleKey
0     bdea Item_YesNo_HandleKey
0     be70 Item_Multi_CountSettings
0     be88 Item_Multi_FindCvarByValue
0     bf0d Item_Multi_Setting
0     bf9e Item_Multi_HandleKey
0     c091 Item_TextField_HandleKey
0     c415 Scroll_TextScroll_AutoFunc
0     c472 Scroll_TextScroll_ThumbFunc
0     c561 Scroll_ListBox_AutoFunc
0     c5be Scroll_ListBox_ThumbFunc
0     c745 Scroll_Slider_ThumbFunc
0     c7df Item_StartCapture
0     c954 Item_StopCapture
0     c957 Item_Slider_HandleKey
0     ca53 Item_HandleKey
0     cb63 Item_Action
0     cb7a Menu_SetPrevCursorItem
0     cc50 Menu_SetNextCursorItem
0     cd1d Window_CloseCinematic
0     cd45 Menu_CloseCinematics
0     cd99 Display_CloseCinematics
0     cdb6 Menus_Activate
0     ce0d Display_VisibleMenuCount
0     ce37 Menus_HandleOOBClick
0     cefa Item_CorrectedTextRect
0     cf22 Menu_HandleKey
0     d243 ToWindowCoords
0     d28b Rect_ToWindowCoords
0     d2a0 Item_SetTextExtents
0     d444 Item_TextColor
0     d58a Item_Text_AutoWrapped_Paint
0     d73a Item_Text_Wrapped_Paint
0     d847 Item_Text_Paint
0     d938 Item_TextField_Paint
0     daae Item_YesNo_Paint
0     dbe2 Item_Multi_Paint
0     dcd0 Controls_GetKeyAssignment
0     dd2e Controls_GetConfig
0     dd60 Controls_SetConfig
0     ddb7 BindingIDFromName
0     dde4 BindingFromName
0     de75 Item_Slider_Paint
0     df78 Item_Bind_Paint
0     e151 Display_KeyBindPending
0     e157 Item_Bind_HandleKey
0     e362 Item_Model_Paint
0     e492 Item_Image_Paint
0     e4d9 Item_TextScroll_Paint
0     e66b Item_ListBox_Paint
0     ec22 Item_OwnerDraw_Paint
0     eee8 Item_Paint
0     f4d2 Menu_Init
0     f509 Menu_GetFocusedItem
0     f548 Menu_GetFocused
0     f583 Menu_ScrollFeeder
0     f5d6 Menu_SetFeederSelection
0     f66b Menus_AnyFullScreenVisible
0     f69f Menus_ActivateByName
0     f72e Item_Init
0     f747 Menu_HandleMouseMove
0     f89f Menu_Paint
0     f9fa Item_ValidateTypeData
0     fabe KeywordHash_Key
0     fb22 KeywordHash_Add
0     fb48 KeywordHash_Find
0     fb83 ItemParse_name
0     fb9c ItemParse_focusSound
0     fbc4 ItemParse_text
0     fbdd ItemParse_descText
0     fbf6 ItemParse_text2
0     fc0f ItemParse_text2alignx
0     fc28 ItemParse_text2aligny
0     fc41 ItemParse_group
0     fc5a ItemParse_asset_model
0     fc9a ItemParse_asset_shader
0     fcc0 ItemParse_model_origin
0     fd06 ItemParse_model_fovx
0     fd2c ItemParse_model_fovy
0     fd52 ItemParse_model_rotation
0     fd78 ItemParse_model_angle
0     fd9c ItemParse_rect
0     fdb5 ItemParse_flag
0     fe20 ItemParse_style
0     fe3e ItemParse_decoration
0     fe51 ItemParse_notselectable
0     fe74 ItemParse_wrapped
0     fe87 ItemParse_autowrapped
0     fe9a ItemParse_horizontalscroll
0     fead ItemParse_type
0     fecc ItemParse_elementwidth
0     fef2 ItemParse_elementheight
0     ff18 ItemParse_feeder
0     ff31 ItemParse_elementtype
0     ff62 ItemParse_columns
0    10005 ItemParse_border
0    1001e ItemParse_bordersize
0    10037 ItemParse_visible
0    1005f ItemParse_ownerdraw
0    1007e ItemParse_align
0    10097 ItemParse_textalign
0    100b5 ItemParse_textalignx
0    100ce ItemParse_textaligny
0    100e7 ItemParse_textscale
0    10100 ItemParse_textstyle
0    10119 ItemParse_backcolor
0    10148 ItemParse_forecolor
0    10185 ItemParse_bordercolor
0    101b4 ItemParse_outlinecolor
0    101cd ItemParse_background
0    101f3 ItemParse_cinematic
0    1020c ItemParse_doubleClick
0    1023d ItemParse_onFocus
0    10256 ItemParse_leaveFocus
0    1026f ItemParse_mouseEnter
0    10288 ItemParse_mouseExit
0    102a1 ItemParse_mouseEnterText
0    102ba ItemParse_mouseExitText
0    102d3 ItemParse_action
0    102ec ItemParse_special
0    10305 ItemParse_cvarTest
0    1031e ItemParse_cvar
0    1037f ItemParse_font
0    1039e ItemParse_maxChars
0    103d3 ItemParse_maxPaintChars
0    10408 ItemParse_maxLineChars
0    1043d ItemParse_lineHeight
0    10473 ItemParse_cvarFloat
0    104d2 ItemParse_cvarStrList
0    10594 ItemParse_cvarFloatList
0    10652 ItemParse_addColorRange
0    106b4 ItemParse_ownerdrawFlag
0    106d9 ItemParse_enableCvar
0    106f8 ItemParse_disableCvar
0    10717 ItemParse_showCvar
0    10736 ItemParse_hideCvar
0    10755 ItemParse_Appearance_slot
0    1076e Item_SetupKeywordHash
0    1079a Item_Parse
0    10819 Item_TextScroll_BuildLines
0    10958 Item_InitControls
0    10995 MenuParse_font
0    109d8 MenuParse_name
0    10a05 MenuParse_fullscreen
0    10a22 MenuParse_rect
0    10a3d MenuParse_style
0    10a5f MenuParse_visible
0    10a8b MenuParse_onOpen
0    10aa8 MenuParse_onClose
0    10ac5 MenuParse_onESC
0    10ae2 MenuParse_border
0    10aff MenuParse_borderSize
0    10b1c MenuParse_backcolor
0    10b4f MenuParse_descAlignment
0    10b71 MenuParse_descX
0    10b8e MenuParse_descY
0    10bab MenuParse_descScale
0    10bc8 MenuParse_descColor
0    10bfb MenuParse_forecolor
0    10c3c MenuParse_bordercolor
0    10c6f MenuParse_focuscolor
0    10ca2 MenuParse_disablecolor
0    10cd5 MenuParse_outlinecolor
0    10cf2 MenuParse_background
0    10d1c MenuParse_cinematic
0    10d39 MenuParse_ownerdrawFlag
0    10d62 MenuParse_ownerdraw
0    10d7f MenuParse_popup
0    10d96 MenuParse_outOfBounds
0    10dad MenuParse_soundLoop
0    10dca MenuParse_fadeClamp
0    10de7 MenuParse_fadeAmount
0    10e04 MenuParse_fadeCycle
0    10e21 MenuParse_itemDef
0    10ea6 MenuParse_appearanceIncrement
0    10ec3 Menu_SetupKeywordHash
0    10eef Menu_Parse
0    10f6e Menu_New
0    10fa2 Menu_Count
0    10fa8 Menu_PaintAll
0    1103f Menu_Reset
0    11045 Display_GetContext
0    1104b Display_CaptureItem
0    11080 Display_MouseMove
0    110f8 Display_CursorType
0    11144 Display_HandleKey
0    11171 Window_CacheContents
0    111aa Item_CacheContents
0    111b7 Menu_CacheContents
0    11203 Display_CacheAll
0    11220 Menu_OverActiveItem
0    112d3 UI_ParseInfos
0    113c1 UI_LoadArenasFromFile
0    11441 UI_LoadArenas
0    1165f UI_LoadBotsFromFile
0    11710 UI_LoadBots
0    11791 UI_GetBotInfoByNumber
0    117bc UI_GetBotInfoByName
0    117fb UI_GetNumBots
0    11801 UI_GetBotNameByNumber
0    11823 BG_LegalizedForcePowers
0    11bf0 vectoyaw
0    11c4a BG_HasYsalamiri
0    11c79 BG_CanUseFPNow
0    11ce0 BG_FindItemForPowerup
0    11d1c BG_FindItemForHoldable
0    11d56 BG_FindItemForWeapon
0    11d89 BG_FindItem
0    11db2 BG_PlayerTouchesItem
0    11e12 BG_ProperForceIndex
0    11e35 BG_CycleForce
0    11f0d BG_GetItemIndexByTag
0    11f3d BG_CycleInven
0    11fa9 BG_CanItemBeGrabbed
0    121a6 BG_EvaluateTrajectory
0    12374 BG_EvaluateTrajectoryDelta
0    1246e BG_AddPredictableEventToPlayerstate
0    124a9 BG_TouchJumpPad
0    1250d BG_PlayerStateToEntityState
0    12818 BG_PlayerStateToEntityStateExtraPolate
0    12b30 BG_SwingAngles
0    12c35 BG_AddPainTwitch
0    12c76 BG_G2PlayerAngles
0    12e13 BG_Alloc
0    12e53 BG_AllocUnaligned
0    12e86 BG_TempAlloc
0    12ebe BG_TempFree
0    12eeb BG_StringAlloc
0    12f0e BG_OutOfMemory
0    12f20 swapfunc
0    12fa7 med3
0    1302a qsort
0    133e3 strlen
0    133fe strcat
0    13441 strcpy
0    13476 strcmp
0    134af strchr
0    134ce strstr
0    13514 tolower
0    1352c toupper
0    13544 memmove
0    1358b tan
0    135a2 srand
0    135a9 rand
0    135be atof
0    13683 _atof
0    1374e atoi
0    137c6 _atoi
0    13848 abs
0    1385d fabs
0    13872 AddInt
0    1394d AddFloat
0    13a5b AddString
0    13af2 vsprintf
0    13c8a sscanf
0    13cf5 Q_rand
0    13d0a Q_random
0    13d1c Q_crandom
0    13d2d VectorCompare
0    13d65 VectorLength
0    13d98 VectorLengthSquared
0    13dc4 Distance
0    13e05 DistanceSquared
0    13e53 VectorNormalizeFast
0    13eb2 VectorInverse
0    13eda CrossProduct
0    13f53 ClampChar
0    13f6a ClampShort
0    13f81 DirToByte
0    13fdc ByteToDir
0    13ffa ColorBytes3
0    14069 ColorBytes4
0    140fb NormalizeColor
0    14171 PlaneFromPoints
0    1422f RotatePointAroundVector
0    1433a RotateAroundDirection
0    1437e vectoangles
0    1443a AnglesToAxis
0    1446f AxisClear
0    144a6 AxisCopy
0    144ca ProjectPointOnPlane
0    14585 MakeNormalVectors
0    14630 VectorRotate
0    146cd Q_rsqrt
0    14704 Q_fabs
0    14714 LerpAngle
0    14745 AngleSubtract
0    1476a AnglesSubtract
0    147b8 AngleMod
0    147ca AngleNormalize360
0    147d8 AngleNormalize180
0    147f3 AngleDelta
0    14803 SetPlaneSignbits
0    14830 BoxOnPlaneSide
0    14bf1 RadiusFromBounds
0    14c44 ClearBounds
0    14c7b AddPointToBounds
0    14d14 VectorNormalize
0    14d84 VectorNormalize2
0    14e12 _VectorMA
0    14e54 _DotProduct
0    14e89 _VectorSubtract
0    14ec2 _VectorAdd
0    14efb _VectorCopy
0    14f22 _VectorScale
0    14f52 Vector4Scale
0    14f94 Q_log2
0    14fb3 MatrixMultiply
0    15188 AngleVectors
0    15280 PerpendicularVector
0    152ec Rand_Init
0    152f3 flrand
0    1532e irand
0    15360 powf
0    15383 GetIDForString
0    153c8 GetStringForID
0    15404 Com_Clamp
0    1541e COM_SkipPath
0    15442 COM_StripExtension
0    15478 COM_DefaultExtension
0    154c0 ShortSwap
0    154e0 ShortNoSwap
0    154eb LongSwap
0    1551e LongNoSwap
0    15524 Long64Swap
0    15561 Long64NoSwap
0    15569 FloatSwap
0    1557f FloatNoSwap
0    15586 COM_BeginParseSession
0    15598 COM_GetCurrentParseLine
0    1559e COM_Parse
0    155ad COM_ParseError
0    155cd COM_ParseWarning
0    155ed SkipWhitespace
0    15624 COM_Compress
0    15777 COM_ParseExt
0    158c3 COM_MatchToken
0    158ec SkipBracedSection
0    1592a SkipRestOfLine
0    15962 Parse1DMatrix
0    159a1 Parse2DMatrix
0    159dc Parse3DMatrix
0    15a21 Q_isprint
0    15a36 Q_islower
0    15a4b Q_isupper
0    15a60 Q_isalpha
0    15a81 Q_strrchr
0    15ab5 Q_strncpyz
0    15af0 Q_stricmpn
0    15b7b Q_strncmp
0    15bcd Q_stricmp
0    15bf5 Q_strlwr
0    15c1b Q_strupr
0    15c41 Q_strcat
0    15c6d Q_PrintStrlen
0    15cbd Q_CleanStr
0    15d23 Com_sprintf
0    15d62 va
0    15d8f Info_ValueForKey
0    15e6f Info_NextPair
0    15f0d Info_RemoveKey
0    15fdd Info_RemoveKey_Big
0    160ad Info_Validate
0    160d4 Info_SetValueForKey
0    161a4 Info_SetValueForKey_Big
0    1626c Q_irand
1       44 numServerFilters
1       48 skillLevels
1       60 teamArenaGameTypes
1       30 uiSkinColor
1       34 serverFilters
1       5c numSkillLevels
1       88 numTeamArenaGameTypes
1       8c netnames
1       9c gamecodetoui
1       b8 uitogamecode
1       f4 frameCount
1       f8 defaultMenu
1       fc handicapValues
1      150 updateModel
1      154 q3Model
1      58c gUISelectedMap
1      594 serverStatusCvars
1      680 cvarTable
1      de0 cvarTableSize
1      de4 newUI
1      de8 uiForceSide
1      dec uiForceRank
1      df0 uiMaxRank
1      df4 uiMaxPoints
1      df8 uiForceUsed
1      dfc uiForceAvailable
1      e00 gTouchedForce
1      e04 uiForcePowersRank
1      e4c uiForcePowerDarkLight
1      e94 gCustRank
1      e98 gCustSide
1      e9c gCustPowersRank
1      ee4 captureFunc
1      ee8 captureData
1      eec itemCapture
1      ef0 DC
1      ef4 g_waitingForKey
1      ef8 g_editingField
1      efc g_bindItem
1      f00 g_editItem
1      f04 menuCount
1      f08 openMenuCount
1      f0c debugMode
1      f10 lastListBoxClickTime
1      f14 itemFlags
1      f24 styles
1      f40 alignment
1      f50 types
1      f90 strPoolIndex
1      f94 strHandleCount
1      fa0 FPMessageTime
1      fa4 ui_deferredScriptItem
1      fa8 commandList
1     1068 scriptCommandCount
1     1130 g_bindings
1       d4 numNetSources
1     1a00 itemParseKeywords
1     1d60 menuParseKeywords
1     1f14 forceMasteryLevels
1     1f34 forceMasteryPoints
1     1f54 bgForcePowerCost
1     2074 forcePowerSorted
1     20bc forcePowerDarkLight
1     2104 WeaponReadyAnim
1     2144 WeaponAttackAnim
1     2184 bg_itemlist
1     2a40 bg_numItems
1     2a98 eventnames
1     2c70 bg_poolSize
1     2c74 bg_poolTail
1     2c78 WP_MuzzlePoint
1     2d38 weaponData
1     30b8 ammoData
1     30e0 randSeed
1     3154 vec3_origin
1     3160 axisDefault
1     3184 colorBlack
1     3194 colorRed
1     31a4 colorGreen
1     31b4 colorBlue
1     31c4 colorYellow
1     31d4 colorMagenta
1     31e4 colorCyan
1     31f4 colorWhite
1     3204 colorLtGrey
1     3214 colorMdGrey
1     3224 colorDkGrey
1     3234 colorLtBlue
1     3244 colorDkBlue
1     3254 g_color_table
1     32d4 bytedirs
1     3a8c holdrand
1     1988 g_bindCount
2        0 holdSPString
2   4af764 _stackStart
2   4bf764 _stackEnd
3     8d40 k_language
3     8e50 s_language
3     8f60 ui_realWarmUp
3     9070 ui_realCaptureLimit
3     9180 ui_recordSPDemo
3     9290 ui_hudFiles
3     93a0 ui_Q3Model
3     94b0 ui_findPlayer
3     95c0 ui_scoreCaptures
3     96d0 ui_teamName
3     97e0 ui_blueteam8
3     98f0 ui_blueteam7
3     9a00 ui_blueteam6
3     9b10 ui_blueteam5
3     9c20 ui_blueteam4
3     9d30 ui_blueteam3
3     9e40 ui_blueteam2
3     9f50 ui_blueteam1
3     a060 ui_blueteam
3     a170 ui_redteam8
3     a280 ui_redteam7
3     a390 ui_redteam6
3     a4a0 ui_redteam5
3     a5b0 ui_redteam4
3     a6c0 ui_redteam3
3     a7d0 ui_redteam2
3     a8e0 ui_redteam1
3     a9f0 ui_redteam
3     ab00 lastLoadingText
3     af00 lastConnState
3     af04 parsedFPMessage
3     b304 ui_rankChange
3     b414 startTime
3     b418 ui_initialized
3     b528 ui_debug
3     b638 uiInfo
3    22994 ui_serverStatusTimeOut
3    22aa4 ui_bigFont
3    22bb4 ui_smallFont
3    22cc4 ui_scoreTime
3    22dd4 ui_scoreShutoutBonus
3    22ee4 ui_scoreSkillBonus
3    22ff4 ui_scoreTimeBonus
3    23104 ui_scoreBase
3    23214 ui_scoreTeam
3    23324 ui_scorePerfect
3    23434 ui_scoreScore
3    23544 ui_scoreGauntlets
3    23654 ui_scoreAssists
3    23764 ui_scoreDefends
3    23874 ui_scoreExcellents
3    23984 ui_scoreImpressives
3    23a94 ui_scoreAccuracy
3    23ba4 ui_singlePlayerActive
3    23cb4 ui_lastServerRefresh_3
3    23dc4 ui_lastServerRefresh_2
3    23ed4 ui_lastServerRefresh_1
3    23fe4 ui_lastServerRefresh_0
3    240f4 ui_selectedPlayerName
3    24204 ui_selectedPlayer
3    24314 ui_currentOpponent
3    24424 ui_mapIndex
3    24534 ui_currentNetMap
3    24644 ui_currentMap
3    24754 ui_currentTier
3    24864 ui_menuFiles
3    24974 ui_opponentName
3    24a84 ui_dedicated
3    24b94 ui_serverFilterType
3    24ca4 ui_netSource
3    24db4 ui_joinGameType
3    24ec4 ui_actualNetGameType
3    24fd4 ui_netGameType
3    250e4 ui_gameType
3    251f4 ui_fragLimit
3    25304 ui_captureLimit
3    25414 ui_cdkeychecked
3    25524 ui_server16
3    25634 ui_server15
3    25744 ui_server14
3    25854 ui_server13
3    25964 ui_server12
3    25a74 ui_server11
3    25b84 ui_server10
3    25c94 ui_server9
3    25da4 ui_server8
3    25eb4 ui_server7
3    25fc4 ui_server6
3    260d4 ui_server5
3    261e4 ui_server4
3    262f4 ui_server3
3    26404 ui_server2
3    26514 ui_server1
3    26624 ui_marks
3    26734 ui_drawCrosshairNames
3    26844 ui_drawCrosshair
3    26954 ui_browserShowEmpty
3    26a64 ui_browserShowFull
3    26b74 ui_browserSortKey
3    26c84 ui_browserGameType
3    26d94 ui_browserMaster
3    26ea4 ui_spSelection
3    26fb4 ui_spSkill
3    270c4 ui_spVideos
3    271d4 ui_spAwards
3    272e4 ui_spScores5
3    273f4 ui_spScores4
3    27504 ui_spScores3
3    27614 ui_spScores2
3    27724 ui_spScores1
3    27834 ui_botsFile
3    27944 ui_arenasFile
3    27a54 ui_ctf_friendly
3    27b64 ui_ctf_timelimit
3    27c74 ui_ctf_capturelimit
3    27d84 ui_team_friendly
3    27e94 ui_team_timelimit
3    27fa4 ui_team_fraglimit
3    280b4 ui_selectedModelIndex
3    281c4 ui_tourney_timelimit
3    282d4 ui_tourney_fraglimit
3    283e4 ui_ffa_timelimit
3    284f4 ui_ffa_fraglimit
3    28e04 m_entersound
3    28e08 uiForceStarShaders
3    28e50 ui_forcePowerDisable
3    28f60 ui_freeSaber
3    29070 uiSaberColorShaders
3    2b098 menuParseKeywordHash
3    2b898 itemParseKeywordHash
3    2c098 g_nameBind2
3    2c0b8 g_nameBind1
3    2c0d8 ui_deferredScript
3    2c8d8 strHandle
3    2e8d8 strPool
3    8e8d8 outOfMemory
3    8e8dc allocPoint
3    8e8e0 memoryPool
3   28e8e0 menuStack
3   28e920 Menus
3   2a3520 scrollInfo
3   2a3540 ui_arenaInfos
3   2a4540 ui_numArenas
3   2a4544 ui_botInfos
3   2a5544 ui_numBots
3   2a5548 bg_pool
3   4aef60 com_lines
3   4aef64 com_parsename
3   4af364 com_token
