0 ffffff35 trap_G2API_SetBoneAngles
0 ffffff36 trap_SP_GetStringTextString
0 ffffff37 trap_SP_Register
0 ffffff8c matrixmultiply
0 ffffff8d asin
0 ffffff8e acos
0 ffffff91 ceil
0 ffffff92 perpendicularvector
0 ffffff93 anglevectors
0 ffffff94 floor
0 ffffff95 sqrt
0 ffffff96 atan2
0 ffffff97 cos
0 ffffff98 sin
0 ffffff99 strncpy
0 ffffff9a memcpy
0 ffffff9b memset
0 ffffffa1 trap_LAN_CompareServers
0 ffffffa2 trap_LAN_ServerIsVisible
0 ffffffa3 trap_LAN_GetServerPing
0 ffffffa4 trap_LAN_ServerStatus
0 ffffffa5 trap_R_RemapShader
0 ffffffa6 trap_CIN_SetExtents
0 ffffffa7 trap_CIN_DrawCinematic
0 ffffffa8 trap_CIN_RunCinematic
0 ffffffa9 trap_CIN_StopCinematic
0 ffffffaa trap_CIN_PlayCinematic
0 ffffffab trap_LAN_RemoveServer
0 ffffffac trap_LAN_AddServer
0 ffffffad trap_LAN_SaveCachedServers
0 ffffffae trap_LAN_LoadCachedServers
0 ffffffaf trap_LAN_ResetPings
0 ffffffb0 trap_LAN_UpdateVisiblePings
0 ffffffb1 trap_LAN_MarkServerVisible
0 ffffffb2 trap_LAN_GetServerInfo
0 ffffffb3 trap_LAN_GetServerAddressString
0 ffffffb4 trap_LAN_GetServerCount
0 ffffffb5 trap_RealTime
0 ffffffb6 trap_S_StartBackgroundTrack
0 ffffffb7 trap_S_StopBackgroundTrack
0 ffffffb8 trap_PC_RemoveAllGlobalDefines
0 ffffffb9 trap_PC_LoadGlobalDefines
0 ffffffba trap_PC_SourceFileAndLine
0 ffffffbb trap_PC_ReadToken
0 ffffffbc trap_PC_FreeSource
0 ffffffbd trap_PC_LoadSource
0 ffffffbe trap_PC_AddGlobalDefine
0 ffffffbf trap_R_ModelBounds
0 ffffffc0 trap_AnyLanguage_ReadCharFromString
0 ffffffc1 trap_Language_UsesSpaces
0 ffffffc2 trap_Language_IsAsian
0 ffffffc3 trap_R_Font_DrawString
0 ffffffc4 trap_R_Font_HeightPixels
0 ffffffc5 trap_R_Font_StrLenChars
0 ffffffc6 trap_R_Font_StrLenPixels
0 ffffffc7 trap_R_RegisterFont
0 ffffffc8 trap_VerifyCDKey
0 ffffffc9 trap_SetCDKey
0 ffffffca trap_GetCDKey
0 ffffffcb trap_MemoryRemaining
0 ffffffcc trap_Cvar_Update
0 ffffffcd trap_Cvar_Register
0 ffffffce trap_LAN_GetPingInfo
0 ffffffcf trap_LAN_GetPing
0 ffffffd0 trap_LAN_ClearPing
0 ffffffd1 trap_LAN_GetPingQueueCount
0 ffffffd2 trap_GetConfigString
0 ffffffd3 trap_GetClientState
0 ffffffd4 trap_GetGlconfig
0 ffffffd5 trap_GetClipboardData
0 ffffffd6 trap_Key_SetCatcher
0 ffffffd7 trap_Key_GetCatcher
0 ffffffd8 trap_Key_ClearStates
0 ffffffd9 trap_Key_SetOverstrikeMode
0 ffffffda trap_Key_GetOverstrikeMode
0 ffffffdb trap_Key_IsDown
0 ffffffdc trap_Key_SetBinding
0 ffffffdd trap_Key_GetBindingBuf
0 ffffffde trap_Key_KeynumToStringBuf
0 ffffffdf trap_S_StartLocalSound
0 ffffffe0 trap_S_RegisterSound
0 ffffffe2 trap_CM_LerpTag
0 ffffffe3 trap_UpdateScreen
0 ffffffe4 trap_R_DrawStretchPic
0 ffffffe5 trap_R_SetColor
0 ffffffe6 trap_R_RenderScene
0 ffffffe7 trap_R_AddLightToScene
0 ffffffe8 trap_R_AddPolyToScene
0 ffffffe9 trap_R_AddRefEntityToScene
0 ffffffea trap_R_ClearScene
0 ffffffeb trap_R_RegisterShaderNoMip
0 ffffffec trap_R_RegisterSkin
0 ffffffed trap_R_RegisterModel
0 ffffffee trap_FS_GetFileList
0 ffffffef trap_FS_FCloseFile
0 fffffff0 trap_FS_Write
0 fffffff1 trap_FS_Read
0 fffffff2 trap_FS_FOpenFile
0 fffffff3 trap_Cmd_ExecuteText
0 fffffff4 trap_Argv
0 fffffff5 trap_Argc
0 fffffff6 trap_Cvar_InfoStringBuffer
0 fffffff7 trap_Cvar_Create
0 fffffff8 trap_Cvar_Reset
0 fffffff9 trap_Cvar_SetValue
0 fffffffa trap_Cvar_VariableStringBuffer
0 fffffffb trap_Cvar_VariableValue
0 fffffffc trap_Cvar_Set
0 fffffffd trap_Milliseconds
0 fffffffe trap_Print
0 ffffffff trap_Error
0        0 vmMain
0       7f UI_TeamName
0       9c GetCRDelineatedString
0       f6 GetMonthAbbrevString
0      5d9 UI_GetStripEdString
0      5f4 _UI_Refresh
0      738 _UI_Shutdown
0      73e GetMenuBuffer
0      7a4 Asset_Parse
0      a88 UI_Report
0      a8e UI_ParseMenu
0      afc Load_Menu
0      b45 UI_LoadMenus
0      be5 UI_Load
0      c4e UI_DrawHandicap
0      c98 UI_DrawClanName
0      cc5 UI_SetCapFragLimits
0      d18 UI_DrawGameType
0      d44 UI_DrawNetGameType
0      d87 UI_DrawAutoSwitch
0      def UI_DrawJoinGameType
0      e2b UI_TeamIndexFromName
0      e66 UI_DrawClanLogo
0      f13 UI_DrawClanCinematic
0     1027 UI_DrawPreviewCinematic
0     1091 UI_DrawSkill
0     10dd UI_DrawGenericNum
0     1121 UI_DrawForceMastery
0     116c UI_DrawSkinColor
0     11d1 UI_DrawForceSide
0     1355 UI_HasSetSaberOnly
0     13d9 UI_AllForceDisabled
0     1400 UI_TrueJediEnabled
0      118 GetNetSourceString
0      13a AssetCache
0      212 _UI_DrawSides
0      268 _UI_DrawTopBottom
0      2be _UI_DrawRect
0      2f0 MenuFontToHandle
0      317 Text_Width
0      335 Text_Height
0      350 Text_Paint
0      3c0 Text_PaintWithCursor
0      497 Text_Paint_Limit
0      58f UI_ShowPostGame
0      5b0 UI_DrawCenteredPic
0     1490 UI_DrawJediNonJedi
0     14f6 UI_DrawTeamName
0     1561 UI_DrawTeamMember
0     163d UI_DrawEffects
0     1665 UI_DrawMapPreview
0     1716 UI_DrawMapTimeToBeat
0     177b UI_DrawMapCinematic
0     185c UI_SetForceDisabled
0     18d2 UpdateForceStatus
0     1ae0 UI_DrawNetSource
0     1b2e UI_DrawNetMapPreview
0     1b7d UI_DrawNetMapCinematic
0     1bd5 UI_DrawNetFilter
0     1c21 UI_DrawTier
0     1c6d UI_DrawTierMap
0     1ceb UI_EnglishMapName
0     1d1d UI_DrawTierMapName
0     1d82 UI_DrawTierGameType
0     1de5 UI_AIFromName
0     1e17 UI_NextOpponent
0     1e6a UI_PriorOpponent
0     1ec1 UI_DrawPlayerLogo
0     1f65 UI_DrawPlayerLogoMetal
0     2009 UI_DrawPlayerLogoName
0     20ad UI_DrawOpponentLogo
0     2151 UI_DrawOpponentLogoMetal
0     21f5 UI_DrawOpponentLogoName
0     2299 UI_DrawAllMapsSelection
0     22e0 UI_DrawOpponentName
0     230d UI_OwnerDrawWidth
0     2612 UI_DrawBotName
0     2657 UI_DrawBotSkill
0     2695 UI_DrawRedBlue
0     26c8 UI_DrawCrosshair
0     2706 UI_BuildPlayerList
0     288d UI_DrawSelectedPlayer
0     28c8 UI_DrawServerRefreshDate
0     299b UI_DrawServerMOTD
0     2ae8 UI_DrawKeyBindStatus
0     2b1f UI_DrawGLInfo
0     2cd4 UI_Version
0     2d14 UI_OwnerDraw
0     3184 UI_OwnerDrawVisible
0     330f UI_Handicap_HandleKey
0     3375 UI_Effects_HandleKey
0     33ea UI_ClanName_HandleKey
0     3474 UI_GameType_HandleKey
0     3543 UI_NetGameType_HandleKey
0     35ce UI_AutoSwitch_HandleKey
0     3629 UI_JoinGameType_HandleKey
0     368c UI_Skill_HandleKey
0     36e9 UI_TeamName_HandleKey
0     3764 UI_TeamMember_HandleKey
0     381a UI_NetSource_HandleKey
0     3886 UI_NetFilter_HandleKey
0     38d8 UI_OpponentName_HandleKey
0     3901 UI_BotName_HandleKey
0     3954 UI_BotSkill_HandleKey
0     39a1 UI_RedBlue_HandleKey
0     39c9 UI_Crosshair_HandleKey
0     3a23 UI_SelectedPlayer_HandleKey
0     3aa1 UI_OwnerDrawHandleKey
0     3cd4 UI_GetValue
0     3cd9 UI_ServersQsortCompare
0     3cf4 UI_ServersSort
0     3d12 UI_LoadMods
0     3d93 UI_LoadMovies
0     3e09 UI_LoadDemos
0     3eb3 UI_SetNextMap
0     3eeb UI_StartSkirmish
0     435a UI_Update
0     4605 UI_DeferMenuScript
0     468d UI_UpdateVideoSetup
0     4770 UI_GetVideoSetup
0     4907 UI_RunMenuScript
0     5574 UI_GetTeamColor
0     5577 UI_MapCountByGameType
0     55fd UI_hasSkinForBase
0     564e UI_HeadCountByTeam
0     57ae UI_HeadCountByColor
0     5804 UI_InsertServerIntoDisplayList
0     584b UI_RemoveServerFromDisplayList
0     5896 UI_BinaryServerInsertion
0     5912 UI_BuildServerDisplayList
0     5ade UI_SortServerStatusInfo
0     5bdf UI_GetServerStatusInfo
0     5f5e stristr
0     5fc0 UI_BuildFindPlayerList
0     623f UI_BuildServerStatus
0     62a0 UI_FeederCount
0     6332 UI_SelectedMap
0     6371 UI_SelectedHead
0     63b0 UI_SelectedTeamHead
0     6418 UI_GetIndexFromSelection
0     6449 UI_UpdatePendingPings
0     645b UI_FeederItemText
0     6886 UI_FeederItemImage
0     6a2e UI_FeederSelection
0     6d2e GameType_Parse
0     6e29 MapList_Parse
0     6f6c UI_ParseGameInfo
0     7002 UI_Pause
0     702d UI_PlayCinematic
0     704c UI_StopCinematic
0     70d9 UI_DrawCinematic
0     70f8 UI_RunCinematicFrame
0     7101 UI_LoadForceConfig_List
0     71d1 UI_BuildQ3Model_List
0     7399 _UI_Init
0     758b _UI_KeyEvent
0     75db _UI_MouseEvent
0     7629 UI_LoadNonIngame
0     764e _UI_SetActiveMenu
0     775e _UI_IsFullscreen
0     7768 UI_ReadableSize
0     781d UI_PrintTime
0     787e Text_PaintCenter
0     78b3 UI_DisplayDownloadInfo
0     7bc9 UI_DrawConnectScreen
0     7d76 UI_RegisterCvars
0     7dab UI_UpdateCvars
0     7dce UI_StopServerRefresh
0     7e0c UI_DoServerRefresh
0     7e6d UI_StartServerRefresh
0     7f40 Com_Error
0     7f62 Com_Printf
0     7f84 UI_ClampCvar
0     7f9e UI_StartDemoLoop
0     7fa8 UI_Argv
0     7fb7 UI_Cvar_VariableString
0     7fc6 UI_SetBestScores
0     8255 UI_LoadBestScores
0     82d9 UI_ClearScores
0     835e UI_Cache_f
0     838f UI_CalcPostGameStats
0     860e UI_ConsoleCommand
0     871c UI_Shutdown
0     871f UI_DrawNamedPic
0     8751 UI_DrawHandlePic
0     87a0 UI_FillRect
0     87cf UI_DrawSides
0     881c UI_DrawTopBottom
0     8869 UI_DrawRect
0     8895 UI_SetColor
0     889e UI_UpdateScreen
0     88a4 UI_DrawTextBox
0     8907 UI_CursorInRect
0     8932 UI_InitForceShaders
0     8a25 UI_DrawForceStars
0     8ad8 UI_UpdateClientForcePowers
0     8b54 UI_TranslateFCFIndex
0     8b69 UI_SaveForceTemplate
0     8c9e UpdateForceUsed
0     8ef9 UI_ReadLegalForce
0     9178 UI_UpdateForcePowers
0     9362 UI_SkinColor_HandleKey
0     93b9 UI_ForceSide_HandleKey
0     947e UI_JediNonJedi_HandleKey
0     953d UI_ForceMaxRank_HandleKey
0     95a3 UI_ForcePowerRank_HandleKey
0     96ed UI_ForceConfigHandle
0     9a39 UI_Alloc
0     9a73 UI_InitMemory
0     9a7c UI_OutOfMemory
0     9a82 hashForString
0     9ac2 String_Alloc
0     9b9b String_Report
0     9be4 String_Init
0     9c28 PC_SourceWarning
0     9c58 PC_SourceError
0     9c88 LerpColor
0     9ce3 Float_Parse
0     9d0f PC_Float_Parse
0     9d64 Color_Parse
0     9d91 PC_Color_Parse
0     9dbe Int_Parse
0     9dea PC_Int_Parse
0     9e42 Rect_Parse
0     9e89 PC_Rect_Parse
0     9ed0 String_Parse
0     9efc PC_String_Parse
0     9f71 PC_Script_Parse
0     9ff3 Init_Display
0     9ffa GradientBar_Paint
0     a040 Window_Init
0     a07c Fade
0     a0ed Window_Paint
0     a437 Item_SetScreenCoords
0     a4cb Item_UpdatePosition
0     a51e Menu_UpdatePosition
0     a575 Menu_PostParse
0     a5a1 Menu_ClearFocus
0     a624 IsVisible
0     a647 Rect_ContainsPoint
0     a68c Menu_ItemsMatchingGroup
0     a6e8 Menu_GetMatchingItemByNumber
0     a755 Script_SetColor
0     a7ef Script_SetAsset
0     a808 Script_SetBackground
0     a82a Menu_FindItemByName
0     a879 Script_SetTeamColor
0     a8ae Script_SetItemColor
0     a987 Script_SetItemRect
0     aa05 Menu_ShowItemByName
0     aa77 Menu_FadeItemByName
0     aaf0 Menus_FindByName
0     ab21 Menus_ShowByName
0     ab39 Menus_OpenByName
0     ab42 Menu_RunCloseScript
0     ab71 Menus_CloseByName
0     abd1 Menus_CloseAll
0     ac07 Script_Show
0     ac27 Script_Hide
0     ac47 Script_FadeIn
0     ac67 Script_FadeOut
0     ac87 Script_Open
0     ac9f Script_Close
0     acc9 Menu_TransitionItemByName
0     adb4 Script_Defer
0     addb Script_RunDeferred
0     adf5 Script_Transition
0     ae57 Menu_OrbitItemByName
0     aec4 Script_Orbit
0     af32 Script_SetFocus
0     afbd Script_SetPlayerModel
0     afdb Script_SetPlayerHead
0     aff9 Script_SetCvar
0     b025 Script_SetCvarToCvar
0     b05e Script_Exec
0     b085 Script_Play
0     b0ae Script_playLooped
0     b0da Item_RunScript
0     b177 Item_EnableShowViaCvar
0     b250 Item_SetFocus
0     b3bc Item_TextScroll_MaxScroll
0     b3eb Item_TextScroll_ThumbPosition
0     b435 Item_TextScroll_ThumbDrawPosition
0     b49e Item_TextScroll_OverLB
0     b586 Item_TextScroll_MouseEnter
0     b5b7 Item_TextScroll_HandleKey
0     b74d Item_ListBox_MaxScroll
0     b7a7 Item_ListBox_ThumbPosition
0     b82e Item_ListBox_ThumbDrawPosition
0     b8f3 Item_Slider_ThumbPosition
0     b98b Item_Slider_OverSlider
0     b9c0 Item_ListBox_OverLB
0     bb8b Item_ListBox_MouseEnter
0     bcc0 Item_MouseEnter
0     bde2 Item_MouseLeave
0     be2e Menu_HitTest
0     be6c Item_SetMouseOver
0     be95 Item_OwnerDraw_HandleKey
0     becf Item_ListBox_HandleKey
0     c3ec Item_YesNo_HandleKey
0     c472 Item_Multi_CountSettings
0     c48a Item_Multi_FindCvarByValue
0     c50f Item_Multi_Setting
0     c5a0 Item_Multi_HandleKey
0     c698 Item_TextField_HandleKey
0     ca1c Scroll_TextScroll_AutoFunc
0     ca79 Scroll_TextScroll_ThumbFunc
0     cb68 Scroll_ListBox_AutoFunc
0     cbc5 Scroll_ListBox_ThumbFunc
0     cd4c Scroll_Slider_ThumbFunc
0     cde6 Item_StartCapture
0     cf5b Item_StopCapture
0     cf5e Item_Slider_HandleKey
0     d05a Item_HandleKey
0     d16a Item_Action
0     d181 Menu_SetPrevCursorItem
0     d257 Menu_SetNextCursorItem
0     d324 Window_CloseCinematic
0     d34c Menu_CloseCinematics
0     d3a0 Display_CloseCinematics
0     d3bd Menus_Activate
0     d414 Display_VisibleMenuCount
0     d43e Menus_HandleOOBClick
0     d501 Item_CorrectedTextRect
0     d529 Menu_HandleKey
0     d84d ToWindowCoords
0     d895 Rect_ToWindowCoords
0     d8aa Item_SetTextExtents
0     da4e Item_TextColor
0     db94 Item_Text_AutoWrapped_Paint
0     dd44 Item_Text_Wrapped_Paint
0     de51 Item_Text_Paint
0     df42 Item_TextField_Paint
0     e0b8 Item_YesNo_Paint
0     e1ec Item_Multi_Paint
0     e2da Controls_GetKeyAssignment
0     e338 Controls_GetConfig
0     e36a Controls_SetConfig
0     e3c1 BindingIDFromName
0     e3ee BindingFromName
0     e475 Item_Slider_Paint
0     e578 Item_Bind_Paint
0     e751 Display_KeyBindPending
0     e757 Item_Bind_HandleKey
0     e962 Item_Model_Paint
0     ea92 Item_Image_Paint
0     ead9 Item_TextScroll_Paint
0     ec6b Item_ListBox_Paint
0     f2a5 Item_OwnerDraw_Paint
0     f56b Item_Paint
0     fb55 Menu_Init
0     fb8c Menu_GetFocusedItem
0     fbcb Menu_GetFocused
0     fc06 Menu_ScrollFeeder
0     fc59 Menu_SetFeederSelection
0     fcee Menus_AnyFullScreenVisible
0     fd22 Menus_ActivateByName
0     fdb1 Item_Init
0     fdca Menu_HandleMouseMove
0     ff22 Menu_Paint
0    1007d Item_ValidateTypeData
0    10141 KeywordHash_Key
0    101a5 KeywordHash_Add
0    101cb KeywordHash_Find
0    10206 ItemParse_name
0    1021f ItemParse_focusSound
0    10247 ItemParse_text
0    10260 ItemParse_descText
0    10279 ItemParse_text2
0    10292 ItemParse_text2alignx
0    102ab ItemParse_text2aligny
0    102c4 ItemParse_group
0    102dd ItemParse_asset_model
0    1031d ItemParse_asset_shader
0    10343 ItemParse_model_origin
0    10389 ItemParse_model_fovx
0    103af ItemParse_model_fovy
0    103d5 ItemParse_model_rotation
0    103fb ItemParse_model_angle
0    1041f ItemParse_rect
0    10438 ItemParse_flag
0    104a3 ItemParse_style
0    104c1 ItemParse_decoration
0    104d4 ItemParse_notselectable
0    104f7 ItemParse_wrapped
0    1050a ItemParse_autowrapped
0    1051d ItemParse_horizontalscroll
0    10530 ItemParse_type
0    1054f ItemParse_elementwidth
0    10575 ItemParse_elementheight
0    1059b ItemParse_feeder
0    105b4 ItemParse_elementtype
0    105e5 ItemParse_columns
0    10688 ItemParse_border
0    106a1 ItemParse_bordersize
0    106ba ItemParse_visible
0    106e2 ItemParse_ownerdraw
0    10701 ItemParse_align
0    1071a ItemParse_textalign
0    10738 ItemParse_textalignx
0    10751 ItemParse_textaligny
0    1076a ItemParse_textscale
0    10783 ItemParse_textstyle
0    1079c ItemParse_backcolor
0    107cb ItemParse_forecolor
0    10808 ItemParse_bordercolor
0    10837 ItemParse_outlinecolor
0    10850 ItemParse_background
0    10876 ItemParse_cinematic
0    1088f ItemParse_doubleClick
0    108c0 ItemParse_onFocus
0    108d9 ItemParse_leaveFocus
0    108f2 ItemParse_mouseEnter
0    1090b ItemParse_mouseExit
0    10924 ItemParse_mouseEnterText
0    1093d ItemParse_mouseExitText
0    10956 ItemParse_action
0    1096f ItemParse_special
0    10988 ItemParse_cvarTest
0    109a1 ItemParse_cvar
0    10a02 ItemParse_font
0    10a21 ItemParse_maxChars
0    10a56 ItemParse_maxPaintChars
0    10a8b ItemParse_maxLineChars
0    10ac0 ItemParse_lineHeight
0    10af6 ItemParse_cvarFloat
0    10b55 ItemParse_cvarStrList
0    10c17 ItemParse_cvarFloatList
0    10cd5 ItemParse_addColorRange
0    10d37 ItemParse_ownerdrawFlag
0    10d5c ItemParse_enableCvar
0    10d7b ItemParse_disableCvar
0    10d9a ItemParse_showCvar
0    10db9 ItemParse_hideCvar
0    10dd8 ItemParse_Appearance_slot
0    10df1 Item_SetupKeywordHash
0    10e1d Item_Parse
0    10e9c Item_TextScroll_BuildLines
0    1103e Item_InitControls
0    1107b MenuParse_font
0    110be MenuParse_name
0    110eb MenuParse_fullscreen
0    11108 MenuParse_rect
0    11123 MenuParse_style
0    11145 MenuParse_visible
0    11171 MenuParse_onOpen
0    1118e MenuParse_onClose
0    111ab MenuParse_onESC
0    111c8 MenuParse_border
0    111e5 MenuParse_borderSize
0    11202 MenuParse_backcolor
0    11235 MenuParse_descAlignment
0    11257 MenuParse_descX
0    11274 MenuParse_descY
0    11291 MenuParse_descScale
0    112ae MenuParse_descColor
0    112e1 MenuParse_forecolor
0    11322 MenuParse_bordercolor
0    11355 MenuParse_focuscolor
0    11388 MenuParse_disablecolor
0    113bb MenuParse_outlinecolor
0    113d8 MenuParse_background
0    11402 MenuParse_cinematic
0    1141f MenuParse_ownerdrawFlag
0    11448 MenuParse_ownerdraw
0    11465 MenuParse_popup
0    1147c MenuParse_outOfBounds
0    11493 MenuParse_soundLoop
0    114b0 MenuParse_fadeClamp
0    114cd MenuParse_fadeAmount
0    114ea MenuParse_fadeCycle
0    11507 MenuParse_itemDef
0    1158c MenuParse_appearanceIncrement
0    115a9 Menu_SetupKeywordHash
0    115d5 Menu_Parse
0    11654 Menu_New
0    11688 Menu_Count
0    1168e Menu_PaintAll
0    11725 Menu_Reset
0    1172b Display_GetContext
0    11731 Display_CaptureItem
0    11766 Display_MouseMove
0    117de Display_CursorType
0    1182a Display_HandleKey
0    11857 Window_CacheContents
0    11890 Item_CacheContents
0    1189d Menu_CacheContents
0    118e9 Display_CacheAll
0    11906 Menu_OverActiveItem
0    119b9 UI_ParseInfos
0    11aa7 UI_LoadArenasFromFile
0    11b27 UI_LoadArenas
0    11d45 UI_LoadBotsFromFile
0    11df6 UI_LoadBots
0    11e77 UI_GetBotInfoByNumber
0    11ea2 UI_GetBotInfoByName
0    11ee1 UI_GetNumBots
0    11ee7 UI_GetBotNameByNumber
0    11f09 BG_LegalizedForcePowers
0    12305 vectoyaw
0    1235f BG_HasYsalamiri
0    1238e BG_CanUseFPNow
0    1240c BG_FindItemForPowerup
0    12448 BG_FindItemForHoldable
0    12482 BG_FindItemForWeapon
0    124b5 BG_FindItem
0    124de BG_PlayerTouchesItem
0    1253e BG_ProperForceIndex
0    12561 BG_CycleForce
0    12639 BG_GetItemIndexByTag
0    12669 BG_CycleInven
0    126d5 BG_CanItemBeGrabbed
0    1293b BG_EvaluateTrajectory
0    12b09 BG_EvaluateTrajectoryDelta
0    12c03 BG_AddPredictableEventToPlayerstate
0    12c3e BG_TouchJumpPad
0    12ca2 BG_PlayerStateToEntityState
0    12fb7 BG_PlayerStateToEntityStateExtraPolate
0    132d9 BG_Alloc
0    13319 BG_AllocUnaligned
0    1334c BG_TempAlloc
0    13384 BG_TempFree
0    133b1 BG_StringAlloc
0    133d4 BG_OutOfMemory
0    133e6 swapfunc
0    1346d med3
0    134f0 qsort
0    138a9 strlen
0    138c4 strcat
0    13907 strcpy
0    1393c strcmp
0    13975 strchr
0    13994 strstr
0    139da tolower
0    139f2 toupper
0    13a0a memmove
0    13a51 tan
0    13a68 srand
0    13a6f rand
0    13a84 atof
0    13b49 _atof
0    13c14 atoi
0    13c8c _atoi
0    13d0e abs
0    13d23 fabs
0    13d38 AddInt
0    13e13 AddFloat
0    13f21 AddString
0    13fb8 vsprintf
0    14150 sscanf
0    141bb Q_rand
0    141d0 Q_random
0    141e2 Q_crandom
0    141f3 VectorCompare
0    1422b VectorLength
0    1425e VectorLengthSquared
0    1428a Distance
0    142cb DistanceSquared
0    14319 VectorNormalizeFast
0    14378 VectorInverse
0    143a0 CrossProduct
0    14419 ClampChar
0    14430 ClampShort
0    14447 DirToByte
0    144a2 ByteToDir
0    144c0 ColorBytes3
0    1452f ColorBytes4
0    145c1 NormalizeColor
0    14637 PlaneFromPoints
0    146f5 RotatePointAroundVector
0    14800 RotateAroundDirection
0    14844 vectoangles
0    14900 AnglesToAxis
0    14935 AxisClear
0    1496c AxisCopy
0    14990 ProjectPointOnPlane
0    14a4b MakeNormalVectors
0    14af6 VectorRotate
0    14b93 Q_rsqrt
0    14bca Q_fabs
0    14bda LerpAngle
0    14c0b AngleSubtract
0    14c30 AnglesSubtract
0    14c7e AngleMod
0    14c90 AngleNormalize360
0    14c9e AngleNormalize180
0    14cb9 AngleDelta
0    14cc9 SetPlaneSignbits
0    14cf6 BoxOnPlaneSide
0    150b7 RadiusFromBounds
0    1510a ClearBounds
0    15141 AddPointToBounds
0    151da VectorNormalize
0    1524a VectorNormalize2
0    152d8 _VectorMA
0    1531a _DotProduct
0    1534f _VectorSubtract
0    15388 _VectorAdd
0    153c1 _VectorCopy
0    153e8 _VectorScale
0    15418 Vector4Scale
0    1545a Q_log2
0    15479 MatrixMultiply
0    1564e AngleVectors
0    15746 PerpendicularVector
0    157b2 Rand_Init
0    157b9 flrand
0    157f4 irand
0    15826 powf
0    15849 GetIDForString
0    1588e GetStringForID
0    158ca Com_Clamp
0    158e4 COM_SkipPath
0    15908 COM_StripExtension
0    1593e COM_DefaultExtension
0    15986 ShortSwap
0    159a6 ShortNoSwap
0    159b1 LongSwap
0    159e4 LongNoSwap
0    159ea Long64Swap
0    15a27 Long64NoSwap
0    15a2f FloatSwap
0    15a45 FloatNoSwap
0    15a4c COM_BeginParseSession
0    15a5e COM_GetCurrentParseLine
0    15a64 COM_Parse
0    15a73 COM_ParseError
0    15a93 COM_ParseWarning
0    15ab3 SkipWhitespace
0    15aea COM_Compress
0    15c3d COM_ParseExt
0    15d89 COM_ParseString
0    15daa COM_ParseInt
0    15dd7 COM_ParseFloat
0    15e04 COM_ParseVec4
0    15e31 COM_MatchToken
0    15e5a SkipBracedSection
0    15e98 SkipRestOfLine
0    15ed0 Parse1DMatrix
0    15f0f Parse2DMatrix
0    15f4a Parse3DMatrix
0    15f8f Q_isprint
0    15fa4 Q_islower
0    15fb9 Q_isupper
0    15fce Q_isalpha
0    15fef Q_strrchr
0    16023 Q_strncpyz
0    1605e Q_stricmpn
0    160e9 Q_strncmp
0    1613b Q_stricmp
0    16163 Q_strlwr
0    16189 Q_strupr
0    161af Q_strcat
0    161db Q_PrintStrlen
0    16233 Q_CleanStr
0    162a1 Com_sprintf
0    162e0 va
0    1630d Info_ValueForKey
0    163ed Info_NextPair
0    1648b Info_RemoveKey
0    1655b Info_RemoveKey_Big
0    1662b Info_Validate
0    16652 Info_SetValueForKey
0    16722 Info_SetValueForKey_Big
0    167ea Q_irand
1       44 numServerFilters
1       48 skillLevels
1       60 teamArenaGameTypes
1       30 uiSkinColor
1       34 serverFilters
1       5c numSkillLevels
1       88 numTeamArenaGameTypes
1       8c netnames
1       9c gamecodetoui
1       b8 uitogamecode
1       f4 frameCount
1       f8 defaultMenu
1       fc handicapValues
1      150 updateModel
1      154 q3Model
1      5a0 gUISelectedMap
1      5a8 serverStatusCvars
1      694 cvarTable
1      de4 cvarTableSize
1      de8 newUI
1      dec uiForceSide
1      df0 uiJediNonJedi
1      df4 uiForceRank
1      df8 uiMaxRank
1      dfc uiMaxPoints
1      e00 uiForceUsed
1      e04 uiForceAvailable
1      e08 gTouchedForce
1      e0c uiForcePowersDisabled
1      e54 uiForcePowersRank
1      e9c uiForcePowerDarkLight
1      ef4 gCustRank
1      ef8 gCustSide
1      efc gCustPowersRank
1      f44 captureFunc
1      f48 captureData
1      f4c itemCapture
1      f50 DC
1      f54 g_waitingForKey
1      f58 g_editingField
1      f5c g_bindItem
1      f60 g_editItem
1      f64 menuCount
1      f68 openMenuCount
1      f6c debugMode
1      f70 lastListBoxClickTime
1      f74 itemFlags
1      f84 styles
1      fa0 alignment
1      fb0 types
1      ff0 strPoolIndex
1      ff4 strHandleCount
1     1000 FPMessageTime
1     1004 ui_deferredScriptItem
1     1008 commandList
1     10c8 scriptCommandCount
1     117c g_bindings
1       d4 numNetSources
1     1a4c itemParseKeywords
1     1dac menuParseKeywords
1     1f60 forceMasteryLevels
1     1f80 forceMasteryPoints
1     1fa0 bgForcePowerCost
1     20c0 forcePowerSorted
1     2108 forcePowerDarkLight
1     2150 WeaponReadyAnim
1     2190 WeaponAttackAnim
1     21d0 bg_itemlist
1     2a8c bg_numItems
1     2ae4 eventnames
1     2c9c bg_poolSize
1     2ca0 bg_poolTail
1     2ca4 WP_MuzzlePoint
1     2d64 weaponData
1     30e4 ammoData
1     310c randSeed
1     3180 vec3_origin
1     318c axisDefault
1     31b0 colorBlack
1     31c0 colorRed
1     31d0 colorGreen
1     31e0 colorBlue
1     31f0 colorYellow
1     3200 colorMagenta
1     3210 colorCyan
1     3220 colorWhite
1     3230 colorLtGrey
1     3240 colorMdGrey
1     3250 colorDkGrey
1     3260 colorLtBlue
1     3270 colorDkBlue
1     3280 g_color_table
1     3300 bytedirs
1     3ab8 holdrand
1     19d4 g_bindCount
2        0 holdSPString
2   4af6fc _stackStart
2   4bf6fc _stackEnd
3     8d60 s_language
3     8e70 ui_realWarmUp
3     8f80 ui_realCaptureLimit
3     9090 ui_recordSPDemo
3     91a0 ui_hudFiles
3     92b0 ui_Q3Model
3     93c0 ui_findPlayer
3     94d0 ui_scoreCaptures
3     95e0 ui_teamName
3     96f0 ui_blueteam8
3     9800 ui_blueteam7
3     9910 ui_blueteam6
3     9a20 ui_blueteam5
3     9b30 ui_blueteam4
3     9c40 ui_blueteam3
3     9d50 ui_blueteam2
3     9e60 ui_blueteam1
3     9f70 ui_blueteam
3     a080 ui_redteam8
3     a190 ui_redteam7
3     a2a0 ui_redteam6
3     a3b0 ui_redteam5
3     a4c0 ui_redteam4
3     a5d0 ui_redteam3
3     a6e0 ui_redteam2
3     a7f0 ui_redteam1
3     a900 ui_redteam
3     aa10 lastLoadingText
3     ae10 lastConnState
3     ae14 parsedFPMessage
3     b214 ui_rankChange
3     b324 startTime
3     b328 ui_initialized
3     b438 ui_debug
3     b548 uiInfo
3    2292c ui_serverStatusTimeOut
3    22a3c ui_bigFont
3    22b4c ui_smallFont
3    22c5c ui_scoreTime
3    22d6c ui_scoreShutoutBonus
3    22e7c ui_scoreSkillBonus
3    22f8c ui_scoreTimeBonus
3    2309c ui_scoreBase
3    231ac ui_scoreTeam
3    232bc ui_scorePerfect
3    233cc ui_scoreScore
3    234dc ui_scoreGauntlets
3    235ec ui_scoreAssists
3    236fc ui_scoreDefends
3    2380c ui_scoreExcellents
3    2391c ui_scoreImpressives
3    23a2c ui_scoreAccuracy
3    23b3c ui_singlePlayerActive
3    23c4c ui_lastServerRefresh_3
3    23d5c ui_lastServerRefresh_2
3    23e6c ui_lastServerRefresh_1
3    23f7c ui_lastServerRefresh_0
3    2408c ui_selectedPlayerName
3    2419c ui_selectedPlayer
3    242ac ui_currentOpponent
3    243bc ui_mapIndex
3    244cc ui_currentNetMap
3    245dc ui_currentMap
3    246ec ui_currentTier
3    247fc ui_menuFiles
3    2490c ui_opponentName
3    24a1c ui_dedicated
3    24b2c ui_serverFilterType
3    24c3c ui_netSource
3    24d4c ui_joinGameType
3    24e5c ui_actualNetGameType
3    24f6c ui_netGameType
3    2507c ui_gameType
3    2518c ui_fragLimit
3    2529c ui_captureLimit
3    253ac ui_cdkeychecked
3    254bc ui_server16
3    255cc ui_server15
3    256dc ui_server14
3    257ec ui_server13
3    258fc ui_server12
3    25a0c ui_server11
3    25b1c ui_server10
3    25c2c ui_server9
3    25d3c ui_server8
3    25e4c ui_server7
3    25f5c ui_server6
3    2606c ui_server5
3    2617c ui_server4
3    2628c ui_server3
3    2639c ui_server2
3    264ac ui_server1
3    265bc ui_marks
3    266cc ui_drawCrosshairNames
3    267dc ui_drawCrosshair
3    268ec ui_browserShowEmpty
3    269fc ui_browserShowFull
3    26b0c ui_browserSortKey
3    26c1c ui_browserGameType
3    26d2c ui_browserMaster
3    26e3c ui_spSelection
3    26f4c ui_spSkill
3    2705c ui_spVideos
3    2716c ui_spAwards
3    2727c ui_spScores5
3    2738c ui_spScores4
3    2749c ui_spScores3
3    275ac ui_spScores2
3    276bc ui_spScores1
3    277cc ui_botsFile
3    278dc ui_arenasFile
3    279ec ui_ctf_friendly
3    27afc ui_ctf_timelimit
3    27c0c ui_ctf_capturelimit
3    27d1c ui_team_friendly
3    27e2c ui_team_timelimit
3    27f3c ui_team_fraglimit
3    2804c ui_selectedModelIndex
3    2815c ui_tourney_timelimit
3    2826c ui_tourney_fraglimit
3    2837c ui_ffa_timelimit
3    2848c ui_ffa_fraglimit
3    28d9c m_entersound
3    28da0 uiForceStarShaders
3    28de8 ui_forcePowerDisable
3    28ef8 ui_freeSaber
3    29008 uiSaberColorShaders
3    2b030 menuParseKeywordHash
3    2b830 itemParseKeywordHash
3    2c030 g_nameBind2
3    2c050 g_nameBind1
3    2c070 ui_deferredScript
3    2c870 strHandle
3    2e870 strPool
3    8e870 outOfMemory
3    8e874 allocPoint
3    8e878 memoryPool
3   28e878 menuStack
3   28e8b8 Menus
3   2a34b8 scrollInfo
3   2a34d8 ui_arenaInfos
3   2a44d8 ui_numArenas
3   2a44dc ui_botInfos
3   2a54dc ui_numBots
3   2a54e0 bg_pool
3   4aeef8 com_lines
3   4aeefc com_parsename
3   4af2fc com_token
